03-06 17:14:51.776 14302 14328 I ...taStorageFactoryImpl: Initializing new DataStorage
03-06 17:14:51.781  8232 13806 I AmazonAppstore.AccountSummaryProviderImpl: isAccountPrepared(null) - using H:e8899180f772a4084e0cec6a435f2fa6
03-06 17:14:51.781  8232 13806 I AmazonAppstore.AccountSummaryProviderImpl: isAccountPrepared() - using H:e8899180f772a4084e0cec6a435f2fa6, returning true
03-06 17:14:51.785 14289 14289 V MetricsServiceConnection: getService : Sent explicit intent to bind to metrics service. Service will be bound asynchronously.
03-06 17:14:51.786 14302 14328 I ...DeviceAttributeCache: Setting device attribute CentralAPK to true
03-06 17:14:51.786 14302 14328 I ...taStorageFactoryImpl: Creating and using new NonCanonicalDataStorage
03-06 17:14:51.790 14302 14328 I ...e.LocalKeyValueStore: Create DE shared preference, OS supports direct boot.
03-06 17:14:51.791 14302 14320 I ContentSyncFramework: Discovered 24 packages with SyncProviders: [ResolveInfo{ff7b3b0 com.amazon.aca/.auth.csf.AuthenticationSyncService m=0x108000}, ResolveInfo{f575229 com.amazon.aca/.sync.ManualSyncService m=0x108000}, ResolveInfo{7eca9ae com.amazon.aca/.common.csf.deviceboot.BootCompleteSyncService m=0x108000}, ResolveInfo{60b734f com.amazon.avod/.sync.syncadapter.ATVSyncService m=0x108000}, ResolveInfo{e1c5adc com.amazon.cloud9.contentservice/.contentsync.SyncService m=0x108000}, ResolveInfo{7e9e7e5 com.amazon.firelauncher/.arcus.LauncherArcusSyncService m=0x108000}, ResolveInfo{35db2ba com.amazon.firelauncher/.weblab.sync.WeblabSyncService m=0x108000}, ResolveInfo{135f56b com.amazon.firelauncher/.recency.RecencyManagerSyncService m=0x108000}, ResolveInfo{8248c8 com.amazon.firelauncher/com.amazon.firecard.deviceclient.csf.DeviceClientSyncService m=0x108000}, ResolveInfo{c561d61 com.amazon.firelauncher/.reccardproducer.SyncService m=0x108000}, ResolveInfo{7a44086 com.amazon.kindle/.sync.SyncService m=0x108000}, ResolveInfo{a3c7d47 com.amazon.venezia/com.amazon.mas.client.appsharing.sync.AppSharingSyncAdapter$SyncService m=0x108000}, ResolveInfo{5d72974 com.amazon.venezia/com.amazon.mas.client.notifications.NotificationSyncAdapter$NotificationSyncService m=0x108000}, ResolveInfo{ef62e9d com.amazon.venezia/com.amazon.mas.client.authentication.sync.AuthenticationSyncAdapter$SyncService m=0x108000}, ResolveInfo{b73df12 com.amazon.venezia/com.amazon.mas.client.ftue.FtueSyncAdapter$SyncService m=0x108000}, ResolveInfo{839a6e3 com.amazon.venezia/com.amazon.mas.client.pfmcor.PfmCorSyncAdapter$SyncService m=0x108000}, ResolveInfo{7f768e0 com.amazon.venezia/com.amazon.mas.client.cmsservice.CmsCorPfmSyncAdapter$SyncService m=0x108000}, ResolveInfo{38c1799 com.amazon.venezia/.backup.pdi.RestoreContentSyncAdapter$SyncService m=0x108000}, ResolveInfo{b2cda5e com.amazon.venezia/.CFR.csf.CFRSyncService m=0x108000}, ResolveInfo{f55ce3f com.amazon.venezia/.foryou.foryousync.ForYouSyncService m=0x108000}, ResolveInfo{1a330c com.amazon.venezia/com.amazon.insider.csf.InsiderSyncService m=0x108000}, ResolveInfo{dfd9455 com.amazon.webapp/com.amazon.kindlestore.contentsync.SyncService m=0x108000}, ResolveInfo{6e83e6a com.audible.application.kindle/.csf.CsfService m=0x108000}, ResolveInfo{3e30f5b com.goodreads.kindle/.csf.SyncService m=0x108000}]
03-06 17:14:51.792  2470  3310 D ProfileVerifier: Current profile: PROFILE_TYPE_ADULT.
03-06 17:14:51.794 14302 14328 I ...rustedPackageManager: Trying to use default signature based package trust logic. This should be on 3P device
03-06 17:14:51.796 14302 14328 I ...rustedPackageManager: Setting package trust logic as: signature based package trust logic
03-06 17:14:51.807 14302 14328 I ...amework.MAPInitTasks: Initialize DataStorage instance
03-06 17:14:51.807 14302 14328 I ...amework.MAPInitTasks: Setup DataStorage instance
03-06 17:14:51.814 14302 14328 I ...e.LocalKeyValueStore: Create DE shared preference, OS supports direct boot.
03-06 17:14:51.815  2470  3310 D UserControlVerifier: Current metric collection switch is: 1
03-06 17:14:51.815  2470  3310 I BatchCreatorManager: addMetricEvent
03-06 17:14:51.815  2470  3310 I BatchCreatorManager: storagePriority: 3
03-06 17:14:51.825 14289 14289 I ...h.device.api.MAPInit: Initializing MAP (130050002 / MAPAndroidLib-1.3.169.0) for app com.amazon.diode. MAP release version: 20210930P
03-06 17:14:51.827  2310  3637 V WakeWordService: DecoderID=WakeWordService_input_decoder: recognition_id=WakeWordService_input_decoder-0: scorer: Score upsampling skip count set to default: 2
03-06 17:14:51.835 14289 14289 W ....diode/MetricsHelper: ThirdParty DCP metrics not supported
03-06 17:14:51.840  8232 13806 I AmazonAppstore.AccountSummaryProviderImpl: isAccountPrepared(null) - using H:e8899180f772a4084e0cec6a435f2fa6
03-06 17:14:51.840  8232 13806 I AmazonAppstore.AccountSummaryProviderImpl: isAccountPrepared() - using H:e8899180f772a4084e0cec6a435f2fa6, returning true
03-06 17:14:51.843 14289 14289 I ...ures.FeatureSetCache: Caching feature IsolateApplication as false
03-06 17:14:51.843 14289 14289 I ....diode/MetricsHelper: FireOS DCP metrics is supported
03-06 17:14:51.843 14289 14289 I ....diode/MetricsHelper: Using the FireOSPlatformDCPMetricsCollector
03-06 17:14:51.845 14289 14289 D AndroidMetricsFactoryImpl: shouldRecordMetrics : First time check recordMetricsSetting
03-06 17:14:51.845 14289 14289 D MetricsServiceWrapper: getRecordMetricsSetting : metrics service is not yet registed with the ServiceManager, use default record Metrics setting: true.
03-06 17:14:51.845 14289 14289 D AndroidMetricsFactoryImpl: shouldRecordMetrics : lastRecordSettingReadTime after IPC call getRecordMetricsSetting : 1646615691845
03-06 17:14:51.850 14289 14289 W MetricsServiceWrapper: record : MetricsService not yet bound. Buffering MetricRecord. Program=com.amazon.diode Source=MAPInit:initialize
03-06 17:14:51.851 14289 14289 I ....diode/MetricsHelper: FireOS Periodic metrics is supported
03-06 17:14:51.853 14289 14289 I ...odicMetricsCollector: Successfully create FireOSPeriodicMetricsCollector.
03-06 17:14:51.854 14289 14289 I ...h.device.api.MAPInit: Running MAPInit on main thread: true
03-06 17:14:51.856  2470  3310 I BatchCreatorManager: addMetricEvent, runningBatch size:20
03-06 17:14:51.859 14289 14289 I ...entralTrustLogicImpl: Current package is: com.amazon.diode. Directly trust central package: com.amazon.imp, since it is system MAP library
03-06 17:14:51.860 14289 14334 I ...entralTrustLogicImpl: Current package is: com.amazon.diode. Directly trust central package: com.amazon.imp, since it is system MAP library
03-06 17:14:51.867 14289 14289 I ...e.LocalKeyValueStore: Create DE shared preference, OS supports direct boot.
03-06 17:14:51.871 14302 14328 I ...amework.MAPInitTasks: Start update legacy authportal domain in database if needed
03-06 17:14:51.873 14289 14335 I ...taStorageFactoryImpl: Creating new DataStorageFactoryImpl
03-06 17:14:51.873 14289 14335 I ...amework.MAPInitTasks: Get DataStorage instance for initialization
03-06 17:14:51.873 14289 14335 I ...taStorageFactoryImpl: Initializing new DataStorage
03-06 17:14:51.878 14289 14289 I ...rustedPackageManager: Trying to use default signature based package trust logic. This should be on 3P device
03-06 17:14:51.878 14289 14289 I ...rustedPackageManager: Setting package trust logic as: signature based package trust logic
03-06 17:14:51.879 14289 14335 I ...DeviceAttributeCache: Setting device attribute CentralAPK to true
03-06 17:14:51.879 14289 14335 I ...taStorageFactoryImpl: Creating and using new NonCanonicalDataStorage
03-06 17:14:51.879 14289 14335 I ...e.LocalKeyValueStore: Create DE shared preference, OS supports direct boot.
03-06 17:14:51.887  8232 13806 I AmazonAppstore.AccountSummaryProviderImpl: isAccountPrepared(null) - using H:e8899180f772a4084e0cec6a435f2fa6
03-06 17:14:51.887  8232 13806 I AmazonAppstore.AccountSummaryProviderImpl: isAccountPrepared() - using H:e8899180f772a4084e0cec6a435f2fa6, returning true
03-06 17:14:51.891 14289 14335 I ...amework.MAPInitTasks: Initialize DataStorage instance
03-06 17:14:51.891 14289 14335 I ...amework.MAPInitTasks: Setup DataStorage instance
03-06 17:14:51.895 14289 14289 I ....diode/MetricsHelper: Using the FireOSPlatformDCPMetricsCollector
03-06 17:14:51.896 14289 14289 W MetricsServiceWrapper: record : MetricsService not yet bound. Buffering MetricRecord. Program=com.amazon.diode Source=CustomerAttributeStore:peekAttribute
03-06 17:14:51.903 14289 14335 I ...e.LocalKeyValueStore: Create DE shared preference, OS supports direct boot.
03-06 17:14:51.911  1884  1901 I com.amazon.imp/f[0]: Using the FireOSPlatformDCPMetricsCollector
03-06 17:14:51.914  1433  1908 I ActivityManager: START u0 {flg=0x10000000 cmp=com.test.myapplication/.MainActivity} from uid 0
03-06 17:14:51.915   301   318 I vendor.mediatek.hardware.power@2.0-impl: powerHintAsync hint:2, data:200
03-06 17:14:51.916   301   317 I libPowerHal: 2: set freq: 1300000, freq max:0
03-06 17:14:51.916   301   317 I libPowerHal: 2: set: 2, set max:4
03-06 17:14:51.917 14289 14289 W MetricsServiceWrapper: record : MetricsService not yet bound. Buffering MetricRecord. Program=com.amazon.diode Source=CustomerAttributeStore:peekAttribute
03-06 17:14:51.918 14289 14289 W MetricsServiceWrapper: record : MetricsService not yet bound. Buffering MetricRecord. Program=DiodeAndroid Source=com.amazon.diode.api.Orchestrator
03-06 17:14:51.930  8232 13806 I AmazonAppstore.AccountSummaryProviderImpl: isAccountPrepared(null) - using H:e8899180f772a4084e0cec6a435f2fa6
03-06 17:14:51.930  8232 13806 I AmazonAppstore.AccountSummaryProviderImpl: isAccountPrepared() - using H:e8899180f772a4084e0cec6a435f2fa6, returning true
03-06 17:14:51.941 14289 14335 I ...amework.MAPInitTasks: Start update legacy authportal domain in database if needed
03-06 17:14:51.942   301   318 I vendor.mediatek.hardware.power@2.0-impl: powerHintAsync hint:8, data:1
03-06 17:14:51.946  2458  2458 I F_C.Launcher: onPause
03-06 17:14:51.962 14289 14289 V MetricsServiceConnection: onServiceConnected : service android.os.BinderProxy@6afe02d
03-06 17:14:51.980  2458  2822 E libEGL  : eglGetFrameTimestampsANDROID:2457 error 3002 (EGL_BAD_ACCESS)
03-06 17:14:51.984  2458  2458 I F_C.Launcher: onWindowFocusChanged: false
03-06 17:14:51.985  2458  2458 I F_C.Launcher: Try to start tutorial
03-06 17:14:51.985  2458  2458 I F_C.Launcher: isActivityStarted: true, isWindowFocused: false, isDeviceAlexaStateInitialized: true
03-06 17:14:52.022  1884  1899 I com.amazon.imp: Background concurrent copying GC freed 26992(1349KB) AllocSpace objects, 2(120KB) LOS objects, 50% free, 1661KB/3MB, paused 164us total 193.084ms
03-06 17:14:52.056 14227 14227 I PeriodicKPIReporter: Shutdown was invoked.
03-06 17:14:52.062 14227 14227 I PeriodicKPIReporter: Shutdown was invoked.
03-06 17:14:52.075 14289 14338 I ...n.diode/SerialNumber: MAP Client side on FireOS 7+ calls IPC to get the DSN.
03-06 17:14:52.079  8232 13806 I AmazonAppstore.AccountSummaryProviderImpl: isAccountPrepared(null) - using H:e8899180f772a4084e0cec6a435f2fa6
03-06 17:14:52.079  8232 13806 I AmazonAppstore.AccountSummaryProviderImpl: isAccountPrepared() - using H:e8899180f772a4084e0cec6a435f2fa6, returning true
03-06 17:14:52.088  1433  1452 W ActivityManager: Slow operation: 132ms so far, now at startProcess: returned from zygote!
03-06 17:14:52.088  1433  1452 W ActivityManager: Slow operation: 132ms so far, now at startProcess: done updating battery stats
03-06 17:14:52.088  1433  1452 W ActivityManager: Slow operation: 133ms so far, now at startProcess: building log message
03-06 17:14:52.088  1433  1452 I ActivityManager: Start proc 14348:com.test.myapplication/u0a180 for activity com.test.myapplication/.MainActivity
03-06 17:14:52.088  1433  1452 W ActivityManager: Slow operation: 133ms so far, now at startProcess: starting to update pids map
03-06 17:14:52.088  1433  1452 W ActivityManager: Slow operation: 133ms so far, now at startProcess: done updating pids map
03-06 17:14:52.095 14302 14327 W on.sync.servic: resources.arsc in APK '/data/app/com.amazon.kindle--4HM-9xXvpInrECN6ZJbXw==/base.apk' is compressed.
03-06 17:14:52.106 14289 14338 I ....diode/MetricsHelper: Using the FireOSPlatformDCPMetricsCollector
03-06 17:14:52.114 14289 14338 I ....diode/MetricsHelper: Using the FireOSPlatformDCPMetricsCollector
03-06 17:14:52.116   301   317 I libPowerHal: 2: set: 1, set max:4
03-06 17:14:52.116   301   317 I libPowerHal: 2: set freq: 0, freq max:0
03-06 17:14:52.117 14348 14348 I t.myapplicatio: Late-enabling -Xcheck:jni
03-06 17:14:52.125 14289 14338 I com.amazonaws.mobileconnectors.remoteconfiguration.clientcontextdecorator.RemoteConfigurationAAugmenting ARCUS client context with MAP R5 attributes
03-06 17:14:52.126 14289 14338 I com.amazonaws.mobileconnectors.remoteconfiguration.clientcontextdecorator.RemoteConfigurationAAugmenting ARCUS client context with system attributes
03-06 17:14:52.197  8232 13806 I AmazonAppstore.AccountSummaryProviderImpl: isAccountPrepared(null) - using H:e8899180f772a4084e0cec6a435f2fa6
03-06 17:14:52.197  8232 13806 I AmazonAppstore.AccountSummaryProviderImpl: isAccountPrepared() - using H:e8899180f772a4084e0cec6a435f2fa6, returning true
03-06 17:14:52.256  8232  8232 I AmazonAppstore.ComradeReceiver: onReceive: package name from intent com.test.myapplication
03-06 17:14:52.294 14302 14327 W on.sync.servic: resources.arsc in APK '/system/priv-app/DeviceClientPlatformContractsFramework/DeviceClientPlatformContractsFramework.apk' is compressed.
03-06 17:14:52.338  1433  6478 W ActivityManager: Slow operation: 59ms so far, now at attachApplicationLocked: after mServices.attachApplicationLocked
03-06 17:14:52.353   296   296 D AudioALSAHardware: +setParameters(): continuous_audio_mode=0
03-06 17:14:52.354   296   296 W AudioALSAHardware: setParameters(), still have param.size() = 1, remain param = "continuous_audio_mode=0"
03-06 17:14:52.354   296   296 D AudioALSAHardware: -setParameters(): continuous_audio_mode=0 
03-06 17:14:52.378  1433  1507 D AmazonWindowMetrics: On window event - Package com.test.myapplication, isDreaming false, state 1, alexaMode 0
03-06 17:14:52.382  1433  1563 W AmazonProfileService: Active profile for the package xxx not present for customer Id xxx
03-06 17:14:52.386  1433  1458 E AmazonProfileService: Active profile has not been set
03-06 17:14:52.405  1251  1251 E FrameEvents: updateAcquireFence: Did not find frame.
03-06 17:14:52.436  1251  1251 I chatty  : uid=1000(system) /system/bin/surfaceflinger identical 2 lines
03-06 17:14:52.453  1251  1251 E FrameEvents: updateAcquireFence: Did not find frame.
03-06 17:14:52.458  2437  2451 I droid.launcher: NativeAlloc concurrent copying GC freed 9834(430KB) AllocSpace objects, 0(0B) LOS objects, 58% free, 1092KB/2MB, paused 959us total 352.231ms
03-06 17:14:52.470  1251  1251 E FrameEvents: updateAcquireFence: Did not find frame.
03-06 17:14:52.486  1251  1251 E FrameEvents: updateAcquireFence: Did not find frame.
03-06 17:14:52.498 14302 14320 I ContentSyncFramework: Found 25 SyncProvider configurations
03-06 17:14:52.503  1251  1251 E FrameEvents: updateAcquireFence: Did not find frame.
03-06 17:14:52.536  1251  1251 I chatty  : uid=1000(system) /system/bin/surfaceflinger identical 2 lines
03-06 17:14:52.553  1251  1251 E FrameEvents: updateAcquireFence: Did not find frame.
03-06 17:14:52.556  1433  1523 E WifiVendorHal: getWifiLinkLayerStats(l.937) failed {.code = ERROR_NOT_SUPPORTED, .description = }
03-06 17:14:52.563  2458 13269 I F_C.PrefetchTrigger: onPrefetchEnd, prefetch is completed? true
03-06 17:14:52.570  1251  1251 E FrameEvents: updateAcquireFence: Did not find frame.
03-06 17:14:52.570  1251  1391 W SurfaceFlinger: Attempting to set client state on removed layer: Surface(name=AppWindowToken{def7203 token=Token{7c362b2 ActivityRecord{6c8fcbd u0 com.amazon.firelauncher/.Launcher t2}}})/@0xf1d881e - animation-leash#0
03-06 17:14:52.570  1251  1391 W SurfaceFlinger: Attempting to set client state on removed layer: Surface(name=AppWindowToken{7c81a5f token=Token{f4642fe ActivityRecord{3d3eb9 u0 com.test.myapplication/.MainActivity t379}}})/@0x15a3de5 - animation-leash#0
03-06 17:14:52.570  1251  1391 W SurfaceFlinger: Attempting to destroy on removed layer: Surface(name=AppWindowToken{def7203 token=Token{7c362b2 ActivityRecord{6c8fcbd u0 com.amazon.firelauncher/.Launcher t2}}})/@0xf1d881e - animation-leash#0
03-06 17:14:52.570  1251  1391 W SurfaceFlinger: Attempting to destroy on removed layer: Surface(name=AppWindowToken{7c81a5f token=Token{f4642fe ActivityRecord{3d3eb9 u0 com.test.myapplication/.MainActivity t379}}})/@0x15a3de5 - animation-leash#0
03-06 17:14:52.611  1251  1288 E BufferQueueProducer: [com.amazon.firelauncher/com.amazon.firelauncher.Launcher#0] disconnect: not connected (req=1)
03-06 17:14:52.613  2458  2822 W libEGL  : EGLNativeWindowType 0x93d2f808 disconnect failed
03-06 17:14:52.646 14302 14320 I ContentSyncFramework: Loaded 25 SyncProvider configurations, cached in: <SyncProviderCache intent:10 periodic:8>
03-06 17:14:52.676  8232 14214 I AmazonAppstore.DemoModule: Providing KOR demo manager
03-06 17:14:52.690  8232 14214 I DemoManagerImpl: false
03-06 17:14:52.707  2458 13269 I F_C.PrefetchTrigger: Schedule prefetch. lastPrefetchStartTime: Sun Mar 06 17:14:52 PST 2022, currentTime: Sun Mar 06 17:14:52 PST 2022, delay: 29903, rescheduleAtJobEnd: true
03-06 17:14:52.726  2458 13269 I F_C.PrefetchJobService: schedule prefetch job with 29903 ms delay from now
03-06 17:14:52.741  2458  2458 I F_C.PrefetchJobService: onStopJob
03-06 17:14:52.755  2458 13269 I F_C.PrefetchJobService: Prefetch job ends after 2780 milliseconds, stopReason: completed, rescheduleMode: true, prefetch requests/processed processed/total cards: 41/41, prefetch requests/processed/downloaded images: 1308/1308/2
03-06 17:14:52.780  2458 13269 D AmazonDownloadManager: unregister observer for id :-1
03-06 17:14:52.818  8232 13806 I AmazonAppstore.BasicDeviceInspector: getDeviceType() called, isChildDeviceTypeUsed = false
03-06 17:14:52.818  8232 13806 I AmazonAppstore.BasicDeviceInspector: child device type special cases did not apply
03-06 17:14:52.828  8232 13806 W Settings: Setting android_id has moved from android.provider.Settings.System to android.provider.Settings.Secure, returning read-only value.
03-06 17:14:52.828  8232 13806 I AmazonAppstore.AccountSummaryProviderImpl: isAccountPrepared(null) - using H:e8899180f772a4084e0cec6a435f2fa6
03-06 17:14:52.828  8232 13806 I AmazonAppstore.AccountSummaryProviderImpl: isAccountPrepared() - using H:e8899180f772a4084e0cec6a435f2fa6, returning true
03-06 17:14:52.833  2470  3256 I MinervaServiceManager: com.amazon.minerva.service.IonMetricEvent@751d5f6
03-06 17:14:52.848  1433  1452 I ActivityManager: Start proc 14367:com.android.providers.downloads/u0a38 for service com.android.providers.downloads/.DownloadJobService
03-06 17:14:52.851  2470  3256 D UserControlVerifier: Current metric collection switch is: 1
03-06 17:14:52.876  2470  3256 I BatchCreatorManager: addMetricEvent
03-06 17:14:52.897  2470  3256 I BatchCreatorManager: storagePriority: 8
03-06 17:14:52.902  2470  3256 I BatchCreatorManager: addMetricEvent, runningBatch size:23
03-06 17:14:52.914 14367 14367 E iders.download: Not starting debugger since process cannot load the jdwp agent.
03-06 17:14:52.985  1433  5818 D ConnectivityService: ConnectivityService NetworkRequestInfo binderDied(NetworkRequest [ TRACK_DEFAULT id=61, [ Capabilities: INTERNET&NOT_RESTRICTED&TRUSTED Unwanted:  Uid: 10167] ], android.os.BinderProxy@cebace3)
03-06 17:14:52.985  1433  5023 D ConnectivityService: ConnectivityService NetworkRequestInfo binderDied(NetworkRequest [ LISTEN id=62, [ Capabilities: INTERNET&NOT_RESTRICTED&TRUSTED&FOREGROUND Unwanted:  Uid: 10167] ], android.os.BinderProxy@997f6e0)
03-06 17:14:52.986  1433  1526 D ConnectivityService: releasing NetworkRequest [ TRACK_DEFAULT id=61, [ Capabilities: INTERNET&NOT_RESTRICTED&TRUSTED Unwanted:  Uid: 10167] ] (release request)
03-06 17:14:52.989  1433  5679 I ActivityManager: Process com.zhiliaoapp.musically (pid 12999) has died: cch+3CEM 
03-06 17:14:52.990 14367 14367 I iders.download: The ClassLoaderContext is a special shared library.
03-06 17:14:52.991  1433  5679 E SELinux : avc:  denied  { log_internal_metric } for  scontext=u:r:untrusted_app_25:s0:c512,c768 tcontext=u:r:system_server:s0 tclass=amazon_policies permissive=0
03-06 17:14:52.993 14367 14367 W iders.download: ClassLoaderContext classpath size mismatch for position 0. expected=0, found=2 (PCL[] | PCL[/system/priv-app/MetricsApi/MetricsApi.apk*86587517:/system/framework/com.amazon.identity.auth.device.jar*317905733])
03-06 17:14:53.008  1433  1453 W libprocessgroup: kill(-12999, 9) failed: No such process
03-06 17:14:53.046  1255  1255 I Zygote  : Process 12999 exited due to signal (9)
03-06 17:14:53.051  1433  1453 W libprocessgroup: kill(-12999, 9) failed: No such process
03-06 17:14:53.052  1433  1453 I libprocessgroup: Successfully killed process cgroup uid 10167 pid 12999 in 60ms
03-06 17:14:53.058  8232 14214 D AmazonAppstore.ForYouSyncUtil: Retrieved value from syncAttributeStore for forYouSyncCompatibleFOSVersion: 5.3.6.3
03-06 17:14:53.093   296  3667 W AudioALSACaptureDataClient: -read(),(Not enough data) ReadDataBytes 256!!
03-06 17:14:53.111 14348 14348 W t.myapplicatio: resources.arsc in APK '/data/app/com.test.myapplication-UhTzfk65QsSd0mqHq6EhAg==/base.apk' is compressed.
03-06 17:14:53.132 14302 14302 V MinervaServiceConnection: onServiceConnected : service android.os.BinderProxy@223573b
03-06 17:14:53.132 14302 14302 V MinervaServiceWrapper: syncClientConfigurationFromRemoteIfNeeded: First time sync.
03-06 17:14:53.139 14302 14329 V MinervaServiceConnection: getService : Sent explicit intent to bind to metrics service. Service will be bound asynchronously.
03-06 17:14:53.139 14302 14329 V MinervaServiceWrapper: syncClientConfigurationFromRemoteIfNeeded: First time sync.
03-06 17:14:53.140 14302 14302 V MinervaServiceWrapper: syncClientConfigurationFromRemoteIfNeeded: synced successfully. lastClientConfigurationReadTime: 1646615693140
03-06 17:14:53.142 14302 14329 V MinervaServiceWrapper: syncClientConfigurationFromRemoteIfNeeded: synced successfully. lastClientConfigurationReadTime: 1646615693142
03-06 17:14:53.148  8232 14214 I AmazonAppstore.ForYouConnectionHelper: Initiating GET request to: https://mas-ssr-ad.amazon.com/gp/masclient/foryou?isForYouEligible=true
03-06 17:14:53.160 14302 14329 I MetricEventSampler: Set local sampling key to 58
03-06 17:14:53.215  2470  4288 I MinervaService: *****record, region:us-east-1, metricGrupId:rng8ejob, schemaId:g108/2/03330400, metricEventId:6eb02b61-c991-4c66-a9e9-51bfa22f4e20, utcTimestamp:1646615693179, localOffsetMinutes:-480, listOfDataPointEnvelopes size:7
03-06 17:14:53.218  2470  4288 I MinervaService: passed permissionCheck()
03-06 17:14:53.218  2470  4288 I MinervaService: metricEvent:com.amazon.minerva.service.IonMetricEvent@f4d3df7
03-06 17:14:53.221  2470  3310 I MinervaService: handleMessageForService.
03-06 17:14:53.221  2470  3310 I MinervaServiceManager: com.amazon.minerva.service.IonMetricEvent@f4d3df7
03-06 17:14:53.234  2470  3310 D ProfileVerifier: Current profile: PROFILE_TYPE_ADULT.
03-06 17:14:53.243  2470  3310 D UserControlVerifier: Current metric collection switch is: 1
03-06 17:14:53.243  2470  3310 I BatchCreatorManager: addMetricEvent
03-06 17:14:53.244  2470  3310 I BatchCreatorManager: storagePriority: 3
03-06 17:14:53.244  2470  3310 I BatchCreatorManager: addMetricEvent, runningBatch size:21
03-06 17:14:53.334  2470  4288 I MinervaService: *****record, region:us-east-1, metricGrupId:rng8ejob, schemaId:g108/2/03330400, metricEventId:a2b88f54-9ddd-4c03-8e43-dbb75a6c4df8, utcTimestamp:1646615693235, localOffsetMinutes:-480, listOfDataPointEnvelopes size:7
03-06 17:14:53.336  2470  4288 I MinervaService: passed permissionCheck()
03-06 17:14:53.336  2470  4288 I MinervaService: metricEvent:com.amazon.minerva.service.IonMetricEvent@ced464
03-06 17:14:53.337  2470  3310 I MinervaService: handleMessageForService.
03-06 17:14:53.337  2470  3310 I MinervaServiceManager: com.amazon.minerva.service.IonMetricEvent@ced464
03-06 17:14:53.352  2470  3310 D ProfileVerifier: Current profile: PROFILE_TYPE_ADULT.
03-06 17:14:53.366  2470  3310 D UserControlVerifier: Current metric collection switch is: 1
03-06 17:14:53.366  2470  3310 I BatchCreatorManager: addMetricEvent
03-06 17:14:53.367  2470  3310 I BatchCreatorManager: storagePriority: 3
03-06 17:14:53.367  2470  3310 I BatchCreatorManager: addMetricEvent, runningBatch size:22
03-06 17:14:53.445  1433  1442 I system_server: NativeAlloc concurrent copying GC freed 144700(5MB) AllocSpace objects, 18(616KB) LOS objects, 22% free, 20MB/26MB, paused 774us total 1.336s
03-06 17:14:53.547  8232 13806 I AmazonAppstore.AccountSummaryProviderImpl: isAccountPrepared(null) - using H:e8899180f772a4084e0cec6a435f2fa6
03-06 17:14:53.547  8232 13806 I AmazonAppstore.AccountSummaryProviderImpl: isAccountPrepared() - using H:e8899180f772a4084e0cec6a435f2fa6, returning true
03-06 17:14:53.588  8232 13806 I AmazonAppstore.AccountSummaryProviderImpl: isAccountPrepared(null) - using H:e8899180f772a4084e0cec6a435f2fa6
03-06 17:14:53.588  8232 13806 I AmazonAppstore.AccountSummaryProviderImpl: isAccountPrepared() - using H:e8899180f772a4084e0cec6a435f2fa6, returning true
03-06 17:14:53.614  8232 13806 I AmazonAppstore.AccountSummaryProviderImpl: isAccountPrepared(null) - using H:e8899180f772a4084e0cec6a435f2fa6
03-06 17:14:53.614  8232 13806 I AmazonAppstore.AccountSummaryProviderImpl: isAccountPrepared() - using H:e8899180f772a4084e0cec6a435f2fa6, returning true
03-06 17:14:53.650 14348 14348 W t.myapplicatio: Accessing hidden method Landroid/view/View;->computeFitSystemWindows(Landroid/graphics/Rect;Landroid/graphics/Rect;)Z (light greylist, reflection)
03-06 17:14:53.654 14348 14348 W t.myapplicatio: Accessing hidden method Landroid/view/ViewGroup;->makeOptionalFitsSystemWindows()V (light greylist, reflection)
03-06 17:14:53.672  8232 13806 I AmazonAppstore.AccountSummaryProviderImpl: isAccountPrepared(null) - using H:e8899180f772a4084e0cec6a435f2fa6
03-06 17:14:53.672  8232 13806 I AmazonAppstore.AccountSummaryProviderImpl: isAccountPrepared() - using H:e8899180f772a4084e0cec6a435f2fa6, returning true
03-06 17:14:53.699  8232 13806 I AmazonAppstore.AccountSummaryProviderImpl: isAccountPrepared(null) - using H:e8899180f772a4084e0cec6a435f2fa6
03-06 17:14:53.699  8232 13806 I AmazonAppstore.AccountSummaryProviderImpl: isAccountPrepared() - using H:e8899180f772a4084e0cec6a435f2fa6, returning true
03-06 17:14:53.736 14367 14367 I DownloadJobService: onStartJob:7259
03-06 17:14:53.737 13518 13591 I ADM     : Retrieving the registration id.
03-06 17:14:53.746  8232 13806 I AmazonAppstore.AccountSummaryProviderImpl: isAccountPrepared(null) - using H:e8899180f772a4084e0cec6a435f2fa6
03-06 17:14:53.746  8232 13806 I AmazonAppstore.AccountSummaryProviderImpl: isAccountPrepared() - using H:e8899180f772a4084e0cec6a435f2fa6, returning true
03-06 17:14:53.749 14367 14367 D DownloadHandler: is network metered: false, is device charging: true
03-06 17:14:53.772  8232 13806 I AmazonAppstore.AccountSummaryProviderImpl: isAccountPrepared(null) - using H:e8899180f772a4084e0cec6a435f2fa6
03-06 17:14:53.772  8232 13806 I AmazonAppstore.AccountSummaryProviderImpl: isAccountPrepared() - using H:e8899180f772a4084e0cec6a435f2fa6, returning true
03-06 17:14:53.780  8232 14214 E System  : TRACE Starting certificate trust
03-06 17:14:53.797  8232 13806 I AmazonAppstore.AccountSummaryProviderImpl: isAccountPrepared(null) - using H:e8899180f772a4084e0cec6a435f2fa6
03-06 17:14:53.797  8232 13806 I AmazonAppstore.AccountSummaryProviderImpl: isAccountPrepared() - using H:e8899180f772a4084e0cec6a435f2fa6, returning true
03-06 17:14:53.799 13638 13650 I ...e.LocalKeyValueStore: Create DE shared preference, OS supports direct boot.
03-06 17:14:53.802  8232 14214 D CRLSetManager: getInstance binder: android.os.BinderProxy@3e8d4eb
03-06 17:14:53.825  2470  4288 I MinervaService: *****record, region:us-east-1, metricGrupId:wghjr439, schemaId:z6of/2/04330400, metricEventId:c22bdcea-6268-463f-a728-e6c36264f127, utcTimestamp:1646615693790, localOffsetMinutes:-480, listOfDataPointEnvelopes size:12
03-06 17:14:53.829 14367 14367 I DownloadHandler: scheduleManageDownloads
03-06 17:14:53.830  2470  4288 I MinervaService: passed permissionCheck()
03-06 17:14:53.830  2470  4288 I MinervaService: metricEvent:com.amazon.minerva.service.IonMetricEvent@61f16cd
03-06 17:14:53.831  2470  3310 I MinervaService: handleMessageForService.
03-06 17:14:53.831  2470  3310 I MinervaServiceManager: com.amazon.minerva.service.IonMetricEvent@61f16cd
03-06 17:14:53.838 13638 13650 D com.amazon.identity.auth.device.authorization.api.CredentialManagerServiceConnection: CredentialManagerServiceConnection created
03-06 17:14:53.838 13638 13650 I com.amazon.identity.auth.device.authorization.api.AmazonCredentialManager: AmazonCredentialManager=1.2.0
03-06 17:14:53.838 13638 13650 D com.amazon.identity.auth.device.authorization.api.AmazonCredentialManager: com.amazon.device.messaging calling getAppId : packageName=com.washingtonpost.rainbow
03-06 17:14:53.838 14367 14388 I DownloadHandler: manageDownloads for uid : 10110
03-06 17:14:53.838 14367 14388 I DownloadHandler: pending download size: 7
03-06 17:14:53.839 13638 13703 D com.amazon.identity.auth.device.authorization.api.AmazonCredentialManager: inside synBindService
03-06 17:14:53.843 13638 13703 D com.amazon.identity.auth.device.authorization.api.AmazonCredentialManager: Attempting to bind to service
03-06 17:14:53.844 13638 13703 D com.amazon.identity.auth.device.authorization.api.AmazonCredentialManager: Attempting to bind to the CredentialManagerService
03-06 17:14:53.837  2470  3310 D ProfileVerifier: Current profile: PROFILE_TYPE_ADULT.
03-06 17:14:53.846 14367 14388 I DownloadHandler: scheduledJobLocked: DownloadInfo:
03-06 17:14:53.846 14367 14388 I DownloadHandler:   mId=7259 mLastMod=1646439458840 mPackage=com.amazon.kindle.kso mUid=10110 
03-06 17:14:53.846 14367 14388 I DownloadHandler:   mMimeType=null mCookies=no mReferer=no mUserAgent=null 
03-06 17:14:53.846 14367 14388 I DownloadHandler:   mDestination=2 
03-06 17:14:53.846 14367 14388 I DownloadHandler:   mStatus=PENDING mVisibility=2 mCurrentBytes=0 mTotalBytes=-1 
03-06 17:14:53.846 14367 14388 I DownloadHandler:   mNumFailed=0 mRetryAfter=0 mETag=null mIsPublicApi=true 
03-06 17:14:53.846 14367 14388 I DownloadHandler:   mAllowedNetworkTypes=2 mAllowRoaming=true mAllowMetered=true mFlags=0 
03-06 17:14:53.847  2470  3310 D UserControlVerifier: Current metric collection switch is: 1
03-06 17:14:53.848  2470  3310 I BatchCreatorManager: addMetricEvent
03-06 17:14:53.848  2470  3310 I BatchCreatorManager: storagePriority: 3
03-06 17:14:53.848  2470  3310 I BatchCreatorManager: addMetricEvent, runningBatch size:23
03-06 17:14:53.852 14367 14388 I DownloadManager: job 7259 is already scheduled
03-06 17:14:53.857 14367 14390 I DownloadManager: networkCallback on available
03-06 17:14:53.857 14367 14388 I DownloadHandler: network type changed, is network metered: false, cached flag: false
03-06 17:14:53.862 13638 13703 D com.amazon.identity.auth.device.authorization.api.AmazonCredentialManager: candidate: com.amazon.identity.auth.device.authorization
03-06 17:14:53.863 13638 13703 I com.amazon.identity.auth.device.authorization.api.AmazonCredentialManager: Signature match succeeded
03-06 17:14:53.871  8232 13806 I AmazonAppstore.AccountSummaryProviderImpl: isAccountPrepared(null) - using H:e8899180f772a4084e0cec6a435f2fa6
03-06 17:14:53.872  8232 13806 I AmazonAppstore.AccountSummaryProviderImpl: isAccountPrepared() - using H:e8899180f772a4084e0cec6a435f2fa6, returning true
03-06 17:14:53.878 13638 13703 D com.amazon.identity.auth.device.authorization.api.AmazonCredentialManager: candidate: com.amazon.identity.auth.device.authorization
03-06 17:14:53.880 13638 13703 I com.amazon.identity.auth.device.authorization.api.AmazonCredentialManager: Signature match succeeded
03-06 17:14:53.880 13638 13703 D com.amazon.identity.auth.device.authorization.api.AmazonCredentialManager: Binding to com.amazon.identity.auth.device.authorization from com.amazon.device.messaging
03-06 17:14:53.902 13731 13731 I com.amazon.identity.auth.device.authorization.AmazonCredentialManagerService: onCreate called
03-06 17:14:53.902 13731 13731 I com.amazon.identity.auth.device.authorization.AmazonCredentialManagerService: onBind called
03-06 17:14:53.906 13638 13638 I com.amazon.identity.auth.device.authorization.MAPServiceConnection: onServiceConnected called
03-06 17:14:53.907 13638 13703 D com.amazon.identity.auth.device.authorization.api.AmazonCredentialManager: Bound to service successfully
03-06 17:14:53.907 13638 13703 D com.amazon.identity.auth.device.authorization.api.AmazonCredentialManager: inside getAppId AsyncTask
03-06 17:14:53.909 13731 13745 D com.amazon.identity.auth.device.authorization.AmazonCredentialManagerService.PII: (pid:13638 | uid:10045) calling getAppId:<obscured>
03-06 17:14:53.909 13731 13745 I com.amazon.identity.auth.device.authorization.utils.ThirdPartyUtils: Getting static context
03-06 17:14:53.909 13731 13745 D com.amazon.identity.auth.device.authorization.appid.FirstPartyAppIdentifier.PII: getAppFamilyId : packageName=:<obscured>
03-06 17:14:53.909 13731 13745 D com.amazon.identity.auth.device.authorization.appid.FirstPartyAppIdentifier.PII: syncAppInfo : packageName=:<obscured>
03-06 17:14:53.909 13731 13745 D com.amazon.identity.auth.device.authorization.appsync.Syncer.PII: Syncing app with device : packageName=:<obscured>
03-06 17:14:53.911 14367 14392 I DownloadManager: [7259] Starting
03-06 17:14:53.911 14367 14392 I DownloadStateLog: INIT
03-06 17:14:53.917 13731 13745 D com.amazon.identity.auth.device.appid.AbstractAppIdentifier.PII: getAppInfoFromAPIKey : packageName=:<obscured>
03-06 17:14:53.917 13731 13745 D com.amazon.identity.auth.device.appid.AbstractAppIdentifier.PII: Finding API Key for :<obscured>
03-06 17:14:53.925   296  3667 W AudioALSACaptureDataClient: -read(),(Not enough data) ReadDataBytes 256!!
03-06 17:14:53.926  8232 13806 I AmazonAppstore.AccountSummaryProviderImpl: isAccountPrepared(null) - using H:e8899180f772a4084e0cec6a435f2fa6
03-06 17:14:53.926  8232 13806 I AmazonAppstore.AccountSummaryProviderImpl: isAccountPrepared() - using H:e8899180f772a4084e0cec6a435f2fa6, returning true
03-06 17:14:53.938  2470  3101 I MinervaService: *****record, region:us-east-1, metricGrupId:wghjr439, schemaId:z6of/2/04330400, metricEventId:4816fb06-61e7-40f8-a665-cf3e9f7299c7, utcTimestamp:1646615693876, localOffsetMinutes:-480, listOfDataPointEnvelopes size:11
03-06 17:14:53.940  2470  3101 I MinervaService: passed permissionCheck()
03-06 17:14:53.940  2470  3101 I MinervaService: metricEvent:com.amazon.minerva.service.IonMetricEvent@3bd5b82
03-06 17:14:53.940  2470  3310 I MinervaService: handleMessageForService.
03-06 17:14:53.940  2470  3310 I MinervaServiceManager: com.amazon.minerva.service.IonMetricEvent@3bd5b82
03-06 17:14:53.942 14367 14392 I DownloadStateLog: 7259 STARTED
03-06 17:14:53.942 14367 14392 I DownloadProvider: update : from 14367 10038
03-06 17:14:53.942 14367 14392 I DownloadProvider: uri:content://downloads/all_downloads/7259 values: total_bytes=-1 current_bytes=0 method=0 numfailed=0 lastmod=1646615693942 status=192
03-06 17:14:53.944  2470  3310 D ProfileVerifier: Current profile: PROFILE_TYPE_ADULT.
03-06 17:14:53.947  2470  3310 D UserControlVerifier: Current metric collection switch is: 1
03-06 17:14:53.959  2470  3310 I BatchCreatorManager: addMetricEvent
03-06 17:14:53.960  8232 13806 I AmazonAppstore.AccountSummaryProviderImpl: isAccountPrepared(null) - using H:e8899180f772a4084e0cec6a435f2fa6
03-06 17:14:53.960  8232 13806 I AmazonAppstore.AccountSummaryProviderImpl: isAccountPrepared() - using H:e8899180f772a4084e0cec6a435f2fa6, returning true
03-06 17:14:53.962  2470  3310 I BatchCreatorManager: storagePriority: 3
03-06 17:14:53.962  2470  3310 I BatchCreatorManager: addMetricEvent, runningBatch size:24
03-06 17:14:53.972  2470  4288 I MinervaService: *****record, region:us-east-1, metricGrupId:wghjr439, schemaId:z6of/2/04330400, metricEventId:95321593-4c2e-49b6-8a68-20e188fe3190, utcTimestamp:1646615693954, localOffsetMinutes:-480, listOfDataPointEnvelopes size:11
03-06 17:14:53.976  2470  4288 I MinervaService: passed permissionCheck()
03-06 17:14:53.976  2470  4288 I MinervaService: metricEvent:com.amazon.minerva.service.IonMetricEvent@20dc293
03-06 17:14:53.976  2470  3310 I MinervaService: handleMessageForService.
03-06 17:14:53.976  2470  3310 I MinervaServiceManager: com.amazon.minerva.service.IonMetricEvent@20dc293
03-06 17:14:53.979 13731 13745 I com.amazon.identity.auth.device.utils.ThirdPartyResourceParser: Attempting to parse API Key from assets directory
03-06 17:14:53.981 14348 14348 W LogFactory: Truncating log tag length as it exceed 23, the limit imposed by Android on certain API Levels
03-06 17:14:53.983  2470  3310 D ProfileVerifier: Current profile: PROFILE_TYPE_ADULT.
03-06 17:14:53.984  2470  3310 D UserControlVerifier: Current metric collection switch is: 1
03-06 17:14:53.985  2470  3310 I BatchCreatorManager: addMetricEvent
03-06 17:14:53.985  2470  3310 I BatchCreatorManager: storagePriority: 3
03-06 17:14:53.985  2470  3310 I BatchCreatorManager: addMetricEvent, runningBatch size:25
03-06 17:14:53.993 13731 13745 D com.amazon.identity.auth.device.appid.APIKeyDecoder.PII: Begin decoding API Key for packageName=:<obscured>
03-06 17:14:54.000  2470  3101 I MinervaService: *****record, region:us-east-1, metricGrupId:wghjr439, schemaId:z6of/2/04330400, metricEventId:6c39063b-ed81-4d51-8d1f-62230b62a2a3, utcTimestamp:1646615693972, localOffsetMinutes:-480, listOfDataPointEnvelopes size:11
03-06 17:14:54.001  8232 13806 I AmazonAppstore.AccountSummaryProviderImpl: isAccountPrepared(null) - using H:e8899180f772a4084e0cec6a435f2fa6
03-06 17:14:54.001  8232 13806 I AmazonAppstore.AccountSummaryProviderImpl: isAccountPrepared() - using H:e8899180f772a4084e0cec6a435f2fa6, returning true
03-06 17:14:54.004 13731 13745 I com.amazon.identity.auth.device.utils.JWTDecoder: Signature match!
03-06 17:14:54.006 13731 13745 D com.amazon.identity.auth.device.appid.APIKeyDecoder.PII: APIKey:<obscured>
03-06 17:14:54.006 13731 13745 D com.amazon.identity.auth.device.appid.APIKeyDecoder.PII: verifyPayload for packageName=:<obscured>
03-06 17:14:54.007 13731 13745 D com.amazon.identity.auth.device.appid.APIKeyDecoder.PII: Validating MD5 signature in API key:<obscured>
03-06 17:14:54.008 13731 13745 I com.amazon.identity.auth.device.utils.PackageSignatureUtil: num sigs = 1
03-06 17:14:54.010 13731 13745 D com.amazon.identity.auth.device.utils.PackageSignatureUtil.PII: Fingerprint checking:<obscured>
03-06 17:14:54.010 13731 13745 I com.amazon.identity.auth.device.appid.APIKeyDecoder: Number of signatures = 1
03-06 17:14:54.010 13731 13745 D com.amazon.identity.auth.device.appid.APIKeyDecoder.PII: Fingerprint checking:<obscured>
03-06 17:14:54.010 13731 13745 D com.amazon.identity.auth.device.appid.APIKeyDecoder.PII: Validating SHA256 signature in API key:<obscured>
03-06 17:14:54.011  2470  3101 I MinervaService: passed permissionCheck()
03-06 17:14:54.011  2470  3101 I MinervaService: metricEvent:com.amazon.minerva.service.IonMetricEvent@1d6d2d0
03-06 17:14:54.011  2470  3310 I MinervaService: handleMessageForService.
03-06 17:14:54.011  2470  3310 I MinervaServiceManager: com.amazon.minerva.service.IonMetricEvent@1d6d2d0
03-06 17:14:54.011  2470  3101 I MinervaService: *****record, region:us-east-1, metricGrupId:wghjr439, schemaId:z6of/2/04330400, metricEventId:41fddc53-4121-453b-8aa5-6700ac196138, utcTimestamp:1646615694003, localOffsetMinutes:-480, listOfDataPointEnvelopes size:11
03-06 17:14:54.012  2470  3101 I MinervaService: passed permissionCheck()
03-06 17:14:54.012  2470  3101 I MinervaService: metricEvent:com.amazon.minerva.service.IonMetricEvent@99352c9
03-06 17:14:54.017 13731 13745 I com.amazon.identity.auth.device.utils.PackageSignatureUtil: num sigs = 1
03-06 17:14:54.019 13731 13745 D com.amazon.identity.auth.device.utils.PackageSignatureUtil.PII: Fingerprint checking:<obscured>
03-06 17:14:54.019 13731 13745 I com.amazon.identity.auth.device.appid.APIKeyDecoder: Number of signatures = 1
03-06 17:14:54.019 13731 13745 D com.amazon.identity.auth.device.appid.APIKeyDecoder.PII: Fingerprint checking:<obscured>
03-06 17:14:54.019 13731 13745 I com.amazon.identity.auth.device.authorization.appsync.Syncer: AppInfo of new package is the same as the old one, not doing anything
03-06 17:14:54.019 13731 13745 D com.amazon.identity.auth.device.authorization.appid.FirstPartyAppIdentifier.PII: getAppInfoFromCacheByPackageName : packageName=:<obscured>
03-06 17:14:54.023 13638 13638 D com.amazon.identity.auth.device.authorization.api.AmazonCredentialManager: candidate: com.amazon.identity.auth.device.authorization
03-06 17:14:54.024 13638 13638 I com.amazon.identity.auth.device.authorization.api.AmazonCredentialManager: Signature match succeeded
03-06 17:14:54.024 13638 13638 D com.amazon.identity.auth.device.authorization.api.AmazonCredentialManager: candidate: com.amazon.identity.auth.device.authorization
03-06 17:14:54.024 14367 14392 I DownloadStateLog: 7259 STATUS:192
03-06 17:14:54.024 13638 13638 I com.amazon.identity.auth.device.authorization.api.AmazonCredentialManager: Signature match succeeded
03-06 17:14:54.024 14367 14392 I DownloadManager: report status: 7259 status: 192
03-06 17:14:54.024 13638 13638 D com.amazon.identity.auth.device.authorization.ThirdPartyServiceHelper: Unbinding pkg=com.amazon.identity.auth.device.authorization
03-06 17:14:54.026 13731 13731 I com.amazon.identity.auth.device.authorization.AmazonCredentialManagerService: onDestroy called
03-06 17:14:54.031  2470  3310 D ProfileVerifier: Current profile: PROFILE_TYPE_ADULT.
03-06 17:14:54.038  2470  3310 D UserControlVerifier: Current metric collection switch is: 1
03-06 17:14:54.038  2470  3310 I BatchCreatorManager: addMetricEvent
03-06 17:14:54.039  2470  3310 I BatchCreatorManager: storagePriority: 3
03-06 17:14:54.039  2470  3310 I BatchCreatorManager: addMetricEvent, runningBatch size:26
03-06 17:14:54.039  2470  3310 I MinervaService: handleMessageForService.
03-06 17:14:54.039  2470  3310 I MinervaServiceManager: com.amazon.minerva.service.IonMetricEvent@99352c9
03-06 17:14:54.041  2470  3310 D ProfileVerifier: Current profile: PROFILE_TYPE_ADULT.
03-06 17:14:54.044  8232 13806 I AmazonAppstore.AccountSummaryProviderImpl: isAccountPrepared(null) - using H:e8899180f772a4084e0cec6a435f2fa6
03-06 17:14:54.044  8232 13806 I AmazonAppstore.AccountSummaryProviderImpl: isAccountPrepared() - using H:e8899180f772a4084e0cec6a435f2fa6, returning true
03-06 17:14:54.046 14367 14392 I DownloadManagerAppCallback: try to notify app: com.amazon.kindle.kso with intent: Intent { act=com.lab126.downloads.AMZ_DOWNLOAD_STATUS_UPDATE pkg=com.amazon.kindle.kso (has extras) }
03-06 17:14:54.078  2470  3310 D UserControlVerifier: Current metric collection switch is: 1
03-06 17:14:54.079  2470  3310 I BatchCreatorManager: addMetricEvent
03-06 17:14:54.079  2470  3310 I BatchCreatorManager: storagePriority: 3
03-06 17:14:54.079  2470  3310 I BatchCreatorManager: addMetricEvent, runningBatch size:27
03-06 17:14:54.120  2470  3101 I MinervaService: *****record, region:us-east-1, metricGrupId:wghjr439, schemaId:z6of/2/04330400, metricEventId:7d9b5c8c-fad0-4b75-8e63-c1d7a0c19a26, utcTimestamp:1646615694082, localOffsetMinutes:-480, listOfDataPointEnvelopes size:11
03-06 17:14:54.121 14348 14348 I System.out: AppPackage:com.test.myapplication
03-06 17:14:54.121 14348 14348 I System.out: SinkMethod:<com.amazonaws.auth.BasicAWSCredentials: void <init>(java.lang.String,java.lang.String)>
03-06 17:14:54.121 14348 14348 I System.out: ArgName:AccessKey
03-06 17:14:54.121 14348 14348 I System.out: AKIAK8XE6TBCHOXC3DQB
03-06 17:14:54.121 14348 14348 I System.out: ArgName:SecretKey
03-06 17:14:54.121 14348 14348 I System.out: JvfpGQflhiIxpm3PIy2qLqQG91qXnMb8gSLkdH21
03-06 17:14:54.124  2470  3101 I MinervaService: passed permissionCheck()
03-06 17:14:54.124  8232 13806 I AmazonAppstore.AccountSummaryProviderImpl: isAccountPrepared(null) - using H:e8899180f772a4084e0cec6a435f2fa6
03-06 17:14:54.124  2470  3101 I MinervaService: metricEvent:com.amazon.minerva.service.IonMetricEvent@769adce
03-06 17:14:54.124  8232 13806 I AmazonAppstore.AccountSummaryProviderImpl: isAccountPrepared() - using H:e8899180f772a4084e0cec6a435f2fa6, returning true
03-06 17:14:54.124  2470  3310 I MinervaService: handleMessageForService.
03-06 17:14:54.124  2470  3310 I MinervaServiceManager: com.amazon.minerva.service.IonMetricEvent@769adce
03-06 17:14:54.129  2470  3310 D ProfileVerifier: Current profile: PROFILE_TYPE_ADULT.
03-06 17:14:54.129  2470  3310 D UserControlVerifier: Current metric collection switch is: 1
03-06 17:14:54.130  2470  3310 I BatchCreatorManager: addMetricEvent
03-06 17:14:54.130  2470  3310 I BatchCreatorManager: storagePriority: 3
03-06 17:14:54.130  2470  3310 I BatchCreatorManager: addMetricEvent, runningBatch size:28
03-06 17:14:54.158 11896 11896 I ADM:com.amazon.android.app.IAmzCallbackService: onStartCommand
03-06 17:14:54.158 11896 14396 I ADM:com.amazon.android.app.IAmzCallbackService: onHandleIntent
03-06 17:14:54.178  8232 13806 I AmazonAppstore.AccountSummaryProviderImpl: isAccountPrepared(null) - using H:e8899180f772a4084e0cec6a435f2fa6
03-06 17:14:54.178  8232 13806 I AmazonAppstore.AccountSummaryProviderImpl: isAccountPrepared() - using H:e8899180f772a4084e0cec6a435f2fa6, returning true
03-06 17:14:54.181  1433  1452 I ActivityManager: Start proc 14398:com.zhiliaoapp.musically/u0a167 for service com.zhiliaoapp.musically/com.adm.push.ADMMessageHandlerJob
03-06 17:14:54.209 14348 14348 E SELinux : avc:  could not determine enforcing mode: Permission denied
03-06 17:14:54.209 14348 14348 E SELinux : Unknown class directtexture
03-06 17:14:54.209 14348 14348 D OpenGLRenderer: Skia GL Pipeline
03-06 17:14:54.216 14398 14398 E aoapp.musicall: Not starting debugger since process cannot load the jdwp agent.
03-06 17:14:54.222  8232 13806 I AmazonAppstore.AccountSummaryProviderImpl: isAccountPrepared(null) - using H:e8899180f772a4084e0cec6a435f2fa6
03-06 17:14:54.222  8232 13806 I AmazonAppstore.AccountSummaryProviderImpl: isAccountPrepared() - using H:e8899180f772a4084e0cec6a435f2fa6, returning true
03-06 17:14:54.250 14367 14392 D NetworkSecurityConfig: Using Network Security Config from resource network_security_config debugBuild: false
03-06 17:14:54.253  8232 13806 I AmazonAppstore.AccountSummaryProviderImpl: isAccountPrepared(null) - using H:e8899180f772a4084e0cec6a435f2fa6
03-06 17:14:54.253  8232 13806 I AmazonAppstore.AccountSummaryProviderImpl: isAccountPrepared() - using H:e8899180f772a4084e0cec6a435f2fa6, returning true
03-06 17:14:54.260  1433  5679 I ActivityManager: Force stopping com.test.myapplication appid=10180 user=0: from pid 14397
03-06 17:14:54.260  1433  5679 I ActivityManager: Killing 14348:com.test.myapplication/u0a180 (adj 0): stop com.test.myapplication
03-06 17:14:54.261  1433  1453 W libprocessgroup: kill(-14348, 9) failed: No such process
03-06 17:14:54.265 14367 14392 D NetworkSecurityConfig: Using Network Security Config from resource network_security_config debugBuild: false
03-06 17:14:54.280 14367 14392 D NetworkSecurityConfig: No Network Security Config specified, using platform default
03-06 17:14:54.281  1433  5679 I ActivityManager:   Force finishing activity ActivityRecord{3d3eb9 u0 com.test.myapplication/.MainActivity t379}
03-06 17:14:54.286  8232 13806 I AmazonAppstore.AccountSummaryProviderImpl: isAccountPrepared(null) - using H:e8899180f772a4084e0cec6a435f2fa6
03-06 17:14:54.286  8232 13806 I AmazonAppstore.AccountSummaryProviderImpl: isAccountPrepared() - using H:e8899180f772a4084e0cec6a435f2fa6, returning true
03-06 17:14:54.305  1433  1453 W libprocessgroup: kill(-14348, 9) failed: No such process
03-06 17:14:54.327  1255  1255 I Zygote  : Process 14348 exited due to signal (9)
03-06 17:14:54.328  1433  5679 I ActivityManager:   Force finishing activity ActivityRecord{3d3eb9 u0 com.test.myapplication/.MainActivity t379 f}
03-06 17:14:54.328  1433  5679 W ActivityManager: Duplicate finish request for ActivityRecord{3d3eb9 u0 com.test.myapplication/.MainActivity t379 f}
03-06 17:14:54.343  1433  1453 W libprocessgroup: kill(-14348, 9) failed: No such process
03-06 17:14:54.343  1433  1453 I libprocessgroup: Successfully killed process cgroup uid 10180 pid 14348 in 82ms
03-06 17:14:54.349  1433  1563 E SELinux : avc:  denied  { log_internal_metric } for  scontext=u:r:untrusted_app_25:s0:c512,c768 tcontext=u:r:system_server:s0 tclass=amazon_policies permissive=0
03-06 17:14:54.353  1251  1251 E FrameEvents: updateAcquireFence: Did not find frame.
03-06 17:14:54.365  1433  1563 W AmazonProfileService: Active profile for the package xxx not present for customer Id xxx
03-06 17:14:54.370  1251  1251 E FrameEvents: updateAcquireFence: Did not find frame.
03-06 17:14:54.378  1433  1507 D AmazonWindowMetrics: On window event - Package com.amazon.firelauncher, isDreaming false, state 1, alexaMode 0
03-06 17:14:54.387  1251  1251 E FrameEvents: updateAcquireFence: Did not find frame.
03-06 17:14:54.399  2458  2822 D mali_winsys: EGLint new_window_surface(egl_winsys_display *, void *, EGLSurface, EGLConfig, egl_winsys_surface **, EGLBoolean) returns 0x3000
03-06 17:14:54.400  2458  2458 I F_C.Launcher: onResume
