03-06 17:14:54.404  1251  1251 E FrameEvents: updateAcquireFence: Did not find frame.
03-06 17:14:54.413  1433  2534 W ActivityManager: Slow operation: 66ms so far, now at attachApplicationLocked: after mServices.attachApplicationLocked
03-06 17:14:54.413  1433  1452 W ActivityManager: Slow operation: 144ms so far, now at startProcess: asking zygote to start proc
03-06 17:14:54.415  1433  1451 W Looper  : Slow dispatch took 154ms android.ui h=com.android.server.am.ActivityManagerService$UiHandler c=null m=53
03-06 17:14:54.420   296 14363 D AudioALSAHardware: +setParameters(): continuous_audio_mode=0
03-06 17:14:54.420   296 14363 W AudioALSAHardware: setParameters(), still have param.size() = 1, remain param = "continuous_audio_mode=0"
03-06 17:14:54.420   296 14363 D AudioALSAHardware: -setParameters(): continuous_audio_mode=0 
03-06 17:14:54.422  1251  1251 E FrameEvents: updateAcquireFence: Did not find frame.
03-06 17:14:54.423  1433  1433 W Looper  : Slow dispatch took 139ms main h=com.android.server.notification.NotificationManagerService$WorkerHandler c=com.android.server.notification.NotificationManagerService$PostNotificationRunnable@23958c3 m=0
03-06 17:14:54.431  2458  2458 I F_C.BaseSearchWidgetCon: setActiveSpec(), currentPage: 1
03-06 17:14:54.432  2458  2458 I F_C.BaseSearchWidgetCon: Valid spec
03-06 17:14:54.432  2458  2458 I F_C.BaseSearchWidgetCon: Calling onResume()
03-06 17:14:54.432  1433  1433 W TelecomManager: Telecom Service not found.
03-06 17:14:54.437  1251  1251 E FrameEvents: updateAcquireFence: Did not find frame.
03-06 17:14:54.453  2458  2458 I F_C.CachedDownloadedTog: Network connected: true.
03-06 17:14:54.453  2458  2458 I F_C.CachedDownloadedTog: Connected to network, enabling downloaded toggle
03-06 17:14:54.453  2458  2458 I F_C.LibraryDownloadedTo: Library contains populated section cards, showing toggle
03-06 17:14:54.453  2458  2458 I F_C.LibraryAdapter: Showing fixed view DOWNLOADED_TOGGLE
03-06 17:14:54.454  2458  2458 I F_C.OfflineMessageViewM: updateVisibility of offline message.
03-06 17:14:54.454  2458  2458 I F_C.OfflineMessageViewM: Device registered: true, Network connected: true.
03-06 17:14:54.454  2458  2458 I F_C.OfflineMessageViewM: Hide offline message.
03-06 17:14:54.454  2458  2458 I F_C.LibraryAdapter: Hiding fixed view OFFLINE_MESSAGE
03-06 17:14:54.454  1251  1251 E FrameEvents: updateAcquireFence: Did not find frame.
03-06 17:14:54.454  2458  2458 I F_C.LibraryAdapter: Hiding fixed view PARENTAL_CONTROL_EMPTY
03-06 17:14:54.454  2458  2458 I F_C.RegisterMessageView: updateVisibility of registration message.
03-06 17:14:54.454  2458  2458 I F_C.RegisterMessageView: Hiding register message.
03-06 17:14:54.455  2458  2458 I F_C.LibraryAdapter: Hiding fixed view REGISTER_MESSAGE
03-06 17:14:54.460  8232 14214 I AmazonAppstore.ForYouSyncAdapter: Clear For You movies and shows
03-06 17:14:54.463  1433  1458 I ActivityManager: Displayed com.amazon.firelauncher/.Launcher: +57ms
03-06 17:14:54.466  2458  2458 D F_C.Launcher: Choreographer first frame callback
03-06 17:14:54.470  1251  1251 E FrameEvents: updateAcquireFence: Did not find frame.
03-06 17:14:54.488  1251  1251 E FrameEvents: updateAcquireFence: Did not find frame.
03-06 17:14:54.493  8232 13806 I AmazonAppstore.AccountSummaryProviderImpl: isAccountPrepared(null) - using H:e8899180f772a4084e0cec6a435f2fa6
03-06 17:14:54.493  8232 13806 I AmazonAppstore.AccountSummaryProviderImpl: isAccountPrepared() - using H:e8899180f772a4084e0cec6a435f2fa6, returning true
03-06 17:14:54.497 14398 14398 I aoapp.musicall: The ClassLoaderContext is a special shared library.
03-06 17:14:54.497  8232 14214 I AmazonAppstore.MagazineUtilities: Clearing card : [Movies For You, Shows For You]
03-06 17:14:54.504  1251  1251 E FrameEvents: updateAcquireFence: Did not find frame.
03-06 17:14:54.507  1251  2147 W SurfaceFlinger: Attempting to set client state on removed layer: Splash Screen com.test.myapplication#0
03-06 17:14:54.507  1251  2147 W SurfaceFlinger: Attempting to destroy on removed layer: Splash Screen com.test.myapplication#0
03-06 17:14:54.513  8232 14214 I F_C.ProducerClientCompa: Producer com.amazon.venezia at API version BrazilVersion(1.5).
03-06 17:14:54.540 14423 14423 I t.myapplicatio: Late-enabling -Xcheck:jni
03-06 17:14:54.546  2458  2458 I F_C.Launcher: onWindowFocusChanged: true
03-06 17:14:54.546  2458  2458 I F_C.Launcher: Try to start tutorial
03-06 17:14:54.546  2458  2458 I F_C.Launcher: isActivityStarted: true, isWindowFocused: true, isDeviceAlexaStateInitialized: true
03-06 17:14:54.546  2458  2458 I F_C.LauncherTutorialCon: startTutorial, pabloEnabled = true
03-06 17:14:54.547  2458  2458 I F_C.LauncherTutorialCon: No tutorial needs to be resumed
03-06 17:14:54.547  2458  2458 I F_C.LauncherTutorialCon: getIncompleteTutorials
03-06 17:14:54.558  1433  1452 W ActivityManager: Slow operation: 288ms so far, now at startProcess: returned from zygote!
03-06 17:14:54.558  2458  2458 I F_C.AlexaWwTutorialMode: isCompleted(): 2
03-06 17:14:54.558  1433  1452 W ActivityManager: Slow operation: 289ms so far, now at startProcess: done updating battery stats
03-06 17:14:54.558  1433  1452 W ActivityManager: Slow operation: 289ms so far, now at startProcess: building log message
03-06 17:14:54.558  2458  2458 I F_C.AlexaTutorialMode: isCompleted() - isCompleted: true, triggered: true
03-06 17:14:54.559  2458  2458 I F_C.LauncherTutorialCon: Check ALEXA_TUTORIAL, isCompleted: true
03-06 17:14:54.559  1433  1452 I ActivityManager: Start proc 14423:com.test.myapplication/u0a180 for activity com.test.myapplication/.MainActivity
03-06 17:14:54.559  1433  1452 W ActivityManager: Slow operation: 289ms so far, now at startProcess: starting to update pids map
03-06 17:14:54.559  1433  1452 W ActivityManager: Slow operation: 289ms so far, now at startProcess: done updating pids map
03-06 17:14:54.559  2458  2822 E libEGL  : eglGetFrameTimestampsANDROID:2457 error 3002 (EGL_BAD_ACCESS)
03-06 17:14:54.560  2458  2458 I F_C.AlexaWwTutorialMode: isCompleted(): 2
03-06 17:14:54.560  2458  2458 I F_C.AlexaTutorialMode: isCompleted() - isCompleted: true, triggered: true
03-06 17:14:54.560  2458  2458 I F_C.LauncherTutorialCon: All tutorials have been shown, not showing tutorials
03-06 17:14:54.571   301   318 I vendor.mediatek.hardware.power@2.0-impl: powerHintAsync hint:8, data:0
03-06 17:14:54.587  2470  3256 I MinervaServiceManager: com.amazon.minerva.service.IonMetricEvent@cbd9201
03-06 17:14:54.599  2470  3256 D UserControlVerifier: Current metric collection switch is: 1
03-06 17:14:54.600  2470  3256 I BatchCreatorManager: addMetricEvent
03-06 17:14:54.601  2470  3256 I BatchCreatorManager: storagePriority: 8
03-06 17:14:54.601  2470  3256 I BatchCreatorManager: addMetricEvent, runningBatch size:24
03-06 17:14:54.601  1251  1545 W SurfaceFlinger: Attempting to destroy on removed layer: AppWindowToken{7c81a5f token=Token{f4642fe ActivityRecord{3d3eb9 u0 com.test.myapplication/.MainActivity t379}}}#0
03-06 17:14:54.618  8232 14214 I F_C.ProducerClientCompa: Connected to ServerInfo(CDA Version: BrazilVersion(1.4.1356.0), Min. Producer: BrazilVersion(1.0), Delete All: true)
03-06 17:14:54.644  8232 13806 I AmazonAppstore.AccountSummaryProviderImpl: isAccountPrepared(null) - using H:e8899180f772a4084e0cec6a435f2fa6
03-06 17:14:54.645  8232 13806 I AmazonAppstore.AccountSummaryProviderImpl: isAccountPrepared() - using H:e8899180f772a4084e0cec6a435f2fa6, returning true
03-06 17:14:54.675  1738  1738 W NotificationEntryMgr: removeNotification for unknown key: 0|com.amazon.kindle.kso|1|null|10110
03-06 17:14:54.681  1433  1444 W ActivityManager: getTaskSnapshot: taskId=379 not found
03-06 17:14:54.693  8232 13806 I AmazonAppstore.AccountSummaryProviderImpl: isAccountPrepared(null) - using H:e8899180f772a4084e0cec6a435f2fa6
03-06 17:14:54.694  8232 13806 I AmazonAppstore.AccountSummaryProviderImpl: isAccountPrepared() - using H:e8899180f772a4084e0cec6a435f2fa6, returning true
03-06 17:14:54.732  8232 13806 I AmazonAppstore.AccountSummaryProviderImpl: isAccountPrepared(null) - using H:e8899180f772a4084e0cec6a435f2fa6
03-06 17:14:54.732  8232 13806 I AmazonAppstore.AccountSummaryProviderImpl: isAccountPrepared() - using H:e8899180f772a4084e0cec6a435f2fa6, returning true
03-06 17:14:54.768  8232 13806 I AmazonAppstore.AccountSummaryProviderImpl: isAccountPrepared(null) - using H:e8899180f772a4084e0cec6a435f2fa6
03-06 17:14:54.768  8232 13806 I AmazonAppstore.AccountSummaryProviderImpl: isAccountPrepared() - using H:e8899180f772a4084e0cec6a435f2fa6, returning true
03-06 17:14:54.794  8232 13806 I AmazonAppstore.AccountSummaryProviderImpl: isAccountPrepared(null) - using H:e8899180f772a4084e0cec6a435f2fa6
03-06 17:14:54.795  8232 13806 I AmazonAppstore.AccountSummaryProviderImpl: isAccountPrepared() - using H:e8899180f772a4084e0cec6a435f2fa6, returning true
03-06 17:14:54.808  2458  4398 I F_C.CardAgentSynchroniz: Throttling producer refresh
03-06 17:14:54.831  8232 13806 I AmazonAppstore.AccountSummaryProviderImpl: isAccountPrepared(null) - using H:e8899180f772a4084e0cec6a435f2fa6
03-06 17:14:54.831  8232 13806 I AmazonAppstore.AccountSummaryProviderImpl: isAccountPrepared() - using H:e8899180f772a4084e0cec6a435f2fa6, returning true
03-06 17:14:54.848  2458  4398 I F_C.CardProvider: Starting batch operation
03-06 17:14:54.849  2458  4398 I F_C.CardProvider: decomposeBatchOperations(2 ops)
03-06 17:14:54.854  1738  1748 I ndroid.systemu: NativeAlloc concurrent copying GC freed 2593(215KB) AllocSpace objects, 0(0B) LOS objects, 50% free, 5MB/11MB, paused 165us total 306.553ms
03-06 17:14:54.861  2458  4398 I F_C.CardProvider:  - replaceAll not detected
03-06 17:14:54.863  2458  4398 I F_C.CardProvider: 1th op as delete is not supported for decomposition
03-06 17:14:54.865  2458  4398 I F_C.CardProvider: delete(ParsedUri(PRODUCER=com.amazon.venezia, CARD=717659211), null, 3392903), batched: true
03-06 17:14:54.868  2458  4398 I F_C.CardProvider: delete(ParsedUri(PRODUCER=com.amazon.venezia, CARD=1670077150), null, 3392903), batched: true
03-06 17:14:54.869  2458  4398 I F_C.CardProvider: We have 2 results from decomposedOperations.
03-06 17:14:54.869  2458  4398 I F_C.CardProvider: Decomposition not applied
03-06 17:14:54.870  2458  4398 I F_C.CardProvider: Completed batch operation
03-06 17:14:54.928  8232 14214 I AmazonAppstore.AccountSummaryProviderImpl: isAccountPrepared(null) - using H:e8899180f772a4084e0cec6a435f2fa6
03-06 17:14:54.928  8232 14214 I AmazonAppstore.AccountSummaryProviderImpl: isAccountPrepared() - using H:e8899180f772a4084e0cec6a435f2fa6, returning true
03-06 17:14:54.928  8232 14214 I AmazonAppstore.ForYouVideosCardProducer: Updating Installed Asins.
03-06 17:14:54.954  8232 14214 I AmazonAppstore.AndroidKeystoreKeyProvider: Key already initialized in Keystore
03-06 17:14:54.954  8232 14214 I AmazonAppstore.DeviceInformation: Requesting device type from MAP
03-06 17:14:54.954  8232 14214 I AmazonAppstore.DeviceInformation: Requesting device type from MAP
03-06 17:14:54.955  8232 14214 I AmazonAppstore.MigrationHelper: Migration status - true
03-06 17:14:54.973 14367 14392 E System  : TRACE Starting certificate trust
03-06 17:14:54.978 14367 14392 D CRLSetManager: getInstance binder: android.os.BinderProxy@1bd73f8
03-06 17:14:55.038 14398 14398 I KEVA.NATIVE: alog init successed
03-06 17:14:55.063  2310  2310 I SPCH-SIM_PowerManagerWrapper: releaseWakeLockIfHeld isHeld=false
03-06 17:14:55.063  2310  2310 I SPCH-SIM_PowerManagerWrapper: acquireWakeLock with duration
03-06 17:14:55.098  1433  1444 I ActivityManager: Force stopping com.test.myapplication appid=10180 user=0: clear data
03-06 17:14:55.099  1433  1444 I ActivityManager: Killing 14423:com.test.myapplication/u0a180 (adj 901): stop com.test.myapplication
03-06 17:14:55.106  2310  3637 V WakeWordService: DecoderID=WakeWordService_input_decoder: recognition_id=WakeWordService_input_decoder-0: scorer: Score upsampling skip count set to fallback: 5
03-06 17:14:55.101  1433  1453 W libprocessgroup: kill(-14423, 9) failed: No such process
03-06 17:14:55.114  2310  3637 V WakeWordService: DecoderID=WakeWordService_input_decoder: recognition_id=WakeWordService_input_decoder-0: scorer: Score upsampling skip count set to default: 2
03-06 17:14:55.118  1433  1450 I ActivityManager: Force stopping com.test.myapplication appid=10180 user=-1: clearApplicationUserData
03-06 17:14:55.121  2310  3637 V WakeWordService: DecoderID=WakeWordService_input_decoder: recognition_id=WakeWordService_input_decoder-0: scorer: Score upsampling skip count set to fallback: 5
03-06 17:14:55.127  2310  3637 V WakeWordService: DecoderID=WakeWordService_input_decoder: recognition_id=WakeWordService_input_decoder-0: scorer: Score upsampling skip count set to default: 2
03-06 17:14:55.128  1433  1444 I ConditionProviders: Disallowing condition provider com.test.myapplication
03-06 17:14:55.134  2310  3637 V WakeWordService: DecoderID=WakeWordService_input_decoder: recognition_id=WakeWordService_input_decoder-0: scorer: Score upsampling skip count set to fallback: 5
03-06 17:14:55.134  1260  1260 I keystore: clear_uid 10180
03-06 17:14:55.151  1433  1453 W libprocessgroup: kill(-14423, 9) failed: No such process
03-06 17:14:55.189  1255  1255 I Zygote  : Process 14423 exited due to signal (9)
03-06 17:14:55.199  1433  1453 W libprocessgroup: kill(-14423, 9) failed: No such process
03-06 17:14:55.200  1433  1453 I libprocessgroup: Successfully killed process cgroup uid 10180 pid 14423 in 99ms
03-06 17:14:55.213  2458  2822 E libEGL  : eglGetFrameTimestampsANDROID:2457 error 3002 (EGL_BAD_ACCESS)
03-06 17:14:55.215  1702  1702 V NewAvrcpMediaPlayerList: mPackageChangedBroadcastReceiver: action: android.intent.action.PACKAGE_DATA_CLEARED
03-06 17:14:55.231  2458  2822 E libEGL  : eglGetFrameTimestampsANDROID:2457 error 3002 (EGL_BAD_ACCESS)
03-06 17:14:55.241   296  3667 W AudioALSACaptureDataClient: -read(),(Not enough data) ReadDataBytes 256!!
03-06 17:14:55.260 14227 14227 I PeriodicKPIReporter: Shutdown was invoked.
03-06 17:14:55.279 14227 14227 I PeriodicKPIReporter: Shutdown was invoked.
03-06 17:14:55.286  8232  8232 I AmazonAppstore.ComradeReceiver: onReceive: package name from intent com.test.myapplication
03-06 17:14:55.325  2310  3507 I SPCH-SIM_PowerManagerWrapper: releaseWakeLockIfHeld isHeld=true
03-06 17:14:55.351 14367 14392 I DownloadProvider: update : from 14367 10038
03-06 17:14:55.351 14367 14392 I DownloadProvider: uri:content://downloads/all_downloads/7259 values: current_bytes=0 method=0 total_bytes=289407 mimetype=application/x-apg-zip etag="3f49b8e28acc133649373f35887cb56c" numfailed=0 lastmod=1646615695350 status=192
03-06 17:14:55.370  8232 13806 I AmazonAppstore.BasicDeviceInspector: getDeviceType() called, isChildDeviceTypeUsed = false
03-06 17:14:55.370  8232 13806 I AmazonAppstore.BasicDeviceInspector: child device type special cases did not apply
03-06 17:14:55.371  8232 13806 W Settings: Setting android_id has moved from android.provider.Settings.System to android.provider.Settings.Secure, returning read-only value.
03-06 17:14:55.372  8232 13806 I AmazonAppstore.AccountSummaryProviderImpl: isAccountPrepared(null) - using H:e8899180f772a4084e0cec6a435f2fa6
03-06 17:14:55.372  8232 13806 I AmazonAppstore.AccountSummaryProviderImpl: isAccountPrepared() - using H:e8899180f772a4084e0cec6a435f2fa6, returning true
03-06 17:14:55.391 14243 14266 I oid.documentsu: Waiting for a blocking GC ProfileSaver
03-06 17:14:55.398 14243 14266 I oid.documentsu: WaitForGcToComplete blocked ProfileSaver on AddRemoveAppImageSpace for 6.693ms
03-06 17:14:55.416 14398 14398 W aoapp.musicall: Class com.google.android.play.core.d.a failed lock verification and will run slower.
03-06 17:14:55.417 14398 14398 W aoapp.musicall: Common causes for lock verification issues are non-optimized dex code
03-06 17:14:55.417 14398 14398 W aoapp.musicall: and incorrect proguard optimizations.
03-06 17:14:55.429 14367 14392 I DownloadManager: Start single threaded downloading for 7259
03-06 17:14:55.439  2470  2508 I MinervaService: *****record, region:us-east-1, metricGrupId:a0rk0jmc, schemaId:iowr/2/05330400, metricEventId:64540f5b-699c-4a1b-a97c-2364743d913e, utcTimestamp:1646615695435, localOffsetMinutes:-480, listOfDataPointEnvelopes size:10
03-06 17:14:55.441  2470  2508 I MinervaService: passed permissionCheck()
03-06 17:14:55.442  2470  2508 I MinervaService: metricEvent:com.amazon.minerva.service.IonMetricEvent@cf9a8a6
03-06 17:14:55.442  2470  3310 I MinervaService: handleMessageForService.
03-06 17:14:55.442  2470  3310 I MinervaServiceManager: com.amazon.minerva.service.IonMetricEvent@cf9a8a6
03-06 17:14:55.454  2470  3310 D ProfileVerifier: Current profile: PROFILE_TYPE_ADULT.
03-06 17:14:55.457  2470  3101 I MinervaService: *****record, region:us-east-1, metricGrupId:a0rk0jmc, schemaId:iowr/2/05330400, metricEventId:eb892cc4-5357-4a54-a48d-f0fafd326fd4, utcTimestamp:1646615695456, localOffsetMinutes:-480, listOfDataPointEnvelopes size:10
03-06 17:14:55.458  2470  3101 I MinervaService: passed permissionCheck()
03-06 17:14:55.458  2470  3101 I MinervaService: metricEvent:com.amazon.minerva.service.IonMetricEvent@e1392e7
03-06 17:14:55.469  2470  3101 I MinervaService: *****record, region:us-east-1, metricGrupId:i5pk8m01, schemaId:xtmw/2/04330400, metricEventId:03291a51-1575-465f-88fc-c4aee9709a8a, utcTimestamp:1646615695462, localOffsetMinutes:-480, listOfDataPointEnvelopes size:10
03-06 17:14:55.471  2470  3101 I MinervaService: passed permissionCheck()
03-06 17:14:55.472  2470  3101 I MinervaService: metricEvent:com.amazon.minerva.service.IonMetricEvent@ac21e94
03-06 17:14:55.491  2470  3310 D UserControlVerifier: Current metric collection switch is: 1
03-06 17:14:55.492  2470  3310 I BatchCreatorManager: addMetricEvent
03-06 17:14:55.492  2470  3310 I BatchCreatorManager: storagePriority: 3
03-06 17:14:55.492  2470  3310 I BatchCreatorManager: addMetricEvent, runningBatch size:29
03-06 17:14:55.492  2470  3310 I MinervaService: handleMessageForService.
03-06 17:14:55.492  2470  3310 I MinervaServiceManager: com.amazon.minerva.service.IonMetricEvent@e1392e7
03-06 17:14:55.496  2470  3310 D ProfileVerifier: Current profile: PROFILE_TYPE_ADULT.
03-06 17:14:55.506 14398 14445 W bytehook_tag: bytehook init, mode 0, debug 0, return 0
03-06 17:14:55.510  2470  4288 I MinervaService: *****record, region:us-east-1, metricGrupId:a0rk0jmc, schemaId:iowr/2/05330400, metricEventId:785c756d-479b-485d-9010-581dee56f025, utcTimestamp:1646615695470, localOffsetMinutes:-480, listOfDataPointEnvelopes size:10
03-06 17:14:55.513  2470  3310 D UserControlVerifier: Current metric collection switch is: 1
03-06 17:14:55.513  2470  4288 I MinervaService: passed permissionCheck()
03-06 17:14:55.514  2470  3310 I BatchCreatorManager: addMetricEvent
03-06 17:14:55.514  2470  3310 I BatchCreatorManager: storagePriority: 3
03-06 17:14:55.514  2470  4288 I MinervaService: metricEvent:com.amazon.minerva.service.IonMetricEvent@4704d3d
03-06 17:14:55.514  2470  3310 I BatchCreatorManager: addMetricEvent, runningBatch size:30
03-06 17:14:55.514  2470  3310 I MinervaService: handleMessageForService.
03-06 17:14:55.514  2470  3310 I MinervaServiceManager: com.amazon.minerva.service.IonMetricEvent@ac21e94
03-06 17:14:55.515  2310  3637 V WakeWordService: DecoderID=WakeWordService_input_decoder: recognition_id=WakeWordService_input_decoder-0: scorer: Score upsampling skip count set to default: 2
03-06 17:14:55.531  2470  3310 D ProfileVerifier: Current profile: PROFILE_TYPE_ADULT.
03-06 17:14:55.538  1433  5679 I ActivityManager: START u0 {flg=0x10000000 cmp=com.test.myapplication/.MainActivity} from uid 0
03-06 17:14:55.539   301   318 I vendor.mediatek.hardware.power@2.0-impl: powerHintAsync hint:2, data:200
03-06 17:14:55.540 14398 14466 D stune   : done with address: 0xb066b70c 16
03-06 17:14:55.543   301   317 I libPowerHal: 2: set freq: 1300000, freq max:0
03-06 17:14:55.543   301   317 I libPowerHal: 2: set: 2, set max:4
03-06 17:14:55.545  2470  3310 D UserControlVerifier: Current metric collection switch is: 1
03-06 17:14:55.552  2470  3310 I BatchCreatorManager: addMetricEvent
03-06 17:14:55.552  2470  3310 I BatchCreatorManager: storagePriority: 3
03-06 17:14:55.552  2470  3310 I BatchCreatorManager: addMetricEvent, runningBatch size:31
03-06 17:14:55.552  2470  3310 I MinervaService: handleMessageForService.
03-06 17:14:55.552  2470  3310 I MinervaServiceManager: com.amazon.minerva.service.IonMetricEvent@4704d3d
03-06 17:14:55.559  2470  3310 D ProfileVerifier: Current profile: PROFILE_TYPE_ADULT.
03-06 17:14:55.561 14398 14466 I stune   : init succeed:ffffecfc
03-06 17:14:55.564  1433  1523 E WifiVendorHal: getWifiLinkLayerStats(l.937) failed {.code = ERROR_NOT_SUPPORTED, .description = }
03-06 17:14:55.564  2470  3310 D UserControlVerifier: Current metric collection switch is: 1
03-06 17:14:55.565  2470  3310 I BatchCreatorManager: addMetricEvent
03-06 17:14:55.571  2470  3310 I BatchCreatorManager: storagePriority: 3
03-06 17:14:55.571  2470  3310 I BatchCreatorManager: addMetricEvent, runningBatch size:32
03-06 17:14:55.578 14398 14469 E SELinux : avc:  could not determine enforcing mode: Permission denied
03-06 17:14:55.578 14398 14469 E SELinux : Unknown class directtexture
03-06 17:14:55.578 14398 14469 D OpenGLRenderer: Skia GL Pipeline
03-06 17:14:55.579 14398 14469 D OpenGLRenderer: failed overriding property  to 
03-06 17:14:55.579 14398 14445 D jato    : preload renderthread success
03-06 17:14:55.584 14398 14470 E NPTH-TERM: success start read tid File length 1
03-06 17:14:55.584 14398 14470 E NPTH-TERM: start of process and register signal handler
03-06 17:14:55.584 14398 14470 E NPTH-TERM: request attach target pid is died 12999
03-06 17:14:55.584 14398 14470 E NPTH-TERM: request attach none pid
03-06 17:14:55.584 14398 14470 E NPTH-TERM: -----------------------------------------------------------
03-06 17:14:55.584 14398 14470 E NPTH-TERM: success start read tid File length 0
03-06 17:14:55.595   301   318 I vendor.mediatek.hardware.power@2.0-impl: powerHintAsync hint:8, data:1
03-06 17:14:55.605  2458  2458 I F_C.Launcher: onPause
03-06 17:14:55.607  2458 13270 D AmazonDownloadManager: unregister observer for id :-1
03-06 17:14:55.616 14398 14470 E NPTH-TERM: first be worker!!!!!!!!!!
03-06 17:14:55.661  2458  2458 I F_C.Launcher: onWindowFocusChanged: false
03-06 17:14:55.661  2458  2458 I F_C.Launcher: Try to start tutorial
03-06 17:14:55.661  2458  2458 I F_C.Launcher: isActivityStarted: true, isWindowFocused: false, isDeviceAlexaStateInitialized: true
03-06 17:14:55.694  1433  1452 W ActivityManager: Slow operation: 83ms so far, now at startProcess: returned from zygote!
03-06 17:14:55.694  1433  1452 W ActivityManager: Slow operation: 83ms so far, now at startProcess: done updating battery stats
03-06 17:14:55.695  1433  1452 W ActivityManager: Slow operation: 83ms so far, now at startProcess: building log message
03-06 17:14:55.695  1433  1452 I ActivityManager: Start proc 14483:com.test.myapplication/u0a180 for activity com.test.myapplication/.MainActivity
03-06 17:14:55.695  1433  1452 W ActivityManager: Slow operation: 83ms so far, now at startProcess: starting to update pids map
03-06 17:14:55.695  1433  1452 W ActivityManager: Slow operation: 84ms so far, now at startProcess: done updating pids map
03-06 17:14:55.710 14483 14483 I t.myapplicatio: Late-enabling -Xcheck:jni
03-06 17:14:55.741   301   317 I libPowerHal: 2: set: 1, set max:4
03-06 17:14:55.741   301   317 I libPowerHal: 2: set freq: 0, freq max:0
03-06 17:14:55.756 14398 14466 I ConfigStore: android::hardware::configstore::V1_0::ISurfaceFlingerConfigs::hasWideColorDisplay retrieved: 0
03-06 17:14:55.757 14398 14466 I ConfigStore: android::hardware::configstore::V1_0::ISurfaceFlingerConfigs::hasHDRDisplay retrieved: 0
03-06 17:14:55.801 14367 14392 I DownloadProvider: update : from 14367 10038
03-06 17:14:55.803 14398 14398 E GODZILLA: SetStackSize to 536576
03-06 17:14:55.803 14398 14398 E GODZILLA: xhook_refresh begin
03-06 17:14:55.805 14367 14392 I DownloadProvider: uri:content://downloads/all_downloads/7259 values: current_bytes=73215 method=0 total_bytes=289407 mimetype=application/x-apg-zip etag="3f49b8e28acc133649373f35887cb56c" numfailed=0 lastmod=1646615695801 status=192
03-06 17:14:55.823 14398 14398 I xhook   : init OK: /system/lib/libart.so (REL GNU_HASH PLT:3992 DYN:0 ANDROID:14044)
03-06 17:14:55.823 14398 14398 I xhook   : hooking pthread_attr_setstacksize in /system/lib/libart.so
03-06 17:14:55.826 14398 14398 I xhook   : found pthread_attr_setstacksize at symidx: 217 (GNU_HASH UNDEF)
03-06 17:14:55.826 14398 14398 I xhook   : found pthread_attr_setstacksize at .rel.plt offset: 0x473e64
03-06 17:14:55.831  2470  2508 I MinervaService: *****record, region:us-east-1, metricGrupId:a0rk0jmc, schemaId:iowr/2/05330400, metricEventId:af505e2b-8ead-4ffe-84c9-adce99e2b3dc, utcTimestamp:1646615695756, localOffsetMinutes:-480, listOfDataPointEnvelopes size:10
03-06 17:14:55.832  2470  2508 I MinervaService: passed permissionCheck()
03-06 17:14:55.833  2470  2508 I MinervaService: metricEvent:com.amazon.minerva.service.IonMetricEvent@587a932
03-06 17:14:55.833  2470  3310 I MinervaService: handleMessageForService.
03-06 17:14:55.833  2470  3310 I MinervaServiceManager: com.amazon.minerva.service.IonMetricEvent@587a932
03-06 17:14:55.837  1433  6952 I ConfigStore: android::hardware::configstore::V1_0::ISurfaceFlingerConfigs::hasWideColorDisplay retrieved: 0
03-06 17:14:55.837  1433  6952 I ConfigStore: android::hardware::configstore::V1_0::ISurfaceFlingerConfigs::hasHDRDisplay retrieved: 0
03-06 17:14:55.837  1433  6952 I OpenGLRenderer: Initialized EGL, version 1.4
03-06 17:14:55.837  1433  6952 D OpenGLRenderer: Swap behavior 2
03-06 17:14:55.850 14398 14398 I xhook   : XH_HK_OK 0xb05ece64: 0xb342f5ed -> 0x8e9921fd pthread_attr_setstacksize /system/lib/libart.so
03-06 17:14:55.852  2470  3310 D ProfileVerifier: Current profile: PROFILE_TYPE_ADULT.
03-06 17:14:55.853  2470  3310 D UserControlVerifier: Current metric collection switch is: 1
03-06 17:14:55.854  2470  3310 I BatchCreatorManager: addMetricEvent
03-06 17:14:55.854  2470  3310 I BatchCreatorManager: storagePriority: 3
03-06 17:14:55.854  2470  3310 I BatchCreatorManager: addMetricEvent, runningBatch size:33
03-06 17:14:55.862  2470  4288 I MinervaService: *****record, region:us-east-1, metricGrupId:a0rk0jmc, schemaId:iowr/2/05330400, metricEventId:80b6d6b4-f3c0-4755-bf47-255deda142d2, utcTimestamp:1646615695861, localOffsetMinutes:-480, listOfDataPointEnvelopes size:10
03-06 17:14:55.863  2470  4288 I MinervaService: passed permissionCheck()
03-06 17:14:55.863  2470  4288 I MinervaService: metricEvent:com.amazon.minerva.service.IonMetricEvent@efc7683
03-06 17:14:55.864  2470  3310 I MinervaService: handleMessageForService.
03-06 17:14:55.864  2470  3310 I MinervaServiceManager: com.amazon.minerva.service.IonMetricEvent@efc7683
03-06 17:14:55.864  2470  4288 I MinervaService: *****record, region:us-east-1, metricGrupId:a0rk0jmc, schemaId:iowr/2/05330400, metricEventId:f37f3914-ebcc-4088-827f-b7a745e95cff, utcTimestamp:1646615695862, localOffsetMinutes:-480, listOfDataPointEnvelopes size:10
03-06 17:14:55.866  2470  4288 I MinervaService: passed permissionCheck()
03-06 17:14:55.866  2470  4288 I MinervaService: metricEvent:com.amazon.minerva.service.IonMetricEvent@9ec9000
03-06 17:14:55.867 14398 14398 I xhook   : map refreshed
03-06 17:14:55.867 14398 14398 E GODZILLA: xhook_refresh finish.
03-06 17:14:55.867  2470  3310 D ProfileVerifier: Current profile: PROFILE_TYPE_ADULT.
03-06 17:14:55.879 14398 14398 I LoadedApk: No resource references to update in package com.zhiliaoapp.musically.df_music_dsp
03-06 17:14:55.879 14398 14398 I LoadedApk: No resource references to update in package com.zhiliaoapp.musically.df_poi_map
03-06 17:14:55.883 14398 14398 I LoadedApk: No resource references to update in package com.zhiliaoapp.musically.df_poi
03-06 17:14:55.885  2470  3310 D UserControlVerifier: Current metric collection switch is: 1
03-06 17:14:55.886 14398 14398 I LoadedApk: No resource references to update in package com.zhiliaoapp.musically.df_rn_kit
03-06 17:14:55.887 14398 14398 I LoadedApk: No resource references to update in package com.zhiliaoapp.musically.df_mgl_h5
03-06 17:14:55.893 14398 14398 I LoadedApk: No resource references to update in package com.zhiliaoapp.musically.df_miniapp
03-06 17:14:55.895  2470  3310 I BatchCreatorManager: addMetricEvent
03-06 17:14:55.911  2470  3310 I BatchCreatorManager: storagePriority: 3
03-06 17:14:55.914  2470  3310 I BatchCreatorManager: addMetricEvent, runningBatch size:34
03-06 17:14:55.914  2470  3310 I MinervaService: handleMessageForService.
03-06 17:14:55.916  2470  3310 I MinervaServiceManager: com.amazon.minerva.service.IonMetricEvent@9ec9000
03-06 17:14:55.936  2470  3310 D ProfileVerifier: Current profile: PROFILE_TYPE_ADULT.
03-06 17:14:55.947 14367 14392 I DownloadStateLog: 7259 PROG:73215:289407
03-06 17:14:55.948 14367 14392 I DownloadManager: report progress: 7259 73215/289407
03-06 17:14:55.970  2470  3310 D UserControlVerifier: Current metric collection switch is: 1
03-06 17:14:55.971  2470  3310 I BatchCreatorManager: addMetricEvent
03-06 17:14:55.971  2470  3310 I BatchCreatorManager: storagePriority: 3
03-06 17:14:55.971  2470  3310 I BatchCreatorManager: addMetricEvent, runningBatch size:35
03-06 17:14:55.972  8232 13806 I AmazonAppstore.AccountSummaryProviderImpl: isAccountPrepared(null) - using H:e8899180f772a4084e0cec6a435f2fa6
03-06 17:14:55.972  8232 13806 I AmazonAppstore.AccountSummaryProviderImpl: isAccountPrepared() - using H:e8899180f772a4084e0cec6a435f2fa6, returning true
03-06 17:14:56.029  8232 13806 I AmazonAppstore.AccountSummaryProviderImpl: isAccountPrepared(null) - using H:e8899180f772a4084e0cec6a435f2fa6
03-06 17:14:56.029  8232 13806 I AmazonAppstore.AccountSummaryProviderImpl: isAccountPrepared() - using H:e8899180f772a4084e0cec6a435f2fa6, returning true
03-06 17:14:56.051  8232 13806 I AmazonAppstore.AccountSummaryProviderImpl: isAccountPrepared(null) - using H:e8899180f772a4084e0cec6a435f2fa6
03-06 17:14:56.051  8232 13806 I AmazonAppstore.AccountSummaryProviderImpl: isAccountPrepared() - using H:e8899180f772a4084e0cec6a435f2fa6, returning true
03-06 17:14:56.060  2470  2508 I MinervaService: *****record, region:us-east-1, metricGrupId:swtst0u6, schemaId:x4mt/2/17330400, metricEventId:5aa3d415-964b-44b6-9551-f695d3647a95, utcTimestamp:1646615695884, localOffsetMinutes:-480, listOfDataPointEnvelopes size:6
03-06 17:14:56.061  2470  2508 I MinervaService: passed permissionCheck()
03-06 17:14:56.061  2470  2508 I MinervaService: metricEvent:com.amazon.minerva.service.IonMetricEvent@d998039
03-06 17:14:56.065  2470  3310 I MinervaService: handleMessageForService.
03-06 17:14:56.065  2470  3310 I MinervaServiceManager: com.amazon.minerva.service.IonMetricEvent@d998039
03-06 17:14:56.066  2470  3310 D ProfileVerifier: Current profile: PROFILE_TYPE_ADULT.
03-06 17:14:56.093  2470  3310 D UserControlVerifier: Current metric collection switch is: 1
03-06 17:14:56.104  2470  3310 I BatchCreatorManager: addMetricEvent
03-06 17:14:56.104  2470  3310 I BatchCreatorManager: storagePriority: 3
03-06 17:14:56.104  2470  3310 I BatchCreatorManager: addMetricEvent, runningBatch size:36
03-06 17:14:56.127  1433  5679 W ActivityManager: Slow operation: 79ms so far, now at attachApplicationLocked: after mServices.attachApplicationLocked
03-06 17:14:56.150   296   296 D AudioALSAHardware: +setParameters(): continuous_audio_mode=0
03-06 17:14:56.150   296   296 W AudioALSAHardware: setParameters(), still have param.size() = 1, remain param = "continuous_audio_mode=0"
03-06 17:14:56.150   296   296 D AudioALSAHardware: -setParameters(): continuous_audio_mode=0 
03-06 17:14:56.153 14367 14386 I DownloadProvider: update : from 14367 10038
03-06 17:14:56.154 14367 14386 I DownloadProvider: uri:content://downloads/all_downloads/7259 values: total_bytes=289407 lastmod=1646615696153
03-06 17:14:56.155  2470  3101 I MinervaService: *****record, region:us-east-1, metricGrupId:a0rk0jmc, schemaId:iowr/2/05330400, metricEventId:2b11978c-879e-48d7-961d-855116673444, utcTimestamp:1646615696060, localOffsetMinutes:-480, listOfDataPointEnvelopes size:10
03-06 17:14:56.176 14398 14461 I KEVA.NATIVE: byte array do not exist
03-06 17:14:56.183 14367 14392 I DownloadManager: [7259] Finished with status SUCCESS
03-06 17:14:56.188 14367 14392 I DownloadProvider: update : from 14367 10038
03-06 17:14:56.188 14367 14392 I DownloadProvider: uri:content://downloads/all_downloads/7259 values: current_bytes=289407 method=0 total_bytes=289407 mimetype=application/x-apg-zip etag="3f49b8e28acc133649373f35887cb56c" metrics=[B@5df2896 numfailed=0 lastmod=1646615696188 status=200
03-06 17:14:56.198  1433  1458 E AmazonProfileService: Active profile has not been set
03-06 17:14:56.219  1433  1507 D AmazonWindowMetrics: On window event - Package com.test.myapplication, isDreaming false, state 1, alexaMode 0
03-06 17:14:56.233  2470  3101 I MinervaService: passed permissionCheck()
03-06 17:14:56.237  2470  3101 I MinervaService: metricEvent:com.amazon.minerva.service.IonMetricEvent@483267e
03-06 17:14:56.238  2470  3101 I MinervaService: *****record, region:us-east-1, metricGrupId:a0rk0jmc, schemaId:iowr/2/05330400, metricEventId:4ebbf4b0-4cfe-4bab-8a74-ff238ec73370, utcTimestamp:1646615696155, localOffsetMinutes:-480, listOfDataPointEnvelopes size:10
03-06 17:14:56.238  2470  3310 I MinervaService: handleMessageForService.
03-06 17:14:56.238  2470  3310 I MinervaServiceManager: com.amazon.minerva.service.IonMetricEvent@483267e
03-06 17:14:56.239  1251  1251 E FrameEvents: updateAcquireFence: Did not find frame.
03-06 17:14:56.242  1433  1563 W AmazonProfileService: Active profile for the package xxx not present for customer Id xxx
03-06 17:14:56.243  2470  3101 I MinervaService: passed permissionCheck()
03-06 17:14:56.244  2470  3101 I MinervaService: metricEvent:com.amazon.minerva.service.IonMetricEvent@505f7df
03-06 17:14:56.254  1251  1251 E FrameEvents: updateAcquireFence: Did not find frame.
03-06 17:14:56.261  2470  3101 I MinervaService: *****record, region:us-east-1, metricGrupId:a0rk0jmc, schemaId:iowr/2/05330400, metricEventId:b57acbfc-7129-48dc-8bb6-8a6e84d65aac, utcTimestamp:1646615696157, localOffsetMinutes:-480, listOfDataPointEnvelopes size:10
03-06 17:14:56.264  2470  3101 I MinervaService: passed permissionCheck()
03-06 17:14:56.264  2470  3101 I MinervaService: metricEvent:com.amazon.minerva.service.IonMetricEvent@a8aac2c
03-06 17:14:56.264  2470  4288 I MinervaService: *****record, region:us-east-1, metricGrupId:a0rk0jmc, schemaId:iowr/2/05330400, metricEventId:be39d79c-b8bb-4334-a77a-8e5dc914dab3, utcTimestamp:1646615696167, localOffsetMinutes:-480, listOfDataPointEnvelopes size:10
03-06 17:14:56.268  2470  4288 I MinervaService: passed permissionCheck()
03-06 17:14:56.268  2470  4288 I MinervaService: metricEvent:com.amazon.minerva.service.IonMetricEvent@388e6f5
03-06 17:14:56.271  1251  1251 E FrameEvents: updateAcquireFence: Did not find frame.
03-06 17:14:56.271  2310  3637 V WakeWordService: DecoderID=WakeWordService_input_decoder: recognition_id=WakeWordService_input_decoder-0: scorer: Score upsampling skip count set to fallback: 5
03-06 17:14:56.279  2470  3310 D ProfileVerifier: Current profile: PROFILE_TYPE_ADULT.
03-06 17:14:56.287  1251  1251 E FrameEvents: updateAcquireFence: Did not find frame.
03-06 17:14:56.304  1251  1251 E FrameEvents: updateAcquireFence: Did not find frame.
03-06 17:14:56.306  2470  3310 D UserControlVerifier: Current metric collection switch is: 1
03-06 17:14:56.308  2470  3310 I BatchCreatorManager: addMetricEvent
03-06 17:14:56.308  2470  3310 I BatchCreatorManager: storagePriority: 3
03-06 17:14:56.308  2470  3310 I BatchCreatorManager: addMetricEvent, runningBatch size:37
03-06 17:14:56.308  2470  3310 I MinervaService: handleMessageForService.
03-06 17:14:56.308  2470  3310 I MinervaServiceManager: com.amazon.minerva.service.IonMetricEvent@505f7df
03-06 17:14:56.321  1251  1251 E FrameEvents: updateAcquireFence: Did not find frame.
03-06 17:14:56.337  1251  1251 I chatty  : uid=1000(system) /system/bin/surfaceflinger identical 1 line
03-06 17:14:56.354  1251  1251 E FrameEvents: updateAcquireFence: Did not find frame.
03-06 17:14:56.352 14398 14470 E NPTH-TERM: -----------------------------------------------------------
03-06 17:14:56.361  2470  3310 D ProfileVerifier: Current profile: PROFILE_TYPE_ADULT.
03-06 17:14:56.362  2310  3637 V WakeWordService: DecoderID=WakeWordService_input_decoder: recognition_id=WakeWordService_input_decoder-0: scorer: Score upsampling skip count set to default: 2
03-06 17:14:56.366  8232 13806 I AmazonAppstore.AccountSummaryProviderImpl: isAccountPrepared(null) - using H:e8899180f772a4084e0cec6a435f2fa6
03-06 17:14:56.370  8232 13806 I AmazonAppstore.AccountSummaryProviderImpl: isAccountPrepared() - using H:e8899180f772a4084e0cec6a435f2fa6, returning true
03-06 17:14:56.371  1251  1251 E FrameEvents: updateAcquireFence: Did not find frame.
03-06 17:14:56.387  1251  1251 I chatty  : uid=1000(system) /system/bin/surfaceflinger identical 1 line
03-06 17:14:56.405  1251  1251 E FrameEvents: updateAcquireFence: Did not find frame.
03-06 17:14:56.434  2470  3310 D UserControlVerifier: Current metric collection switch is: 1
03-06 17:14:56.435  2470  3310 I BatchCreatorManager: addMetricEvent
03-06 17:14:56.435  2470  3310 I BatchCreatorManager: storagePriority: 3
03-06 17:14:56.435  2470  3310 I BatchCreatorManager: addMetricEvent, runningBatch size:38
03-06 17:14:56.435  2470  3310 I MinervaService: handleMessageForService.
03-06 17:14:56.435  2470  3310 I MinervaServiceManager: com.amazon.minerva.service.IonMetricEvent@a8aac2c
03-06 17:14:56.453  1251  2147 E BufferQueueProducer: [com.amazon.firelauncher/com.amazon.firelauncher.Launcher#0] disconnect: not connected (req=1)
03-06 17:14:56.460  2458  2822 W libEGL  : EGLNativeWindowType 0x93d2f808 disconnect failed
03-06 17:14:56.477 14398 14461 I KEVA.NATIVE: byte array do not exist
03-06 17:14:56.497  2470  3310 D ProfileVerifier: Current profile: PROFILE_TYPE_ADULT.
03-06 17:14:56.504  8232 13806 I AmazonAppstore.AccountSummaryProviderImpl: isAccountPrepared(null) - using H:e8899180f772a4084e0cec6a435f2fa6
03-06 17:14:56.504  8232 13806 I AmazonAppstore.AccountSummaryProviderImpl: isAccountPrepared() - using H:e8899180f772a4084e0cec6a435f2fa6, returning true
03-06 17:14:56.525  2470  3310 D UserControlVerifier: Current metric collection switch is: 1
03-06 17:14:56.529  2470  3310 I BatchCreatorManager: addMetricEvent
03-06 17:14:56.529  2470  3310 I BatchCreatorManager: storagePriority: 3
03-06 17:14:56.529  2470  3310 I BatchCreatorManager: addMetricEvent, runningBatch size:39
03-06 17:14:56.529  2470  3310 I MinervaService: handleMessageForService.
03-06 17:14:56.529  2470  3310 I MinervaServiceManager: com.amazon.minerva.service.IonMetricEvent@388e6f5
03-06 17:14:56.541  2470  3256 I MinervaServiceManager: com.amazon.minerva.service.IonMetricEvent@60c5f18
03-06 17:14:56.563 14302 14319 I on.sync.servic: Waiting for a blocking GC ProfileSaver
03-06 17:14:56.581  2470  3256 D UserControlVerifier: Current metric collection switch is: 1
03-06 17:14:56.582  2470  3256 I BatchCreatorManager: addMetricEvent
03-06 17:14:56.582  2470  3256 I BatchCreatorManager: storagePriority: 8
03-06 17:14:56.582  2470  3256 I BatchCreatorManager: addMetricEvent, runningBatch size:25
03-06 17:14:56.591 14367 14392 I DownloadStateLog: 7259 STATUS:200
03-06 17:14:56.591 14367 14392 I DownloadManager: report status: 7259 status: 200
03-06 17:14:56.625  8232 13806 I AmazonAppstore.AccountSummaryProviderImpl: isAccountPrepared(null) - using H:e8899180f772a4084e0cec6a435f2fa6
03-06 17:14:56.625  8232 13806 I AmazonAppstore.AccountSummaryProviderImpl: isAccountPrepared() - using H:e8899180f772a4084e0cec6a435f2fa6, returning true
03-06 17:14:56.636  2470  3310 D ProfileVerifier: Current profile: PROFILE_TYPE_ADULT.
03-06 17:14:56.639 14302 14319 I on.sync.servic: WaitForGcToComplete blocked ProfileSaver on AddRemoveAppImageSpace for 76.335ms
03-06 17:14:56.650  2470  3310 D UserControlVerifier: Current metric collection switch is: 1
03-06 17:14:56.675  2470  3310 I BatchCreatorManager: addMetricEvent
03-06 17:14:56.675  2470  3310 I BatchCreatorManager: storagePriority: 3
03-06 17:14:56.675  2470  3310 I BatchCreatorManager: addMetricEvent, runningBatch size:40
03-06 17:14:56.758 14367 14392 D MetricsRecorder: Record kdm metrics for finished download: 7259
03-06 17:14:56.758 14367 14392 I DownloadManagerAppCallback: try to notify app: com.amazon.kindle.kso with intent: Intent { act=com.lab126.downloads.AMZ_DOWNLOAD_COMPLETE pkg=com.amazon.kindle.kso (has extras) }
03-06 17:14:56.765  2310  3637 V WakeWordService: DecoderID=WakeWordService_input_decoder: recognition_id=WakeWordService_input_decoder-0: scorer: Score upsampling skip count set to fallback: 5
03-06 17:14:56.806 14367 14392 I DownloadStateLog: 7259 FIN
03-06 17:14:56.806 14367 14392 I DownloadHandler: jobFinishedAndTryScheduleOther:7259
03-06 17:14:56.806 14367 14392 I DownloadHandler: scheduleManageDownloads
03-06 17:14:56.817 14483 14483 W t.myapplicatio: resources.arsc in APK '/data/app/com.test.myapplication-UhTzfk65QsSd0mqHq6EhAg==/base.apk' is compressed.
03-06 17:14:56.822  2310  3637 V WakeWordService: DecoderID=WakeWordService_input_decoder: recognition_id=WakeWordService_input_decoder-0: scorer: Score upsampling skip count set to default: 2
03-06 17:14:56.828  2310  3637 V WakeWordService: DecoderID=WakeWordService_input_decoder: recognition_id=WakeWordService_input_decoder-0: scorer: Score upsampling skip count set to fallback: 5
03-06 17:14:56.834 14367 14388 I DownloadHandler: manageDownloads for uid : 10110
03-06 17:14:56.834 14367 14388 I DownloadHandler: pending download size: 6
03-06 17:14:56.839 11896 11896 I ADM:com.amazon.android.app.IAmzCallbackService: onStartCommand
03-06 17:14:56.850 14367 14388 I DownloadHandler: scheduledJobLocked: DownloadInfo:
03-06 17:14:56.850 14367 14388 I DownloadHandler:   mId=7260 mLastMod=1646439458883 mPackage=com.amazon.kindle.kso mUid=10110 
03-06 17:14:56.850 14367 14388 I DownloadHandler:   mMimeType=null mCookies=no mReferer=no mUserAgent=null 
03-06 17:14:56.850 14367 14388 I DownloadHandler:   mDestination=2 
03-06 17:14:56.850 14367 14388 I DownloadHandler:   mStatus=PENDING mVisibility=2 mCurrentBytes=0 mTotalBytes=-1 
03-06 17:14:56.850 14367 14388 I DownloadHandler:   mNumFailed=0 mRetryAfter=0 mETag=null mIsPublicApi=true 
03-06 17:14:56.850 14367 14388 I DownloadHandler:   mAllowedNetworkTypes=2 mAllowRoaming=true mAllowMetered=true mFlags=0 
03-06 17:14:56.876 11896 14515 I ADM:com.amazon.android.app.IAmzCallbackService: onHandleIntent
03-06 17:14:56.915 11896 14520 D AmazonDTCP.AdPackDownloadCompletionHandler: Processing ad download for url = https://d29cfcef446e78.cloudfront.net/US/58/08/580812956031390037/MUSTANG/ad-580812956031390037.20220301112143.579006811574673848.apg
03-06 17:14:56.923  2310  3637 V WakeWordService: DecoderID=WakeWordService_input_decoder: recognition_id=WakeWordService_input_decoder-0: scorer: Score upsampling skip count set to default: 2
03-06 17:14:56.967 14367 14388 I DownloadStateLog: 7260 SCHED 
03-06 17:14:57.011 11896 14520 I AmazonDTCP.DeviceSettingsUtil: Unenrollment time not found. Returning null.
03-06 17:14:57.012 11896 14520 D AmazonDTCP.AdPackDownloadCompletionHandler: Device was last unenrolled at unknown.
03-06 17:14:57.012 11896 14520 D AmazonDTCP.AdPackDownloadCompletionHandler: Ad timestamp is 1646439450606.
03-06 17:14:57.012 11896 14520 I AmazonDTCP.AdPackDownloadCompletionHandler: There is no currently active ad plan; ignoring ingestion of ad from https://d29cfcef446e78.cloudfront.net/US/58/08/580812956031390037/MUSTANG/ad-580812956031390037.20220301112143.579006811574673848.apg
03-06 17:14:57.023 11896 14520 D AmazonDTCP.PmetMetricsFactory: recordCount - Download_Failure_Ratio:0
03-06 17:14:57.057  1433  1433 W TelecomManager: Telecom Service not found.
03-06 17:14:57.084  1738  1738 W NotificationEntryMgr: removeNotification for unknown key: 0|com.amazon.kindle.kso|1|null|10110
03-06 17:14:57.233 14398 14398 W System.err: java.lang.NoSuchFieldException: No field sMobKey in class Lcom/ss/android/ugc/aweme/share/u; (declaration of 'com.ss.android.ugc.aweme.share.u' appears in base.apk!classes10.dex)
03-06 17:14:57.240 14398 14398 W System.err: 	at java.lang.Class.getDeclaredField(Native Method)
03-06 17:14:57.240 14398 14398 W System.err: 	at com.bytedance.common.utility.reflect.Reflect.field0(SourceFile:208)
03-06 17:14:57.240 14398 14398 W System.err: 	at com.bytedance.common.utility.reflect.Reflect.set(SourceFile:141)
03-06 17:14:57.240 14398 14398 W System.err: 	at com.ss.android.ugc.aweme.legoImp.task.InitMobShare.a(SourceFile:43)
03-06 17:14:57.240 14398 14398 W System.err: 	at com.ss.android.ugc.aweme.lego.e.d.b(SourceFile:65)
03-06 17:14:57.240 14398 14398 W System.err: 	at com.ss.android.ugc.aweme.lego.a.a.m.a(SourceFile:16)
03-06 17:14:57.240 14398 14398 W System.err: 	at com.ss.android.ugc.aweme.lego.f$d.a(SourceFile:430)
03-06 17:14:57.240 14398 14398 W System.err: 	at com.ss.android.ugc.aweme.application.AwemeApplicationImpl.a(SourceFile:399)
03-06 17:14:57.240 14398 14398 W System.err: 	at com.ss.android.ugc.aweme.application.AwemeApplicationImpl.b(SourceFile:382)
03-06 17:14:57.240 14398 14398 W System.err: 	at com.ss.android.ugc.aweme.app.host.AwemeHostApplication.onCreate(SourceFile:55)
03-06 17:14:57.240 14398 14398 W System.err: 	at android.app.Instrumentation.callApplicationOnCreate(Instrumentation.java:1154)
03-06 17:14:57.240 14398 14398 W System.err: 	at android.app.ActivityThread.handleBindApplication(ActivityThread.java:5940)
03-06 17:14:57.240 14398 14398 W System.err: 	at android.app.ActivityThread.access$1100(ActivityThread.java:207)
03-06 17:14:57.240 14398 14398 W System.err: 	at android.app.ActivityThread$H.handleMessage(ActivityThread.java:1659)
03-06 17:14:57.240 14398 14398 W System.err: 	at android.os.Handler.dispatchMessage(Handler.java:106)
03-06 17:14:57.240 14398 14398 W System.err: 	at android.os.Looper.loop(Looper.java:193)
03-06 17:14:57.240 14398 14398 W System.err: 	at android.app.ActivityThread.main(ActivityThread.java:6740)
03-06 17:14:57.241 14398 14398 W System.err: 	at java.lang.reflect.Method.invoke(Native Method)
03-06 17:14:57.241 14398 14398 W System.err: 	at com.android.internal.os.RuntimeInit$MethodAndArgsCaller.run(RuntimeInit.java:493)
03-06 17:14:57.241 14398 14398 W System.err: 	at com.android.internal.os.ZygoteInit.main(ZygoteInit.java:858)
03-06 17:14:57.241 14398 14398 W System.err: java.lang.NoSuchFieldException: No field sMobKey in class Ljava/lang/Object; (declaration of 'java.lang.Object' appears in /system/framework/core-oj.jar)
03-06 17:14:57.241 14398 14398 W System.err: 	at java.lang.Class.getDeclaredField(Native Method)
03-06 17:14:57.241 14398 14398 W System.err: 	at com.bytedance.common.utility.reflect.Reflect.field0(SourceFile:208)
03-06 17:14:57.241 14398 14398 W System.err: 	at com.bytedance.common.utility.reflect.Reflect.set(SourceFile:141)
03-06 17:14:57.241 14398 14398 W System.err: 	at com.ss.android.ugc.aweme.legoImp.task.InitMobShare.a(SourceFile:43)
03-06 17:14:57.241 14398 14398 W System.err: 	at com.ss.android.ugc.aweme.lego.e.d.b(SourceFile:65)
03-06 17:14:57.241 14398 14398 W System.err: 	at com.ss.android.ugc.aweme.lego.a.a.m.a(SourceFile:16)
03-06 17:14:57.241 14398 14398 W System.err: 	at com.ss.android.ugc.aweme.lego.f$d.a(SourceFile:430)
03-06 17:14:57.241 14398 14398 W System.err: 	at com.ss.android.ugc.aweme.application.AwemeApplicationImpl.a(SourceFile:399)
03-06 17:14:57.242 14398 14398 W System.err: 	at com.ss.android.ugc.aweme.application.AwemeApplicationImpl.b(SourceFile:382)
03-06 17:14:57.242 14398 14398 W System.err: 	at com.ss.android.ugc.aweme.app.host.AwemeHostApplication.onCreate(SourceFile:55)
03-06 17:14:57.242 14398 14398 W System.err: 	at android.app.Instrumentation.callApplicationOnCreate(Instrumentation.java:1154)
03-06 17:14:57.242 14398 14398 W System.err: 	at android.app.ActivityThread.handleBindApplication(ActivityThread.java:5940)
03-06 17:14:57.242 14398 14398 W System.err: 	at android.app.ActivityThread.access$1100(ActivityThread.java:207)
03-06 17:14:57.242 14398 14398 W System.err: 	at android.app.ActivityThread$H.handleMessage(ActivityThread.java:1659)
03-06 17:14:57.242 14398 14398 W System.err: 	at android.os.Handler.dispatchMessage(Handler.java:106)
03-06 17:14:57.242 14398 14398 W System.err: 	at android.os.Looper.loop(Looper.java:193)
03-06 17:14:57.242 14398 14398 W System.err: 	at android.app.ActivityThread.main(ActivityThread.java:6740)
03-06 17:14:57.242 14398 14398 W System.err: 	at java.lang.reflect.Method.invoke(Native Method)
03-06 17:14:57.242 14398 14398 W System.err: 	at com.android.internal.os.RuntimeInit$MethodAndArgsCaller.run(RuntimeInit.java:493)
03-06 17:14:57.242 14398 14398 W System.err: 	at com.android.internal.os.ZygoteInit.main(ZygoteInit.java:858)
03-06 17:14:57.369 14398 14456 W System.err: java.lang.NoSuchFieldException: No field mCallback in class Landroid/app/ActivityThread$H; (declaration of 'android.app.ActivityThread$H' appears in /system/framework/framework.jar)
03-06 17:14:57.383 14398 14456 W System.err: 	at java.lang.Class.getDeclaredField(Native Method)
03-06 17:14:57.383 14398 14456 W System.err: 	at com.bytedance.common.utility.reflect.Reflect.field0(SourceFile:208)
03-06 17:14:57.383 14398 14456 W System.err: 	at com.bytedance.common.utility.reflect.Reflect.set(SourceFile:141)
