03-06 17:14:50.804  8232 14214 I AmazonAppstore.AccountSummaryProviderImpl: isAccountPrepared() - using H:e8899180f772a4084e0cec6a435f2fa6, returning true
03-06 17:14:50.809  8232 13806 I AmazonAppstore.AccountSummaryProviderImpl: isAccountPrepared(null) - using H:e8899180f772a4084e0cec6a435f2fa6
03-06 17:14:50.809  8232 13806 I AmazonAppstore.AccountSummaryProviderImpl: isAccountPrepared() - using H:e8899180f772a4084e0cec6a435f2fa6, returning true
03-06 17:14:50.810  2458  2717 I F_C.DefaultConsumerClie: 1 results
03-06 17:14:50.821  2310  3640 I WakeWordService: DecoderID=WakeWordService_input_decoder: recognition_id=WakeWordService_input_decoder-0: Audio backlog size 599 msec exceeds warning threshold of 500 msec.
03-06 17:14:50.829  2458 13269 I F_C.DefaultConsumerClie: getCards
03-06 17:14:50.838  1433  1453 W libprocessgroup: kill(-13421, 9) failed: No such process
03-06 17:14:50.841  8232 14214 I AmazonAppstore.CookieHelper: Executing Async Task to fetching cookies from Map
03-06 17:14:50.843  2458  2717 I F_C.DefaultConsumerClie: Querying CDA: uri=ParsedUri(PRODUCER=com.amazon.firelauncher.fireappscardproducer, CARD=-489306989), selection=null, selectionArgs=0, orderBy=null
03-06 17:14:50.843  2458  2717 I F_C.CardProvider: query(ParsedUri(PRODUCER=com.amazon.firelauncher.fireappscardproducer, CARD=-489306989), projection:null, selection:null, selectionArgs:3392903, sortOrder:null)
03-06 17:14:50.845  8232 12794 I ...enezia/MetricsHelper: Using the FireOSPlatformDCPMetricsCollector
03-06 17:14:50.854  2458  2717 I F_C.DefaultConsumerClie: 1 results
03-06 17:14:50.870  2458 13269 I F_C.DefaultConsumerClie: getCards
03-06 17:14:50.871  8232 13806 I AmazonAppstore.AccountSummaryProviderImpl: isAccountPrepared(null) - using H:e8899180f772a4084e0cec6a435f2fa6
03-06 17:14:50.871  8232 13806 I AmazonAppstore.AccountSummaryProviderImpl: isAccountPrepared() - using H:e8899180f772a4084e0cec6a435f2fa6, returning true
03-06 17:14:50.882  1433  1453 W libprocessgroup: kill(-13421, 9) failed: No such process
03-06 17:14:50.886  2458  2717 I F_C.DefaultConsumerClie: Querying CDA: uri=ParsedUri(PRODUCER=com.amazon.firelauncher.fireappscardproducer, CARD=895102831), selection=null, selectionArgs=0, orderBy=null
03-06 17:14:50.886  2458  2717 I F_C.CardProvider: query(ParsedUri(PRODUCER=com.amazon.firelauncher.fireappscardproducer, CARD=895102831), projection:null, selection:null, selectionArgs:3392903, sortOrder:null)
03-06 17:14:50.887  2310  3637 V WakeWordService: DecoderID=WakeWordService_input_decoder: recognition_id=WakeWordService_input_decoder-0: scorer: Score upsampling skip count set to default: 2
03-06 17:14:50.888  2458  2717 I F_C.DefaultConsumerClie: 1 results
03-06 17:14:50.908  8232 13806 I AmazonAppstore.AccountSummaryProviderImpl: isAccountPrepared(null) - using H:e8899180f772a4084e0cec6a435f2fa6
03-06 17:14:50.908  8232 13806 I AmazonAppstore.AccountSummaryProviderImpl: isAccountPrepared() - using H:e8899180f772a4084e0cec6a435f2fa6, returning true
03-06 17:14:50.915  1738  1748 I ndroid.systemu: NativeAlloc concurrent copying GC freed 12351(581KB) AllocSpace objects, 0(0B) LOS objects, 50% free, 5MB/11MB, paused 908us total 617.346ms
03-06 17:14:50.919  1884 11230 I com.amazon.imp/f[0]: Using the FireOSPlatformDCPMetricsCollector
03-06 17:14:50.921  1433  1453 W libprocessgroup: kill(-13421, 9) failed: No such process
03-06 17:14:50.923  1884 11230 I ...imp/TokenJobQueue[0]: Pushing task GetCookies:www.amazon.com into TokenJobQueue.
03-06 17:14:50.930  1884 11230 I ...imp/TokenJobQueue[0]: No active job, scheduling next
03-06 17:14:50.930  1884 11230 I ...imp/TokenJobQueue[0]: Popping task GetCookies:www.amazon.com off TokenJobQueue and process it.
03-06 17:14:50.930  1884 11230 I ...imp/TokenJobQueue[0]: Begin executing task GetCookies:www.amazon.com
03-06 17:14:50.930  1884 11230 I ...imp/TokenJobQueue[0]: Scheduled running concurrent job GetCookies:www.amazon.com.
03-06 17:14:50.935  2458 13269 I F_C.DefaultConsumerClie: getCards
03-06 17:14:50.940  2458  2717 I F_C.DefaultConsumerClie: Querying CDA: uri=ParsedUri(PRODUCER=com.amazon.venezia, CARD=973098305), selection=null, selectionArgs=0, orderBy=null
03-06 17:14:50.950  1884  3014 I ...imp/TokenJobQueue[0]: Finish executing task GetCookies:www.amazon.com.
03-06 17:14:50.956  2458  2717 I F_C.CardProvider: query(ParsedUri(PRODUCER=com.amazon.venezia, CARD=973098305), projection:null, selection:null, selectionArgs:3392903, sortOrder:null)
03-06 17:14:50.962  1433  1453 W libprocessgroup: kill(-13421, 9) failed: No such process
03-06 17:14:50.980  2310  3637 V WakeWordService: DecoderID=WakeWordService_input_decoder: recognition_id=WakeWordService_input_decoder-0: scorer: Score upsampling skip count set to fallback: 5
03-06 17:14:50.981  8232 13806 I AmazonAppstore.AccountSummaryProviderImpl: isAccountPrepared(null) - using H:e8899180f772a4084e0cec6a435f2fa6
03-06 17:14:50.981  8232 13806 I AmazonAppstore.AccountSummaryProviderImpl: isAccountPrepared() - using H:e8899180f772a4084e0cec6a435f2fa6, returning true
03-06 17:14:50.988  2458  2717 I F_C.DefaultConsumerClie: 1 results
03-06 17:14:50.998 12999 13575 W System.err: com.bytedance.frameworks.baselib.network.http.cronet.b.c: :0|Exception in CronetUrlRequest: net::ERR_TTNET_APP_TIMED_OUT, ip=:0, details={"has_upload":true,"is_pending":false,"load_flags":16,"load_state":3,"method":"POST","net_error":-199,"status":"CANCELED","traffic_annotation":77012883,"url":"https://api-va.tiktokv.com/bytebench/api/sdk/device/strategy/batch?net_status=wifi&app_version=22.7.4&device_id=7002987490262025733&offset=0&device_type=KFMUWI&update_version_code=2022207040&app_name=musical_ly&user_id=0&access_key=a5fafb0vf8ba061000qzbwg0irxc02afaf4&sdk_version=2.7.0-mt_6&device_platform=android&aid=1233&status=0","url_chain":["https://api-va.tiktokv.com/bytebench/api/sdk/device/strategy/batch?net_status=wifi&app_version=22.7.4&device_id=7002987490262025733&offset=0&device_type=KFMUWI&update_version_code=2022207040&app_name=musical_ly&user_id=0&access_key=a5fafb0vf8ba061000qzbwg0irxc02afaf4&sdk_version=2.7.0-mt_6&device_platform=android&aid=1233&status=0","https://api16-normal-useast5.us.tiktokv.com/bytebench/api/sdk/device/strategy/batch?net_status=wifi&app_version=22.7.4&device_id=7002987490262025733&offset=0&device_type=KFMUWI&update_version_code=2022207040&app_name=musical_ly&user_id=0&access_key=a5fafb0vf8ba061000qzbwg0irxc02afaf4&sdk_version=2.7.0-mt_6&device_platform=android&aid=1233&status=0"]}, attempts= , dns=2, connect=-1, ssl=-1, send=-1, proxy=-1, wait=-1, receive=-1, total=-1, reused=0, cached=0, response_content_len=0, total_bytes=0, is_proxy=0, id=35, QuicStreamError=0, QuicCloseSource=0, QuicErrorDetails=, ErrorCode=11, InternalErrorCode=-199, Retryable=false, ErrorCode=11, InternalErrorCode=-199, Retryable=false
03-06 17:14:51.001  1433  1453 W libprocessgroup: kill(-13421, 9) failed: No such process
03-06 17:14:51.001  2458 13269 I F_C.PrefetchJobService: ...complete. Got 14 Cards
03-06 17:14:51.002 12999 13575 W System.err: 	at com.bytedance.frameworks.baselib.network.http.cronet.b.d.a(SourceFile:223)
03-06 17:14:51.002 12999 13575 W System.err: 	at com.bytedance.retrofit2.CallServerInterceptor.CallServerInterceptor__executeCall$___twin___(SourceFile:114)
03-06 17:14:51.002 12999 13575 W System.err: 	at com.bytedance.retrofit2.CallServerInterceptor.com_bytedance_retrofit2_CallServerInterceptor_com_ss_android_ugc_aweme_lancet_network_NetworkUtilsLancet_executeCall(SourceFile:10090)
03-06 17:14:51.002 12999 13575 W System.err: 	at com.bytedance.retrofit2.CallServerInterceptor.executeCall(Unknown Source:0)
03-06 17:14:51.002 12999 13575 W System.err: 	at com.bytedance.retrofit2.CallServerInterceptor.CallServerInterceptor__intercept$___twin___(SourceFile:88)
03-06 17:14:51.002 12999 13575 W System.err: 	at com.bytedance.retrofit2.CallServerInterceptor.com_bytedance_retrofit2_CallServerInterceptor_com_ss_android_ugc_aweme_lancet_ApiTimeLancet_intercept(SourceFile:10073)
03-06 17:14:51.002  2458 13269 I F_C.PrefetchJobService: Process CDA cards...
03-06 17:14:51.002 12999 13575 W System.err: 	at com.bytedance.retrofit2.CallServerInterceptor.intercept(Unknown Source:0)
03-06 17:14:51.002 12999 13575 W System.err: 	at com.bytedance.retrofit2.c.b.a(SourceFile:12057)
03-06 17:14:51.002 12999 13575 W System.err: 	at com.ss.android.ugc.aweme.net.monitor.TTNetMonitorInterceptor.a(SourceFile:19)
03-06 17:14:51.003 12999 13575 W System.err: 	at com.ss.android.ugc.aweme.net.monitor.TTNetMonitorInterceptor.intercept(SourceFile:11073)
03-06 17:14:51.003 12999 13575 W System.err: 	at com.bytedance.retrofit2.c.b.a(SourceFile:12057)
03-06 17:14:51.003 12999 13575 W System.err: 	at com.bytedance.frameworks.baselib.network.http.retrofit.RequestVertifyInterceptor.a(SourceFile:64)
03-06 17:14:51.003 12999 13575 W System.err: 	at com.bytedance.frameworks.baselib.network.http.retrofit.RequestVertifyInterceptor.intercept(SourceFile:11073)
03-06 17:14:51.003 12999 13575 W System.err: 	at com.bytedance.retrofit2.c.b.a(SourceFile:12057)
03-06 17:14:51.003 12999 13575 W System.err: 	at com.ss.android.ugc.aweme.net.interceptor.TokenSdkCommonParamsInterceptorTTNet.a(SourceFile:48)
03-06 17:14:51.003 12999 13575 W System.err: 	at com.ss.android.ugc.aweme.net.interceptor.TokenSdkCommonParamsInterceptorTTNet.intercept(SourceFile:11073)
03-06 17:14:51.003 12999 13575 W System.err: 	at com.bytedance.ttnet.utils.RetrofitUtils$ReportTimeDecorator.a(SourceFile:483)
03-06 17:14:51.003 12999 13575 W System.err: 	at com.bytedance.ttnet.utils.RetrofitUtils$ReportTimeDecorator.intercept(SourceFile:11073)
03-06 17:14:51.003 12999 13575 W System.err: 	at com.bytedance.retrofit2.c.b.a(SourceFile:12057)
03-06 17:14:51.003 12999 13575 W System.err: 	at com.bytedance.bdturing.ttnet.TTNetUtil$2.a(SourceFile:144)
03-06 17:14:51.003 12999 13575 W System.err: 	at com.bytedance.bdturing.ttnet.TTNetUtil$2.intercept(SourceFile:11073)
03-06 17:14:51.003 12999 13575 W System.err: 	at com.bytedance.ttnet.utils.RetrofitUtils$ReportTimeDecorator.a(SourceFile:483)
03-06 17:14:51.004 12999 13575 W System.err: 	at com.bytedance.ttnet.utils.RetrofitUtils$ReportTimeDecorator.intercept(SourceFile:11073)
03-06 17:14:51.004 12999 13575 W System.err: 	at com.bytedance.retrofit2.c.b.a(SourceFile:12057)
03-06 17:14:51.004 12999 13575 W System.err: 	at com.ss.android.ugc.aweme.net.interceptor.CommonTimeOutInterceptor.a(SourceFile:28)
03-06 17:14:51.004 12999 13575 W System.err: 	at com.ss.android.ugc.aweme.net.interceptor.CommonTimeOutInterceptor.intercept(SourceFile:11073)
03-06 17:14:51.004 12999 13575 W System.err: 	at com.bytedance.ttnet.utils.RetrofitUtils$ReportTimeDecorator.a(SourceFile:483)
03-06 17:14:51.004 12999 13575 W System.err: 	at com.bytedance.ttnet.utils.RetrofitUtils$ReportTimeDecorator.intercept(SourceFile:11073)
03-06 17:14:51.004 12999 13575 W System.err: 	at com.bytedance.retrofit2.c.b.a(SourceFile:12057)
03-06 17:14:51.004 12999 13575 W System.err: 	at com.ss.android.ugc.aweme.account.network.ttp.TTPInterceptor.a(SourceFile:65)
03-06 17:14:51.004 12999 13575 W System.err: 	at com.ss.android.ugc.aweme.account.network.ttp.TTPInterceptor.intercept(SourceFile:11073)
03-06 17:14:51.004 12999 13575 W System.err: 	at com.bytedance.ttnet.utils.RetrofitUtils$ReportTimeDecorator.a(SourceFile:483)
03-06 17:14:51.004 12999 13575 W System.err: 	at com.bytedance.ttnet.utils.RetrofitUtils$ReportTimeDecorator.intercept(SourceFile:11073)
03-06 17:14:51.004 12999 13575 W System.err: 	at com.bytedance.retrofit2.c.b.a(SourceFile:12057)
03-06 17:14:51.004 12999 13575 W System.err: 	at com.ss.android.ugc.aweme.account.network.AccountRetrofitInetcept.a(SourceFile:26)
03-06 17:14:51.004 12999 13575 W System.err: 	at com.ss.android.ugc.aweme.account.network.AccountRetrofitInetcept.intercept(SourceFile:11073)
03-06 17:14:51.004 12999 13575 W System.err: 	at com.bytedance.ttnet.utils.RetrofitUtils$ReportTimeDecorator.a(SourceFile:483)
03-06 17:14:51.004 12999 13575 W System.err: 	at com.bytedance.ttnet.utils.RetrofitUtils$ReportTimeDecorator.intercept(SourceFile:11073)
03-06 17:14:51.004 12999 13575 W System.err: 	at com.bytedance.retrofit2.c.b.a(SourceFile:12057)
03-06 17:14:51.004 12999 13575 W System.err: 	at com.bytedance.frameworks.baselib.network.http.retrofit.BaseSsInterceptor.a(SourceFile:112)
03-06 17:14:51.004 12999 13575 W System.err: 	at com.bytedance.frameworks.baselib.network.http.retrofit.BaseSsInterceptor.intercept(SourceFile:11073)
03-06 17:14:51.004 12999 13575 W System.err: 	at com.ss.android.ugc.aweme.net.interceptor.BeforeHandleRequestInterceptor.a(SourceFile:15)
03-06 17:14:51.004 12999 13575 W System.err: 	at com.ss.android.ugc.aweme.net.interceptor.BeforeHandleRequestInterceptor.intercept(SourceFile:11073)
03-06 17:14:51.004 12999 13575 W System.err: 	at com.bytedance.retrofit2.c.b.a(SourceFile:12057)
03-06 17:14:51.004 12999 13575 W System.err: 	at com.bytedance.retrofit2.SsHttpCall.getResponseWithInterceptorChain(SourceFile:297)
03-06 17:14:51.004 12999 13575 W System.err: 	at com.bytedance.retrofit2.SsHttpCall.SsHttpCall__execute$___twin___(SourceFile:85)
03-06 17:14:51.004 12999 13575 W System.err: 	at com.bytedance.retrofit2.SsHttpCall.com_bytedance_retrofit2_SsHttpCall_com_ss_android_ugc_aweme_net_lancet_NetIOCheckLancet_execute(SourceFile:10021)
03-06 17:14:51.004 12999 13575 W System.err: 	at com.bytedance.retrofit2.SsHttpCall.execute(Unknown Source:0)
03-06 17:14:51.004 12999 13575 W System.err: 	at com.bytedance.retrofit2.i$a.execute(SourceFile:114)
03-06 17:14:51.004 12999 13575 W System.err: 	at com.benchmark.strategy.b$a.a(SourceFile:382)
03-06 17:14:51.004 12999 13575 W System.err: 	at com.benchmark.c.b$1$1.run(SourceFile:1024)
03-06 17:14:51.004 12999 13575 W System.err: 	at java.util.concurrent.Executors$RunnableAdapter.call(Executors.java:458)
03-06 17:14:51.004 12999 13575 W System.err: 	at java.util.concurrent.FutureTask.run(FutureTask.java:266)
03-06 17:14:51.004 12999 13575 W System.err: 	at java.util.concurrent.ScheduledThreadPoolExecutor$ScheduledFutureTask.run(ScheduledThreadPoolExecutor.java:301)
03-06 17:14:51.004 12999 13575 W System.err: 	at java.util.concurrent.ThreadPoolExecutor.runWorker(ThreadPoolExecutor.java:1167)
03-06 17:14:51.004 12999 13575 W System.err: 	at java.util.concurrent.ThreadPoolExecutor$Worker.run(ThreadPoolExecutor.java:641)
03-06 17:14:51.005 12999 13575 W System.err: 	at com.ss.android.ugc.aweme.cy.d$3$1.run(SourceFile:235)
03-06 17:14:51.005 12999 13575 W System.err: 	at java.lang.Thread.run(Thread.java:764)
03-06 17:14:51.007  2458 13269 I F_C.PrefetchJobService: Adding VIDEOS to available data source targets
03-06 17:14:51.007  2458 13269 I F_C.PrefetchJobService: Adding NEWSSTAND to available data source targets
03-06 17:14:51.007  2458 13269 I F_C.PrefetchJobService: Adding GAMESAPPS to available data source targets
03-06 17:14:51.007  2458 13269 I F_C.PrefetchJobService: Adding SHOP to available data source targets
03-06 17:14:51.008  2458 13269 I F_C.PrefetchJobService: Adding FOR_YOU to available data source targets
03-06 17:14:51.008  2458 13269 I F_C.PrefetchJobService: Adding FOR_YOU/com.amazon.firelauncher.launchercardproducer:RECENT_APPS to available data source targets
03-06 17:14:51.008  2458 13269 I F_C.PrefetchJobService: Adding BOOKS to available data source targets
03-06 17:14:51.019  1433  1443 I ActivityManager: Killing 6437:com.android.providers.downloads/u0a38 (adj 903): empty #17
03-06 17:14:51.020  2310  3637 V WakeWordService: DecoderID=WakeWordService_input_decoder: recognition_id=WakeWordService_input_decoder-0: scorer: Score upsampling skip count set to default: 2
03-06 17:14:51.021  2458 13269 I F_C.PrefetchJobService: Adding GAMES to available data source targets
03-06 17:14:51.021  2458 13269 I F_C.PrefetchJobService: Adding MUSIC to available data source targets
03-06 17:14:51.022  2458 13269 I F_C.PrefetchJobService: Adding LIBRARY to available data source targets
03-06 17:14:51.022  2458 13269 I F_C.PrefetchJobService: Adding LIBRARY/com.amazon.venezia:library-apps to available data source targets
03-06 17:14:51.022  2458 13269 I F_C.PrefetchJobService: Adding LIBRARY/com.amazon.venezia:library-games to available data source targets
03-06 17:14:51.022  2458 13269 I F_C.PrefetchJobService: Adding LIBRARY/com.amazon.cloud9.contentservice:library-silk to available data source targets
03-06 17:14:51.022  2458 13269 I F_C.PrefetchJobService: Adding LIBRARY/com.amazon.avod:library-video to available data source targets
03-06 17:14:51.022  2458 13269 I F_C.PrefetchJobService: Adding LIBRARY/com.audible.application.kindle:library-audible to available data source targets
03-06 17:14:51.023  2458 13269 I F_C.PrefetchJobService: Adding APPSGAMES to available data source targets
03-06 17:14:51.023  2458 13269 I F_C.PrefetchJobService: Adding DELIVERIES to available data source targets
03-06 17:14:51.023  2458 13269 I F_C.PrefetchJobService: Adding APPSTORE to available data source targets
03-06 17:14:51.023  2458 13269 I F_C.PrefetchJobService: Adding AUDIOBOOKS to available data source targets
03-06 17:14:51.041  1433  1453 W libprocessgroup: kill(-13421, 9) failed: No such process
03-06 17:14:51.048  8232 14214 I AmazonAppstore.BasicDeviceInspector: getDeviceType() called, isChildDeviceTypeUsed = false
03-06 17:14:51.049  8232 14214 I AmazonAppstore.BasicDeviceInspector: child device type special cases did not apply
03-06 17:14:51.060  1255  1255 I Zygote  : Process 13421 exited due to signal (9)
03-06 17:14:51.063  8232 13806 I AmazonAppstore.AccountSummaryProviderImpl: isAccountPrepared(null) - using H:e8899180f772a4084e0cec6a435f2fa6
03-06 17:14:51.063  8232 13806 I AmazonAppstore.AccountSummaryProviderImpl: isAccountPrepared() - using H:e8899180f772a4084e0cec6a435f2fa6, returning true
03-06 17:14:51.073  1255  1255 I Zygote  : Process 6437 exited due to signal (9)
03-06 17:14:51.074  8232 14214 I AmazonAppstore.AccountSummaryProviderImpl: isAccountPrepared(null) - using H:e8899180f772a4084e0cec6a435f2fa6
03-06 17:14:51.074  8232 14214 I AmazonAppstore.AccountSummaryProviderImpl: isAccountPrepared() - using H:e8899180f772a4084e0cec6a435f2fa6, returning true
03-06 17:14:51.074  1433  4249 D ConnectivityService: ConnectivityService NetworkRequestInfo binderDied(NetworkRequest [ LISTEN id=30, [ Capabilities: NOT_METERED&NOT_RESTRICTED&TRUSTED&NOT_VPN Unwanted:  Uid: 10038] ], android.os.BinderProxy@6f1d13)
03-06 17:14:51.081  2310  3637 V WakeWordService: DecoderID=WakeWordService_input_decoder: recognition_id=WakeWordService_input_decoder-0: scorer: Score upsampling skip count set to fallback: 5
03-06 17:14:51.081  1433  3591 E SELinux : avc:  denied  { log_internal_metric } for  scontext=u:r:platform_app:s0:c512,c768 tcontext=u:r:system_server:s0 tclass=amazon_policies permissive=0
03-06 17:14:51.085  1433  1453 W libprocessgroup: kill(-13421, 9) failed: No such process
03-06 17:14:51.086  1433  1453 I libprocessgroup: Successfully killed process cgroup uid 10087 pid 13421 in 341ms
03-06 17:14:51.087  1433  1453 W libprocessgroup: kill(-6437, 9) failed: No such process
03-06 17:14:51.087  1433  1453 I libprocessgroup: Successfully killed process cgroup uid 10038 pid 6437 in 0ms
03-06 17:14:51.102  8232 13806 I AmazonAppstore.AccountSummaryProviderImpl: isAccountPrepared(null) - using H:e8899180f772a4084e0cec6a435f2fa6
03-06 17:14:51.103  8232 13806 I AmazonAppstore.AccountSummaryProviderImpl: isAccountPrepared() - using H:e8899180f772a4084e0cec6a435f2fa6, returning true
03-06 17:14:51.138  2458 13269 I F_C.PrefetchJobService: ...complete. Got 41 LauncherCard's, 4 of them are constructed
03-06 17:14:51.165  1433  1452 I ActivityManager: Start proc 14289:com.amazon.diode/u0a129 for broadcast com.amazon.diode/.events.ExternalEventReceiver
03-06 17:14:51.168  8232 13806 I AmazonAppstore.AccountSummaryProviderImpl: isAccountPrepared(null) - using H:e8899180f772a4084e0cec6a435f2fa6
03-06 17:14:51.168  8232 13806 I AmazonAppstore.AccountSummaryProviderImpl: isAccountPrepared() - using H:e8899180f772a4084e0cec6a435f2fa6, returning true
03-06 17:14:51.185 14289 14289 E om.amazon.diod: Not starting debugger since process cannot load the jdwp agent.
03-06 17:14:51.199  2310  3637 V WakeWordService: DecoderID=WakeWordService_input_decoder: recognition_id=WakeWordService_input_decoder-0: scorer: Score upsampling skip count set to default: 2
03-06 17:14:51.209  1433  1452 W ActivityManager: Slow operation: 74ms so far, now at startProcess: returned from zygote!
03-06 17:14:51.221  2310  3637 V WakeWordService: DecoderID=WakeWordService_input_decoder: recognition_id=WakeWordService_input_decoder-0: scorer: Score upsampling skip count set to fallback: 5
03-06 17:14:51.227  1433  1452 W ActivityManager: Slow operation: 91ms so far, now at startProcess: done updating battery stats
03-06 17:14:51.227  1433  1452 W ActivityManager: Slow operation: 92ms so far, now at startProcess: building log message
03-06 17:14:51.227  1433  1452 I ActivityManager: Start proc 14302:com.amazon.sync.service/u0a27 for content provider com.amazon.sync.service/com.amazon.sync.framework.attributes.SyncAttributeProvider
03-06 17:14:51.227  1433  1452 W ActivityManager: Slow operation: 92ms so far, now at startProcess: starting to update pids map
03-06 17:14:51.227  1433  1452 W ActivityManager: Slow operation: 92ms so far, now at startProcess: done updating pids map
03-06 17:14:51.241  8232 13806 I AmazonAppstore.AccountSummaryProviderImpl: isAccountPrepared(null) - using H:e8899180f772a4084e0cec6a435f2fa6
03-06 17:14:51.241  8232 13806 I AmazonAppstore.AccountSummaryProviderImpl: isAccountPrepared() - using H:e8899180f772a4084e0cec6a435f2fa6, returning true
03-06 17:14:51.254  2470  3101 I MinervaService: *****record, region:us-east-1, metricGrupId:a0rk0jmc, schemaId:iowr/2/05330400, metricEventId:8a650ba7-1192-46a8-a53a-6f72490f36fd, utcTimestamp:1646615691249, localOffsetMinutes:-480, listOfDataPointEnvelopes size:10
03-06 17:14:51.256  2470  3101 I MinervaService: passed permissionCheck()
03-06 17:14:51.256  2470  3101 I MinervaService: metricEvent:com.amazon.minerva.service.IonMetricEvent@ffdef21
03-06 17:14:51.256  2470  3310 I MinervaService: handleMessageForService.
03-06 17:14:51.256  2470  3310 I MinervaServiceManager: com.amazon.minerva.service.IonMetricEvent@ffdef21
03-06 17:14:51.259  2470  3310 D ProfileVerifier: Current profile: PROFILE_TYPE_ADULT.
03-06 17:14:51.267  2470  3310 D UserControlVerifier: Current metric collection switch is: 1
03-06 17:14:51.275 14289 14289 I om.amazon.diod: The ClassLoaderContext is a special shared library.
03-06 17:14:51.275  2470  3310 I BatchCreatorManager: addMetricEvent
03-06 17:14:51.276  2470  3310 I BatchCreatorManager: storagePriority: 3
03-06 17:14:51.276  2470  3310 I BatchCreatorManager: addMetricEvent, runningBatch size:9
03-06 17:14:51.288 14302 14302 E on.sync.servic: Not starting debugger since process cannot load the jdwp agent.
03-06 17:14:51.293  8232 13806 I AmazonAppstore.AccountSummaryProviderImpl: isAccountPrepared(null) - using H:e8899180f772a4084e0cec6a435f2fa6
03-06 17:14:51.293  8232 13806 I AmazonAppstore.AccountSummaryProviderImpl: isAccountPrepared() - using H:e8899180f772a4084e0cec6a435f2fa6, returning true
03-06 17:14:51.300   296  3667 W AudioALSACaptureDataClient: -read(),(Not enough data) ReadDataBytes 256!!
03-06 17:14:51.301 14289 14289 W om.amazon.diod: ClassLoaderContext classpath size mismatch for position 0. expected=0, found=2 (PCL[] | PCL[/system/priv-app/MetricsApi/MetricsApi.apk*86587517:/system/framework/com.amazon.identity.auth.device.jar*317905733])
03-06 17:14:51.327 14289 14289 W om.amazon.diod: ClassLoaderContext classpath size mismatch for position 0. expected=0, found=3 (PCL[] | PCL[/system/priv-app/MetricsApi/MetricsApi.apk*86587517:/system/framework/com.amazon.identity.auth.device.jar*317905733:/system/priv-app/com.amazon.communication/com.amazon.communication.apk*3555755086])
03-06 17:14:51.339 14289 14289 W om.amazon.diod: ClassLoaderContext classpath size mismatch for position 0. expected=0, found=4 (PCL[] | PCL[/system/priv-app/MetricsApi/MetricsApi.apk*86587517:/system/framework/com.amazon.identity.auth.device.jar*317905733:/system/priv-app/com.amazon.communication/com.amazon.communication.apk*3555755086:/system/priv-app/DeviceMessagingAndroidInternalSDK/DeviceMessagingAndroidInternalSDK.apk*1062899443])
03-06 17:14:51.340 14289 14289 W om.amazon.diod: Found duplicate classes, falling back to extracting from APK : /system/priv-app/DeviceSoftwareOTAContracts/DeviceSoftwareOTAContracts.apk
03-06 17:14:51.340 14289 14289 W om.amazon.diod: NOTE: This wastes RAM and hurts startup performance.
03-06 17:14:51.340 14289 14289 W om.amazon.diod: Found duplicated class when checking oat files: 'Lcom/amazon/dcp/tph/TPHConstants;' in /system/priv-app/DeviceSoftwareOTAContracts/DeviceSoftwareOTAContracts.apk and /system/priv-app/DeviceMessagingAndroidInternalSDK/DeviceMessagingAndroidInternalSDK.apk
03-06 17:14:51.340 14289 14289 W om.amazon.diod: 
03-06 17:14:51.341  8232 13806 I AmazonAppstore.AccountSummaryProviderImpl: isAccountPrepared(null) - using H:e8899180f772a4084e0cec6a435f2fa6
03-06 17:14:51.341  8232 13806 I AmazonAppstore.AccountSummaryProviderImpl: isAccountPrepared() - using H:e8899180f772a4084e0cec6a435f2fa6, returning true
03-06 17:14:51.360  1433  5818 I ActivityManager: Force stopping com.test.myapplication appid=10180 user=0: clear data
03-06 17:14:51.361  1433  5818 I ActivityManager: Killing 14259:com.test.myapplication/u0a180 (adj 901): stop com.test.myapplication
03-06 17:14:51.364  1433  1453 W libprocessgroup: kill(-14259, 9) failed: No such process
03-06 17:14:51.379  1433  1450 I ActivityManager: Force stopping com.test.myapplication appid=10180 user=-1: clearApplicationUserData
03-06 17:14:51.394  1433  5818 I ConditionProviders: Disallowing condition provider com.test.myapplication
03-06 17:14:51.399 14302 14302 I on.sync.servic: The ClassLoaderContext is a special shared library.
03-06 17:14:51.402  1433  1453 W libprocessgroup: kill(-14259, 9) failed: No such process
03-06 17:14:51.405 14302 14302 W on.sync.servic: ClassLoaderContext classpath size mismatch for position 0. expected=0, found=2 (PCL[] | PCL[/system/priv-app/DeviceBackupAndRestoreInternalSDK-release/DeviceBackupAndRestoreInternalSDK-release.apk*3136139507:/system/framework/com.amazon.sync.api.jar*4294770546])
03-06 17:14:51.417  8232 13806 I AmazonAppstore.AccountSummaryProviderImpl: isAccountPrepared(null) - using H:e8899180f772a4084e0cec6a435f2fa6
03-06 17:14:51.417  8232 13806 I AmazonAppstore.AccountSummaryProviderImpl: isAccountPrepared() - using H:e8899180f772a4084e0cec6a435f2fa6, returning true
03-06 17:14:51.418  1433 10071 D ConnectivityService: ConnectivityService NetworkRequestInfo binderDied(NetworkRequest [ LISTEN id=66, [ Capabilities: INTERNET&NOT_RESTRICTED&TRUSTED&FOREGROUND Unwanted:  Uid: 10167] ], android.os.BinderProxy@5a4776f)
03-06 17:14:51.418  1433  8262 D ConnectivityService: ConnectivityService NetworkRequestInfo binderDied(NetworkRequest [ TRACK_DEFAULT id=65, [ Capabilities: INTERNET&NOT_RESTRICTED&TRUSTED Unwanted:  Uid: 10167] ], android.os.BinderProxy@134aa4e)
03-06 17:14:51.418  1433  5023 I ActivityManager: Process com.zhiliaoapp.musically:push (pid 13818) has died: cch+2CEM 
03-06 17:14:51.419  1433  5023 E SELinux : avc:  denied  { log_internal_metric } for  scontext=u:r:untrusted_app_25:s0:c512,c768 tcontext=u:r:system_server:s0 tclass=amazon_policies permissive=0
03-06 17:14:51.419  1255  1255 I Zygote  : Process 13818 exited due to signal (9)
03-06 17:14:51.419  1433  1526 D ConnectivityService: releasing NetworkRequest [ TRACK_DEFAULT id=65, [ Capabilities: INTERNET&NOT_RESTRICTED&TRUSTED Unwanted:  Uid: 10167] ] (release request)
03-06 17:14:51.423  1433  5023 W ActivityManager: Scheduling restart of crashed service com.zhiliaoapp.musically/com.bytedance.common.wschannel.server.WsChannelService in 4000ms
03-06 17:14:51.425 14302 14302 W on.sync.servic: Found duplicate classes, falling back to extracting from APK : /system/priv-app/MetricsApi/MetricsApi.apk
03-06 17:14:51.425 12999 13040 E NPTH-TERM: TMonitor success waitLock
03-06 17:14:51.425 14302 14302 W on.sync.servic: NOTE: This wastes RAM and hurts startup performance.
03-06 17:14:51.425 14302 14302 W on.sync.servic: Found duplicated class when checking oat files: 'Lcom/amazon/client/metrics/AbstractMetricsFactoryImpl;' in /system/priv-app/MetricsApi/MetricsApi.apk and /system/priv-app/DeviceBackupAndRestoreInternalSDK-release/DeviceBackupAndRestoreInternalSDK-release.apk
03-06 17:14:51.425 14302 14302 W on.sync.servic: 
03-06 17:14:51.429 14289 14289 W om.amazon.diod: ClassLoaderContext classpath size mismatch for position 0. expected=0, found=5 (PCL[] | PCL[/system/priv-app/MetricsApi/MetricsApi.apk*86587517:/system/framework/com.amazon.identity.auth.device.jar*317905733:/system/priv-app/com.amazon.communication/com.amazon.communication.apk*3555755086:/system/priv-app/DeviceMessagingAndroidInternalSDK/DeviceMessagingAndroidInternalSDK.apk*1062899443:/system/priv-app/DeviceSoftwareOTAContracts/DeviceSoftwareOTAContracts.apk*2671976539])
03-06 17:14:51.429 12999 13040 E NPTH-TERM: success start read tid File length 2
03-06 17:14:51.429 12999 13040 E NPTH-TERM: find killed pid 13818
03-06 17:14:51.429 12999 13040 E NPTH-TERM: find none attach tid unknown error
03-06 17:14:51.429 12999 13040 E NPTH-TERM: 1646615691429: find killed=13818
03-06 17:14:51.431  1255  1255 I Zygote  : Process 14259 exited due to signal (9)
03-06 17:14:51.437 14289 14289 I om.amazon.diod: The ClassLoaderContext is a special shared library.
03-06 17:14:51.442  1433  1453 W libprocessgroup: kill(-14259, 9) failed: No such process
03-06 17:14:51.442  1433  1453 I libprocessgroup: Successfully killed process cgroup uid 10180 pid 14259 in 77ms
03-06 17:14:51.442  2470  3101 I MinervaService: *****record, region:us-east-1, metricGrupId:a0rk0jmc, schemaId:iowr/2/05330400, metricEventId:4b4317d3-f0e1-4627-b7db-82bf0221691d, utcTimestamp:1646615691255, localOffsetMinutes:-480, listOfDataPointEnvelopes size:10
03-06 17:14:51.442  1433  1453 W libprocessgroup: kill(-13818, 9) failed: No such process
03-06 17:14:51.442  1433  1453 I libprocessgroup: Successfully killed process cgroup uid 10167 pid 13818 in 0ms
03-06 17:14:51.443 14302 14302 I on.sync.servic: The ClassLoaderContext is a special shared library.
03-06 17:14:51.452 14289 14289 W om.amazon.diod: ClassLoaderContext classpath size mismatch for position 0. expected=0, found=7 (PCL[] | PCL[/system/priv-app/MetricsApi/MetricsApi.apk*86587517:/system/framework/com.amazon.identity.auth.device.jar*317905733:/system/priv-app/com.amazon.communication/com.amazon.communication.apk*3555755086:/system/priv-app/DeviceMessagingAndroidInternalSDK/DeviceMessagingAndroidInternalSDK.apk*1062899443:/system/priv-app/DeviceSoftwareOTAContracts/DeviceSoftwareOTAContracts.apk*2671976539:/system/priv-app/com.amazon.dp.logger/com.amazon.dp.logger.apk*1965497035:/system/framework/org.apache.http.legacy.boot.jar*796383208])
03-06 17:14:51.453 14289 14289 W om.amazon.diod: Found duplicate classes, falling back to extracting from APK : /system/priv-app/DeviceClientPlatformContractsFramework/DeviceClientPlatformContractsFramework.apk
03-06 17:14:51.453 14289 14289 W om.amazon.diod: NOTE: This wastes RAM and hurts startup performance.
03-06 17:14:51.453 14289 14289 W om.amazon.diod: Found duplicated class when checking oat files: 'Lcom/amazon/dcp/common/ThirdPartyDeviceUtils;' in /system/priv-app/DeviceClientPlatformContractsFramework/DeviceClientPlatformContractsFramework.apk and /system/priv-app/DeviceSoftwareOTAContracts/DeviceSoftwareOTAContracts.apk
03-06 17:14:51.453 14289 14289 W om.amazon.diod: 
03-06 17:14:51.456  1260  1260 I keystore: clear_uid 10180
03-06 17:14:51.463 14302 14302 I on.sync.servic: The ClassLoaderContext is a special shared library.
03-06 17:14:51.466  2470  3101 I MinervaService: passed permissionCheck()
03-06 17:14:51.467  2470  3101 I MinervaService: metricEvent:com.amazon.minerva.service.IonMetricEvent@2810f46
03-06 17:14:51.467  2470  3101 I MinervaService: *****record, region:us-east-1, metricGrupId:i5pk8m01, schemaId:xtmw/2/04330400, metricEventId:625b9eeb-73d5-4a8b-ad9b-9b9056380032, utcTimestamp:1646615691459, localOffsetMinutes:-480, listOfDataPointEnvelopes size:10
03-06 17:14:51.468  2470  3310 I MinervaService: handleMessageForService.
03-06 17:14:51.468  2470  3310 I MinervaServiceManager: com.amazon.minerva.service.IonMetricEvent@2810f46
03-06 17:14:51.472  2470  3101 I MinervaService: passed permissionCheck()
03-06 17:14:51.472  2470  3101 I MinervaService: metricEvent:com.amazon.minerva.service.IonMetricEvent@9bf0507
03-06 17:14:51.472  2470  3101 I MinervaService: *****record, region:us-east-1, metricGrupId:a0rk0jmc, schemaId:iowr/2/05330400, metricEventId:9af4b1ef-a251-4460-bb64-44d1a13ae26b, utcTimestamp:1646615691460, localOffsetMinutes:-480, listOfDataPointEnvelopes size:10
03-06 17:14:51.485  2470  3101 I MinervaService: passed permissionCheck()
03-06 17:14:51.485  2470  3101 I MinervaService: metricEvent:com.amazon.minerva.service.IonMetricEvent@4477634
03-06 17:14:51.485  2470  3101 I MinervaService: *****record, region:us-east-1, metricGrupId:a0rk0jmc, schemaId:iowr/2/05330400, metricEventId:964728c0-3ce7-4cdd-8ff1-ea52c1c3e555, utcTimestamp:1646615691461, localOffsetMinutes:-480, listOfDataPointEnvelopes size:10
03-06 17:14:51.487  2470  3101 I MinervaService: passed permissionCheck()
03-06 17:14:51.487  2470  3101 I MinervaService: metricEvent:com.amazon.minerva.service.IonMetricEvent@8a95c5d
03-06 17:14:51.488  2470  3101 I MinervaService: *****record, region:us-east-1, metricGrupId:a0rk0jmc, schemaId:iowr/2/05330400, metricEventId:cfa4d442-ae6f-43af-919b-6250cfac96f7, utcTimestamp:1646615691462, localOffsetMinutes:-480, listOfDataPointEnvelopes size:10
03-06 17:14:51.489 14289 14289 W om.amazon.diod: ClassLoaderContext classpath size mismatch for position 0. expected=1, found=8 (PCL[/system/framework/org.apache.http.legacy.boot.jar*796383208] | PCL[/system/priv-app/MetricsApi/MetricsApi.apk*86587517:/system/framework/com.amazon.identity.auth.device.jar*317905733:/system/priv-app/com.amazon.communication/com.amazon.communication.apk*3555755086:/system/priv-app/DeviceMessagingAndroidInternalSDK/DeviceMessagingAndroidInternalSDK.apk*1062899443:/system/priv-app/DeviceSoftwareOTAContracts/DeviceSoftwareOTAContracts.apk*2671976539:/system/priv-app/com.amazon.dp.logger/com.amazon.dp.logger.apk*1965497035:/system/framework/org.apache.http.legacy.boot.jar*796383208:/system/priv-app/DeviceClientPlatformContractsFramework/DeviceClientPlatformContractsFramework.apk*3338463845])
03-06 17:14:51.490  2470  3101 I MinervaService: passed permissionCheck()
03-06 17:14:51.491  2470  3101 I MinervaService: metricEvent:com.amazon.minerva.service.IonMetricEvent@72ed9d2
03-06 17:14:51.491  2470  3101 I MinervaService: *****record, region:us-east-1, metricGrupId:a0rk0jmc, schemaId:iowr/2/05330400, metricEventId:8ba0b6fa-5280-4c9b-b42f-2d012fbe79c6, utcTimestamp:1646615691463, localOffsetMinutes:-480, listOfDataPointEnvelopes size:10
03-06 17:14:51.493  2470  3101 I MinervaService: passed permissionCheck()
03-06 17:14:51.493  2470  3310 D ProfileVerifier: Current profile: PROFILE_TYPE_ADULT.
03-06 17:14:51.494  2470  3101 I MinervaService: metricEvent:com.amazon.minerva.service.IonMetricEvent@fbceaa3
03-06 17:14:51.494  2470  3101 I MinervaService: *****record, region:us-east-1, metricGrupId:swtst0u6, schemaId:x4mt/2/17330400, metricEventId:15846ec3-4143-4336-be0d-cc4c48e78566, utcTimestamp:1646615691465, localOffsetMinutes:-480, listOfDataPointEnvelopes size:6
03-06 17:14:51.495  2470  3101 I MinervaService: passed permissionCheck()
03-06 17:14:51.496  2470  3101 I MinervaService: metricEvent:com.amazon.minerva.service.IonMetricEvent@fffc1a0
03-06 17:14:51.502 14289 14289 W om.amazon.diod: Found duplicate classes, falling back to extracting from APK : /system/priv-app/amazon.jackson-19/amazon.jackson-19.apk
03-06 17:14:51.502 14289 14289 W om.amazon.diod: NOTE: This wastes RAM and hurts startup performance.
03-06 17:14:51.502 14289 14289 W om.amazon.diod: Found duplicated class when checking oat files: 'LDummy;' in /system/priv-app/amazon.jackson-19/amazon.jackson-19.apk and /system/priv-app/com.amazon.dp.logger/com.amazon.dp.logger.apk
03-06 17:14:51.502 14289 14289 W om.amazon.diod: 
03-06 17:14:51.505  2470  3310 D UserControlVerifier: Current metric collection switch is: 1
03-06 17:14:51.512  2470  3310 I BatchCreatorManager: addMetricEvent
03-06 17:14:51.515 12999 13040 E NPTH-TERM: find next attach pid -1
03-06 17:14:51.515 12999 13040 E NPTH-TERM: -----------------------------------------------------------
03-06 17:14:51.515 12999 13040 E NPTH-TERM: find killed and re attach tid -1
03-06 17:14:51.515 12999 13040 E NPTH-TERM: wait pending attach request found kill
03-06 17:14:51.516  2470  3310 I BatchCreatorManager: storagePriority: 3
03-06 17:14:51.517  2470  3310 I BatchCreatorManager: addMetricEvent, runningBatch size:10
03-06 17:14:51.517  2470  3310 I MinervaService: handleMessageForService.
03-06 17:14:51.517  2470  3310 I MinervaServiceManager: com.amazon.minerva.service.IonMetricEvent@9bf0507
03-06 17:14:51.518  8232 13806 I AmazonAppstore.AccountSummaryProviderImpl: isAccountPrepared(null) - using H:e8899180f772a4084e0cec6a435f2fa6
03-06 17:14:51.518  8232 13806 I AmazonAppstore.AccountSummaryProviderImpl: isAccountPrepared() - using H:e8899180f772a4084e0cec6a435f2fa6, returning true
03-06 17:14:51.519  2470  3101 I MinervaService: *****record, region:us-east-1, metricGrupId:a0rk0jmc, schemaId:iowr/2/05330400, metricEventId:6d6f03f9-d0be-47e6-9865-e6884fc61954, utcTimestamp:1646615691467, localOffsetMinutes:-480, listOfDataPointEnvelopes size:10
03-06 17:14:51.522  2470  3101 I MinervaService: passed permissionCheck()
03-06 17:14:51.523  2470  3101 I MinervaService: metricEvent:com.amazon.minerva.service.IonMetricEvent@ea46159
03-06 17:14:51.551  2470  3310 D ProfileVerifier: Current profile: PROFILE_TYPE_ADULT.
03-06 17:14:51.556  8232 13806 I AmazonAppstore.AccountSummaryProviderImpl: isAccountPrepared(null) - using H:e8899180f772a4084e0cec6a435f2fa6
03-06 17:14:51.556  8232 13806 I AmazonAppstore.AccountSummaryProviderImpl: isAccountPrepared() - using H:e8899180f772a4084e0cec6a435f2fa6, returning true
03-06 17:14:51.577  2470  3310 D UserControlVerifier: Current metric collection switch is: 1
03-06 17:14:51.578  2470  3310 I BatchCreatorManager: addMetricEvent
03-06 17:14:51.581  2470  3310 I BatchCreatorManager: storagePriority: 3
03-06 17:14:51.581  2470  3310 I BatchCreatorManager: addMetricEvent, runningBatch size:11
03-06 17:14:51.581  2470  3310 I MinervaService: handleMessageForService.
03-06 17:14:51.581  2470  3310 I MinervaServiceManager: com.amazon.minerva.service.IonMetricEvent@4477634
03-06 17:14:51.594  2470  3310 D ProfileVerifier: Current profile: PROFILE_TYPE_ADULT.
03-06 17:14:51.595  8232 13806 I AmazonAppstore.AccountSummaryProviderImpl: isAccountPrepared(null) - using H:e8899180f772a4084e0cec6a435f2fa6
03-06 17:14:51.595  8232 13806 I AmazonAppstore.AccountSummaryProviderImpl: isAccountPrepared() - using H:e8899180f772a4084e0cec6a435f2fa6, returning true
03-06 17:14:51.598  2470  3310 D UserControlVerifier: Current metric collection switch is: 1
03-06 17:14:51.604  2470  3310 I BatchCreatorManager: addMetricEvent
03-06 17:14:51.613  2470  3310 I BatchCreatorManager: storagePriority: 3
03-06 17:14:51.613  2470  3310 I BatchCreatorManager: addMetricEvent, runningBatch size:12
03-06 17:14:51.613  2470  3310 I MinervaService: handleMessageForService.
03-06 17:14:51.613  2470  3310 I MinervaServiceManager: com.amazon.minerva.service.IonMetricEvent@8a95c5d
03-06 17:14:51.621  2470  4288 I MinervaService: *****record, region:us-east-1, metricGrupId:a0rk0jmc, schemaId:iowr/2/05330400, metricEventId:d75ab088-7e13-41ae-9e7e-8d4cc46b217a, utcTimestamp:1646615691554, localOffsetMinutes:-480, listOfDataPointEnvelopes size:10
03-06 17:14:51.623  2470  4288 I MinervaService: passed permissionCheck()
03-06 17:14:51.624  2470  4288 I MinervaService: metricEvent:com.amazon.minerva.service.IonMetricEvent@57cc11e
03-06 17:14:51.629  8232 13806 I AmazonAppstore.AccountSummaryProviderImpl: isAccountPrepared(null) - using H:e8899180f772a4084e0cec6a435f2fa6
03-06 17:14:51.629  8232 13806 I AmazonAppstore.AccountSummaryProviderImpl: isAccountPrepared() - using H:e8899180f772a4084e0cec6a435f2fa6, returning true
03-06 17:14:51.633  2470  3310 D ProfileVerifier: Current profile: PROFILE_TYPE_ADULT.
03-06 17:14:51.639  2470  3310 D UserControlVerifier: Current metric collection switch is: 1
03-06 17:14:51.644  2470  3310 I BatchCreatorManager: addMetricEvent
03-06 17:14:51.645  2470  3310 I BatchCreatorManager: storagePriority: 3
03-06 17:14:51.645  2470  3310 I BatchCreatorManager: addMetricEvent, runningBatch size:13
03-06 17:14:51.645  2470  3310 I MinervaService: handleMessageForService.
03-06 17:14:51.645  2470  3310 I MinervaServiceManager: com.amazon.minerva.service.IonMetricEvent@72ed9d2
03-06 17:14:51.647  2470  3310 D ProfileVerifier: Current profile: PROFILE_TYPE_ADULT.
03-06 17:14:51.655  2470  3310 D UserControlVerifier: Current metric collection switch is: 1
03-06 17:14:51.657  2470  3310 I BatchCreatorManager: addMetricEvent
03-06 17:14:51.658  1702  1702 V NewAvrcpMediaPlayerList: mPackageChangedBroadcastReceiver: action: android.intent.action.PACKAGE_DATA_CLEARED
03-06 17:14:51.661  2470  3310 I BatchCreatorManager: storagePriority: 3
03-06 17:14:51.661  2470  3310 I BatchCreatorManager: addMetricEvent, runningBatch size:14
03-06 17:14:51.663  2470  3310 I MinervaService: handleMessageForService.
03-06 17:14:51.663  2470  3310 I MinervaServiceManager: com.amazon.minerva.service.IonMetricEvent@fbceaa3
03-06 17:14:51.665  2470  3310 D ProfileVerifier: Current profile: PROFILE_TYPE_ADULT.
03-06 17:14:51.669  2310  3640 I WakeWordService: DecoderID=WakeWordService_input_decoder: recognition_id=WakeWordService_input_decoder-0: Audio backlog size 0 msec no longer exceeds initial warning threshold of 500 msec.
03-06 17:14:51.671  2470  3310 D UserControlVerifier: Current metric collection switch is: 1
03-06 17:14:51.672  2470  3310 I BatchCreatorManager: addMetricEvent
03-06 17:14:51.672  2470  3310 I BatchCreatorManager: storagePriority: 3
03-06 17:14:51.672  2470  3310 I BatchCreatorManager: addMetricEvent, runningBatch size:15
03-06 17:14:51.672  2470  3310 I MinervaService: handleMessageForService.
03-06 17:14:51.672  2470  3310 I MinervaServiceManager: com.amazon.minerva.service.IonMetricEvent@fffc1a0
03-06 17:14:51.675  2470  3310 D ProfileVerifier: Current profile: PROFILE_TYPE_ADULT.
03-06 17:14:51.677  2470  3310 D UserControlVerifier: Current metric collection switch is: 1
03-06 17:14:51.677  2470  3310 I BatchCreatorManager: addMetricEvent
03-06 17:14:51.678  2470  3310 I BatchCreatorManager: storagePriority: 3
03-06 17:14:51.678  2470  3310 I BatchCreatorManager: addMetricEvent, runningBatch size:16
03-06 17:14:51.678  2470  3310 I MinervaService: handleMessageForService.
03-06 17:14:51.678  2470  3310 I MinervaServiceManager: com.amazon.minerva.service.IonMetricEvent@ea46159
03-06 17:14:51.680 14302 14302 I ...h.device.api.MAPInit: Initializing MAP (130050002 / MAPAndroidLib-1.3.169.0) for app com.amazon.sync.service. MAP release version: 20210930P
03-06 17:14:51.683  2470  3310 D ProfileVerifier: Current profile: PROFILE_TYPE_ADULT.
03-06 17:14:51.683  8232 13806 I AmazonAppstore.AccountSummaryProviderImpl: isAccountPrepared(null) - using H:e8899180f772a4084e0cec6a435f2fa6
03-06 17:14:51.684  8232 13806 I AmazonAppstore.AccountSummaryProviderImpl: isAccountPrepared() - using H:e8899180f772a4084e0cec6a435f2fa6, returning true
03-06 17:14:51.686  2470  3310 D UserControlVerifier: Current metric collection switch is: 1
03-06 17:14:51.687  2470  3310 I BatchCreatorManager: addMetricEvent
03-06 17:14:51.688  2470  3310 I BatchCreatorManager: storagePriority: 3
03-06 17:14:51.688  2470  3310 I BatchCreatorManager: addMetricEvent, runningBatch size:17
03-06 17:14:51.688  2470  3310 I MinervaService: handleMessageForService.
03-06 17:14:51.688  2470  3310 I MinervaServiceManager: com.amazon.minerva.service.IonMetricEvent@57cc11e
03-06 17:14:51.689  2470  3310 D ProfileVerifier: Current profile: PROFILE_TYPE_ADULT.
03-06 17:14:51.690  2470  3310 D UserControlVerifier: Current metric collection switch is: 1
03-06 17:14:51.691  2470  3310 I BatchCreatorManager: addMetricEvent
03-06 17:14:51.691  2470  3310 I BatchCreatorManager: storagePriority: 3
03-06 17:14:51.691  2470  3310 I BatchCreatorManager: addMetricEvent, runningBatch size:18
03-06 17:14:51.694 14302 14302 W ...ervice/MetricsHelper: ThirdParty DCP metrics not supported
03-06 17:14:51.698  2470  3101 I MinervaService: *****record, region:us-east-1, metricGrupId:a0rk0jmc, schemaId:iowr/2/05330400, metricEventId:e73f9cb0-e9c5-436d-8a39-8c53f088d34b, utcTimestamp:1646615691621, localOffsetMinutes:-480, listOfDataPointEnvelopes size:10
03-06 17:14:51.698  2470  3101 I MinervaService: passed permissionCheck()
03-06 17:14:51.699  2470  3101 I MinervaService: metricEvent:com.amazon.minerva.service.IonMetricEvent@4298dff
03-06 17:14:51.701  2470  3310 I MinervaService: handleMessageForService.
03-06 17:14:51.701  2470  3310 I MinervaServiceManager: com.amazon.minerva.service.IonMetricEvent@4298dff
03-06 17:14:51.708 14302 14302 I ...ures.FeatureSetCache: Caching feature IsolateApplication as false
03-06 17:14:51.711  2470  3310 D ProfileVerifier: Current profile: PROFILE_TYPE_ADULT.
03-06 17:14:51.712  2470  2496 I .client.metric: Background concurrent copying GC freed 60304(4MB) AllocSpace objects, 40(1600KB) LOS objects, 49% free, 2MB/5MB, paused 925us total 199.290ms
03-06 17:14:51.713  8232 13806 I AmazonAppstore.AccountSummaryProviderImpl: isAccountPrepared(null) - using H:e8899180f772a4084e0cec6a435f2fa6
03-06 17:14:51.713  8232 13806 I AmazonAppstore.AccountSummaryProviderImpl: isAccountPrepared() - using H:e8899180f772a4084e0cec6a435f2fa6, returning true
03-06 17:14:51.715 14302 14302 I ...ervice/MetricsHelper: FireOS DCP metrics is supported
03-06 17:14:51.715 14302 14302 I ...ervice/MetricsHelper: Using the FireOSPlatformDCPMetricsCollector
03-06 17:14:51.720 14302 14302 V MetricsServiceConnection: getService : Sent explicit intent to bind to metrics service. Service will be bound asynchronously.
03-06 17:14:51.721 14302 14302 D AndroidMetricsFactoryImpl: shouldRecordMetrics : First time check recordMetricsSetting
03-06 17:14:51.721 14302 14302 D MetricsServiceWrapper: getRecordMetricsSetting : metrics service is not yet registed with the ServiceManager, use default record Metrics setting: true.
03-06 17:14:51.721 14302 14302 D AndroidMetricsFactoryImpl: shouldRecordMetrics : lastRecordSettingReadTime after IPC call getRecordMetricsSetting : 1646615691721
03-06 17:14:51.725 14302 14302 W MetricsServiceWrapper: record : MetricsService not yet bound. Buffering MetricRecord. Program=com.amazon.sync.service Source=MAPInit:initialize
03-06 17:14:51.726 14302 14302 I ...ervice/MetricsHelper: FireOS Periodic metrics is supported
03-06 17:14:51.730  2470  3310 D UserControlVerifier: Current metric collection switch is: 1
03-06 17:14:51.731  2470  3310 I BatchCreatorManager: addMetricEvent
03-06 17:14:51.732  2470  3310 I BatchCreatorManager: storagePriority: 3
03-06 17:14:51.732  2470  3310 I BatchCreatorManager: addMetricEvent, runningBatch size:19
03-06 17:14:51.736 14302 14302 I ...odicMetricsCollector: Successfully create FireOSPeriodicMetricsCollector.
03-06 17:14:51.737 14289 14289 W om.amazon.diod: resources.arsc in APK '/system/priv-app/DeviceClientPlatformContractsFramework/DeviceClientPlatformContractsFramework.apk' is compressed.
03-06 17:14:51.738 14302 14302 I ...h.device.api.MAPInit: Running MAPInit on main thread: true
03-06 17:14:51.743  8232 13806 I AmazonAppstore.AccountSummaryProviderImpl: isAccountPrepared(null) - using H:e8899180f772a4084e0cec6a435f2fa6
03-06 17:14:51.743  8232 13806 I AmazonAppstore.AccountSummaryProviderImpl: isAccountPrepared() - using H:e8899180f772a4084e0cec6a435f2fa6, returning true
03-06 17:14:51.752 14302 14326 I ...entralTrustLogicImpl: Current package is: com.amazon.sync.service. Directly trust central package: com.amazon.imp, since it is system MAP library
03-06 17:14:51.752 14302 14302 V MetricsServiceConnection: onServiceConnected : service android.os.BinderProxy@a14b5d6
03-06 17:14:51.756  1433  5679 W AccountManagerService: insertAccountIntoDatabase: Account {name=xxxxxxxxxxxxxxxxxxxx, type=amazon.account}, skipping since the account already exists
03-06 17:14:51.771 14289 14289 I com.amazon.diode.DiodeApplication: Registered receiver: com.amazon.diode.receivers.IdentifyReceiver@93b0dbd with filter: android.content.IntentFilter@9829fb2 for intent : com.amazon.diode.intent.IDENTIFY
03-06 17:14:51.772  2470  3101 I MinervaService: *****record, region:us-east-1, metricGrupId:a0rk0jmc, schemaId:iowr/2/05330400, metricEventId:00a5be8f-8f0f-4f16-aa52-18a633c29f97, utcTimestamp:1646615691709, localOffsetMinutes:-480, listOfDataPointEnvelopes size:10
03-06 17:14:51.773  2470  3101 I MinervaService: passed permissionCheck()
03-06 17:14:51.774  2470  3101 I MinervaService: metricEvent:com.amazon.minerva.service.IonMetricEvent@12f57cc
03-06 17:14:51.775  2470  3310 I MinervaService: handleMessageForService.
03-06 17:14:51.775  2470  3310 I MinervaServiceManager: com.amazon.minerva.service.IonMetricEvent@12f57cc
03-06 17:14:51.776 14302 14328 I ...taStorageFactoryImpl: Creating new DataStorageFactoryImpl
03-06 17:14:51.776 14302 14328 I ...amework.MAPInitTasks: Get DataStorage instance for initialization
