03-06 17:14:46.739  8232 12595 I AmazonAppstore.AccountSummaryProviderImpl: isAccountPrepared() - using H:e8899180f772a4084e0cec6a435f2fa6, returning true
03-06 17:14:46.767  8232 12595 I AmazonAppstore.AppManagerUpdateDelegate: Sending broadcast with action=com.amazon.mas.client.locker.APP_ICON_AVAILABLE
03-06 17:14:46.776  8232 12595 I AmazonAppstore.AppManagerUpdateDelegate: Insert into app_icons table for asin=149762cf048e0687b120f772048587bec4c7a4e16f7390f9afa57fa9c5f2c148 and imageType=PREVIEW
03-06 17:14:46.778  1433  1433 V BackupManagerConstants: getFullBackupIntervalMilliseconds(...) returns 86400000
03-06 17:14:46.784  1433  1449 W Searchables: No web search activity found
03-06 17:14:46.804  8232 12595 I AmazonAppstore.AccountSummaryProviderImpl: isAccountPrepared(null) - using H:e8899180f772a4084e0cec6a435f2fa6
03-06 17:14:46.804  8232 12595 I AmazonAppstore.AccountSummaryProviderImpl: isAccountPrepared() - using H:e8899180f772a4084e0cec6a435f2fa6, returning true
03-06 17:14:46.823  2458 13268 I F_C.PackageEventHandler: Attempting to add package: 618692949
03-06 17:14:46.838  8232 12595 I AmazonAppstore.AppManagerUpdateDelegate: Insert into app_icons table for asin=149762cf048e0687b120f772048587bec4c7a4e16f7390f9afa57fa9c5f2c148 and imageType=THUMBNAIL
03-06 17:14:46.851  8232 12595 I AmazonAppstore.AccountSummaryProviderImpl: isAccountPrepared(null) - using H:e8899180f772a4084e0cec6a435f2fa6
03-06 17:14:46.851  8232 12595 I AmazonAppstore.AccountSummaryProviderImpl: isAccountPrepared() - using H:e8899180f772a4084e0cec6a435f2fa6, returning true
03-06 17:14:46.922  8232 12595 I AmazonAppstore.AppManagerUpdateDelegate: Sending broadcast with action=com.amazon.mas.client.locker.APP_ICON_AVAILABLE
03-06 17:14:46.924  1433  1449 W VoiceInteractionManagerService: no available voice recognition services found for user 0
03-06 17:14:46.926  8232 12595 I AmazonAppstore.AppManagerUpdateDelegate: Insert into app_icons table for asin=c1c87adc76e10cd9694054737a3f79e95751c7f8bf00bff713f1e8c29d1af720 and imageType=PREVIEW
03-06 17:14:46.939  2458 13270 I F_C.BaseCardProducerSer: Handling work for com.amazon.firelauncher.appmanager.APPS_ADDED
03-06 17:14:46.955  2458 13270 I F_C.BaseCardProducerSer: No increment in producer version.
03-06 17:14:46.958  8232 12595 I AmazonAppstore.AccountSummaryProviderImpl: isAccountPrepared(null) - using H:e8899180f772a4084e0cec6a435f2fa6
03-06 17:14:46.958  8232 12595 I AmazonAppstore.AccountSummaryProviderImpl: isAccountPrepared() - using H:e8899180f772a4084e0cec6a435f2fa6, returning true
03-06 17:14:46.959  8232 12408 I AmazonAppstore.LibraryCampaignCardProducer: Pushing pablo campaign cards in Library
03-06 17:14:46.965  8232 12408 I AmazonAppstore.ForYouVideosCardProducer: Updating For You cards.
03-06 17:14:46.965  8232 12408 I AmazonAppstore.AccountSummaryProviderImpl: isAccountPrepared(null) - using H:e8899180f772a4084e0cec6a435f2fa6
03-06 17:14:46.966  2458 13270 I F_C.BootstrappingProduc: All bootstrapping complete, handling work
03-06 17:14:46.966  8232 12408 I AmazonAppstore.AccountSummaryProviderImpl: isAccountPrepared() - using H:e8899180f772a4084e0cec6a435f2fa6, returning true
03-06 17:14:46.966  8232 12408 I AmazonAppstore.ForYouVideosCardProducer: Updating Installed Asins.
03-06 17:14:46.969   249   249 D KM1_UREE: km_tz_call: <cmd:18>, input:379527
03-06 17:14:46.969   249   249 D KM1_UREE: km_tz_call: <cmd:8>, input:0xb5a2b000, inputsize:199
03-06 17:14:46.969  2458 13270 I F_C.RebuildingDatabaseO: Setting WAL enabled: true, wantsWal is true
03-06 17:14:46.971   249   249 E KM1_UREE: GetKeyCharacteristics:0
03-06 17:14:46.985  1433  1449 I PackageRecency: Install of com.test.myapplication
03-06 17:14:46.986  1433  1449 W PackageRecency: No listeners found
03-06 17:14:46.991   249   249 W /vendor/bin/hw/android.hardware.keymaster@3.0-service: Not performing software digesting for symmetric cipher keys
03-06 17:14:46.991   249   249 W /vendor/bin/hw/android.hardware.keymaster@3.0-service: Not performing software digesting for symmetric cipher keys
03-06 17:14:46.993  8232 12408 I AmazonAppstore.AndroidKeystoreKeyProvider: Key already initialized in Keystore
03-06 17:14:46.998  8232 12408 I AmazonAppstore.DeviceInformation: Requesting device type from MAP
03-06 17:14:47.000  8232 12408 I AmazonAppstore.DeviceInformation: Requesting device type from MAP
03-06 17:14:47.000  8232 12408 I AmazonAppstore.MigrationHelper: Migration status - true
03-06 17:14:47.000  2458 13270 I F_C.LauncherNotificatio: Handling work for com.amazon.firelauncher.appmanager.APPS_ADDED
03-06 17:14:47.005   249   249 D KM1_UREE: km_tz_call: <cmd:18>, input:379564
03-06 17:14:47.005   249   249 D KM1_UREE: km_tz_call: <cmd:8>, input:0xb5a2b000, inputsize:199
03-06 17:14:47.006   249   249 E KM1_UREE: GetKeyCharacteristics:0
03-06 17:14:47.006   249   249 W /vendor/bin/hw/android.hardware.keymaster@3.0-service: Not performing software digesting for symmetric cipher keys
03-06 17:14:47.006   249   249 W /vendor/bin/hw/android.hardware.keymaster@3.0-service: Not performing software digesting for symmetric cipher keys
03-06 17:14:47.010   249   249 D KM1_UREE: km_tz_call: <cmd:18>, input:379568
03-06 17:14:47.010   249   249 D KM1_UREE: km_tz_call: <cmd:8>, input:0xb5a2b000, inputsize:199
03-06 17:14:47.011   249   249 E KM1_UREE: GetKeyCharacteristics:0
03-06 17:14:47.011   249   249 W /vendor/bin/hw/android.hardware.keymaster@3.0-service: Not performing software digesting for symmetric cipher keys
03-06 17:14:47.011   249   249 W /vendor/bin/hw/android.hardware.keymaster@3.0-service: Not performing software digesting for symmetric cipher keys
03-06 17:14:47.012   249   249 D KM1_UREE: km_tz_call: <cmd:18>, input:379570
03-06 17:14:47.012   249   249 D KM1_UREE: km_tz_call: <cmd:13>, input:0xb5a2b000, inputsize:340
03-06 17:14:47.012   249   249 E KM1_UREE: BeginOperation:0
03-06 17:14:47.012  8232 12595 I AmazonAppstore.AppManagerUpdateDelegate: Insert into app_icons table for asin=c1c87adc76e10cd9694054737a3f79e95751c7f8bf00bff713f1e8c29d1af720 and imageType=THUMBNAIL
03-06 17:14:47.016   249   249 D KM1_UREE: km_tz_call: <cmd:18>, input:379574
03-06 17:14:47.016   249   249 D KM1_UREE: km_tz_call: <cmd:14>, input:0xb5a230c0, inputsize:163
03-06 17:14:47.017   249   249 E KM1_UREE: UpdateOperation:0
03-06 17:14:47.018   249   249 D KM1_UREE: km_tz_call: <cmd:18>, input:379577
03-06 17:14:47.018   249   249 D KM1_UREE: km_tz_call: <cmd:15>, input:0xb5a2b000, inputsize:109
03-06 17:14:47.019   249   249 E KM1_UREE: FinishOperation:0
03-06 17:14:47.035  8232 12595 I AmazonAppstore.AccountSummaryProviderImpl: isAccountPrepared(null) - using H:e8899180f772a4084e0cec6a435f2fa6
03-06 17:14:47.035  8232 12595 I AmazonAppstore.AccountSummaryProviderImpl: isAccountPrepared() - using H:e8899180f772a4084e0cec6a435f2fa6, returning true
03-06 17:14:47.042  2458 13270 I LockerProviderHelper: Querying content Uri=content://com.amazon.venezia.locker-com.amazon.venezia/apps
03-06 17:14:47.043  1433  1433 W Looper  : Drained
03-06 17:14:47.095  1702  1702 V NewAvrcpMediaPlayerList: mPackageChangedBroadcastReceiver: action: android.intent.action.PACKAGE_DATA_CLEARED
03-06 17:14:47.099  8232 12595 I AmazonAppstore.AppManagerUpdateDelegate: Sending broadcast with action=com.amazon.mas.client.locker.APP_ICON_AVAILABLE
03-06 17:14:47.131  1433  1452 I ActivityManager: Start proc 14163:com.amazon.cloud9/u0a113 for broadcast com.amazon.cloud9/org.chromium.chrome.browser.browserservices.ClientAppBroadcastReceiver
03-06 17:14:47.131  1433  1452 W ActivityManager: Slow operation: 51ms so far, now at startProcess: done updating pids map
03-06 17:14:47.146  8232 12595 I AmazonAppstore.AppManagerUpdateDelegate: Insert into app_icons table for asin=f28ceab72bd746217713a339c1894efe7ae4bb52693cdabdb63e2708eb245617 and imageType=PREVIEW
03-06 17:14:47.160  2458 13270 W on.firelaunche: resources.arsc in APK '/data/app/com.test.myapplication-UhTzfk65QsSd0mqHq6EhAg==/base.apk' is compressed.
03-06 17:14:47.164  1433  1433 V SettingsProvider: Notifying for 0: content://settings/global/prev_mem_size_broadcasted
03-06 17:14:47.165  8232 12595 I AmazonAppstore.AccountSummaryProviderImpl: isAccountPrepared(null) - using H:e8899180f772a4084e0cec6a435f2fa6
03-06 17:14:47.165  8232 12595 I AmazonAppstore.AccountSummaryProviderImpl: isAccountPrepared() - using H:e8899180f772a4084e0cec6a435f2fa6, returning true
03-06 17:14:47.177  8232 12595 I AmazonAppstore.AppManagerUpdateDelegate: Insert into app_icons table for asin=f28ceab72bd746217713a339c1894efe7ae4bb52693cdabdb63e2708eb245617 and imageType=THUMBNAIL
03-06 17:14:47.204  8232 12595 I AmazonAppstore.AccountSummaryProviderImpl: isAccountPrepared(null) - using H:e8899180f772a4084e0cec6a435f2fa6
03-06 17:14:47.204  8232 12595 I AmazonAppstore.AccountSummaryProviderImpl: isAccountPrepared() - using H:e8899180f772a4084e0cec6a435f2fa6, returning true
03-06 17:14:47.244  8232 12595 I AmazonAppstore.AppManagerUpdateDelegate: Sending broadcast with action=com.amazon.mas.client.locker.APP_ICON_AVAILABLE
03-06 17:14:47.253   296  3667 W AudioALSACaptureDataClient: -read(),(Not enough data) ReadDataBytes 256!!
03-06 17:14:47.268  8232 12595 I AmazonAppstore.AppManagerUpdateDelegate: Insert into app_icons table for asin=87e66185b9cb14bf2579d9eaa69246be668b020b33fce4767c4e06f806c7c9bf and imageType=PREVIEW
03-06 17:14:47.301 14163 14163 E m.amazon.cloud: Not starting debugger since process cannot load the jdwp agent.
03-06 17:14:47.310  8232 12595 I AmazonAppstore.AccountSummaryProviderImpl: isAccountPrepared(null) - using H:e8899180f772a4084e0cec6a435f2fa6
03-06 17:14:47.310  8232 12595 I AmazonAppstore.AccountSummaryProviderImpl: isAccountPrepared() - using H:e8899180f772a4084e0cec6a435f2fa6, returning true
03-06 17:14:47.335  8232 12595 I AmazonAppstore.AppManagerUpdateDelegate: Insert into app_icons table for asin=87e66185b9cb14bf2579d9eaa69246be668b020b33fce4767c4e06f806c7c9bf and imageType=THUMBNAIL
03-06 17:14:47.339  8232 12595 I AmazonAppstore.AccountSummaryProviderImpl: isAccountPrepared(null) - using H:e8899180f772a4084e0cec6a435f2fa6
03-06 17:14:47.340  8232 12595 I AmazonAppstore.AccountSummaryProviderImpl: isAccountPrepared() - using H:e8899180f772a4084e0cec6a435f2fa6, returning true
03-06 17:14:47.356 12127 14181 I AlexaCentralForApps.AcaAuthUtility: Not updating cache as the conditions have not met
03-06 17:14:47.370 12127 14171 I AlexaCentralForApps.LiveCardsStateProvider: Client ineligible. No actions to be taken
03-06 17:14:47.385 12127 14171 E AlexaCentralForApps.MonitorMetricsLogger: Metrics Service could not be accessed: com.amazon.client.metrics.api, cannot log metrics
03-06 17:14:47.391 12127 14171 W AlexaCentralForApps.LockerBroadcastReceiverService: System is not ready. Not responding to com.amazon.mas.client.locker.service.lockersync.LOCKER_SYNC_COMPLETE
03-06 17:14:47.418  2458 13270 I F_C.CardAppIconInventor: Get BitmapDrawable for icon. Icon image /data/user/0/com.amazon.firelauncher/files/lib_icons/com.test.myapplication-com.test.myapplication.MainActivity.png has written into disk successfully, the file size is: 4978 bytes
03-06 17:14:47.429  2458 13270 I F_C.DefaultAppRecencyDa: Replace and insert 1 apps into db: 395942165.
03-06 17:14:47.453  2458 13270 I F_C.GamesAppsLibraryDec: Drawing games and apps library cards.
03-06 17:14:47.459  1433  1865 W ActivityManager: Slow operation: 64ms so far, now at attachApplicationLocked: after sendPendingBroadcastsLocked
03-06 17:14:47.525  1433  1443 I ActivityManager: START u0 {flg=0x10000000 cmp=com.test.myapplication/.MainActivity} from uid 0
03-06 17:14:47.544   301   318 I vendor.mediatek.hardware.power@2.0-impl: powerHintAsync hint:2, data:200
03-06 17:14:47.552  8232 12595 I AmazonAppstore.AppManagerUpdateDelegate: Sending broadcast with action=com.amazon.mas.client.locker.APP_ICON_AVAILABLE
03-06 17:14:47.555   301   317 I libPowerHal: 2: set freq: 1300000, freq max:0
03-06 17:14:47.555   301   317 I libPowerHal: 2: set: 2, set max:4
03-06 17:14:47.567  1433  1443 W system_server: resources.arsc in APK '/data/app/com.test.myapplication-UhTzfk65QsSd0mqHq6EhAg==/base.apk' is compressed.
03-06 17:14:47.571 14163 14163 I m.amazon.cloud: The ClassLoaderContext is a special shared library.
03-06 17:14:47.612 14163 14163 W m.amazon.cloud: ClassLoaderContext classpath size mismatch for position 0. expected=0, found=1 (PCL[] | PCL[/system/framework/com.amazon.identity.auth.device.jar*317905733])
03-06 17:14:47.634  2458 13270 I F_C.GamesAppsLibraryDec: Number of Library items : 2
03-06 17:14:47.635  2458 13270 I F_C.LibrarySectionDeck: Drawing cards for section apps
03-06 17:14:47.642   301   318 I vendor.mediatek.hardware.power@2.0-impl: powerHintAsync hint:8, data:1
03-06 17:14:47.649 14163 14163 W m.amazon.cloud: ClassLoaderContext classpath size mismatch for position 0. expected=0, found=2 (PCL[] | PCL[/system/framework/com.amazon.identity.auth.device.jar*317905733:/system/priv-app/MetricsApi/MetricsApi.apk*86587517])
03-06 17:14:47.678  2458  2458 I F_C.Launcher: onPause
03-06 17:14:47.684  1433  1451 W Looper  : Slow dispatch took 160ms android.ui h=com.android.server.am.ActivityManagerService$UiHandler c=null m=53
03-06 17:14:47.688  2458 13268 D AmazonDownloadManager: unregister observer for id :-1
03-06 17:14:47.689 14163 14163 I m.amazon.cloud: The ClassLoaderContext is a special shared library.
03-06 17:14:47.696  2458 13270 I F_C.LibrarySectionDeck: Pushing cards with 2 apps for section apps
03-06 17:14:47.710  2458 13270 I F_C.LibrarySectionDeck: Drawing cards for section games
03-06 17:14:47.718  2458 13270 I F_C.LibrarySectionDeck: No items returned for app types [GAME], deleting card
03-06 17:14:47.728  2458 13270 I F_C.AppDecks: Intent com.amazon.firelauncher.appmanager.APPS_ADDED not applicable for deck AppsRecencyDeck, draw ignored.
03-06 17:14:47.728  2458 13270 I F_C.UpNextDeck: Replacing all Up Next cards, with app last used time.
03-06 17:14:47.731  1433  1433 W Looper  : Slow dispatch took 217ms main h=com.android.server.job.JobSchedulerService$JobHandler c=null m=4
03-06 17:14:47.748   301   317 I libPowerHal: 2: set: 1, set max:4
03-06 17:14:47.749   301   317 I libPowerHal: 2: set freq: 0, freq max:0
03-06 17:14:47.764  1433  1433 W Looper  : Slow delivery took 221ms main h=com.android.server.job.JobSchedulerService$JobHandler c=null m=4
03-06 17:14:47.771  1433  1443 I WifiService: acquireWifiLock uid=10136 lockMode=1
03-06 17:14:47.793  8232 12595 I AmazonAppstore.AppManagerUpdateDelegate: Insert into app_icons table for asin=b611984b849af8398f3d95b6e9677b6df8636d63360acd0539e22ff51d8628b1 and imageType=PREVIEW
03-06 17:14:47.813  1433  1433 W Looper  : Drained
03-06 17:14:47.839 14163 14163 W m.amazon.cloud: resources.arsc in APK '/system/priv-app/DeviceClientPlatformContractsFramework/DeviceClientPlatformContractsFramework.apk' is compressed.
03-06 17:14:47.848  1433  3591 I WifiService: releaseWifiLock uid=10136
03-06 17:14:47.849 14188 14188 I t.myapplicatio: Late-enabling -Xcheck:jni
03-06 17:14:47.856  1433  1452 W ActivityManager: Slow operation: 118ms so far, now at startProcess: returned from zygote!
03-06 17:14:47.857  1433  1452 W ActivityManager: Slow operation: 118ms so far, now at startProcess: done updating battery stats
03-06 17:14:47.857  1433  1452 W ActivityManager: Slow operation: 119ms so far, now at startProcess: building log message
03-06 17:14:47.858  1433  1452 I ActivityManager: Start proc 14188:com.test.myapplication/u0a180 for activity com.test.myapplication/.MainActivity
03-06 17:14:47.858  1433  1452 W ActivityManager: Slow operation: 120ms so far, now at startProcess: starting to update pids map
03-06 17:14:47.858  1433  1452 W ActivityManager: Slow operation: 120ms so far, now at startProcess: done updating pids map
03-06 17:14:47.877  2458  2458 I F_C.Launcher: onWindowFocusChanged: false
03-06 17:14:47.877  2458  2458 I F_C.Launcher: Try to start tutorial
03-06 17:14:47.879  2458  2458 I F_C.Launcher: isActivityStarted: true, isWindowFocused: false, isDeviceAlexaStateInitialized: true
03-06 17:14:47.921  8232 14195 I AmazonAppstore.AndroidKeystoreKeyProvider: Key already initialized in Keystore
03-06 17:14:47.921  8232 14195 I AmazonAppstore.DeviceInformation: Requesting device type from MAP
03-06 17:14:47.925  8232 12595 I AmazonAppstore.AccountSummaryProviderImpl: isAccountPrepared(null) - using H:e8899180f772a4084e0cec6a435f2fa6
03-06 17:14:47.925  8232 12595 I AmazonAppstore.AccountSummaryProviderImpl: isAccountPrepared() - using H:e8899180f772a4084e0cec6a435f2fa6, returning true
03-06 17:14:47.929  8232 14195 I AmazonAppstore.DeviceInformation: Requesting device type from MAP
03-06 17:14:47.936  8232 14195 I AmazonAppstore.MigrationHelper: Migration status - true
03-06 17:14:47.941   249   249 D KM1_UREE: km_tz_call: <cmd:18>, input:380500
03-06 17:14:47.942   249   249 D KM1_UREE: km_tz_call: <cmd:8>, input:0xb5a2b000, inputsize:199
03-06 17:14:47.943   249   249 E KM1_UREE: GetKeyCharacteristics:0
03-06 17:14:47.945   249   249 W /vendor/bin/hw/android.hardware.keymaster@3.0-service: Not performing software digesting for symmetric cipher keys
03-06 17:14:47.945   249   249 W /vendor/bin/hw/android.hardware.keymaster@3.0-service: Not performing software digesting for symmetric cipher keys
03-06 17:14:47.948   249   249 D KM1_UREE: km_tz_call: <cmd:18>, input:380507
03-06 17:14:47.948   249   249 D KM1_UREE: km_tz_call: <cmd:8>, input:0xb5a2b000, inputsize:199
03-06 17:14:47.949   249   249 E KM1_UREE: GetKeyCharacteristics:0
03-06 17:14:47.949   249   249 W /vendor/bin/hw/android.hardware.keymaster@3.0-service: Not performing software digesting for symmetric cipher keys
03-06 17:14:47.949   249   249 W /vendor/bin/hw/android.hardware.keymaster@3.0-service: Not performing software digesting for symmetric cipher keys
03-06 17:14:47.950   249   249 D KM1_UREE: km_tz_call: <cmd:18>, input:380508
03-06 17:14:47.950   249   249 D KM1_UREE: km_tz_call: <cmd:8>, input:0xb5a2b000, inputsize:199
03-06 17:14:47.950   249   249 E KM1_UREE: GetKeyCharacteristics:0
03-06 17:14:47.950   249   249 W /vendor/bin/hw/android.hardware.keymaster@3.0-service: Not performing software digesting for symmetric cipher keys
03-06 17:14:47.950   249   249 W /vendor/bin/hw/android.hardware.keymaster@3.0-service: Not performing software digesting for symmetric cipher keys
03-06 17:14:47.950   249   249 D KM1_UREE: km_tz_call: <cmd:18>, input:380509
03-06 17:14:47.950   249   249 D KM1_UREE: km_tz_call: <cmd:13>, input:0xb5a2b000, inputsize:340
03-06 17:14:47.951   249   249 E KM1_UREE: BeginOperation:0
03-06 17:14:47.952  8232 12595 I AmazonAppstore.AppManagerUpdateDelegate: Insert into app_icons table for asin=b611984b849af8398f3d95b6e9677b6df8636d63360acd0539e22ff51d8628b1 and imageType=THUMBNAIL
03-06 17:14:47.955   249   249 D KM1_UREE: km_tz_call: <cmd:18>, input:380513
03-06 17:14:47.956   249   249 D KM1_UREE: km_tz_call: <cmd:14>, input:0xb5a320a0, inputsize:139
03-06 17:14:47.957   249   249 E KM1_UREE: UpdateOperation:0
03-06 17:14:47.959   249   249 D KM1_UREE: km_tz_call: <cmd:18>, input:380517
03-06 17:14:47.959   249   249 D KM1_UREE: km_tz_call: <cmd:15>, input:0xb5a2b000, inputsize:109
03-06 17:14:47.959   249   249 E KM1_UREE: FinishOperation:0
03-06 17:14:47.960  8232 14195 I AmazonAppstore.AutoActionDelegator/FeatureConfigAppInfoHelper: Feature name: installAckAsins
03-06 17:14:47.960  8232 14195 I AmazonAppstore.AutoActionDelegator/FeatureConfigAppInfoHelper: PFM: ATVPDKIKX0DER
03-06 17:14:48.005 14163 14163 I cr_SplitCompatApp: Launched version=96.0.4664.175 minSdkVersion=22 isBundle=false processName=com.amazon.cloud9 isIsolated=false
03-06 17:14:48.014  8232 12595 I AmazonAppstore.AccountSummaryProviderImpl: isAccountPrepared(null) - using H:e8899180f772a4084e0cec6a435f2fa6
03-06 17:14:48.014  8232 12595 I AmazonAppstore.AccountSummaryProviderImpl: isAccountPrepared() - using H:e8899180f772a4084e0cec6a435f2fa6, returning true
03-06 17:14:48.032  8232 12595 I AmazonAppstore.AppManagerUpdateDelegate: Sending broadcast with action=com.amazon.mas.client.locker.APP_ICON_AVAILABLE
03-06 17:14:48.043  8232 12595 I AmazonAppstore.AppManagerUpdateDelegate: Insert into app_icons table for asin=964ccc66ac4e91855fecf404d20bc549b34294495fff85609c88083c0af44b75 and imageType=PREVIEW
03-06 17:14:48.046  8232 12595 I AmazonAppstore.AccountSummaryProviderImpl: isAccountPrepared(null) - using H:e8899180f772a4084e0cec6a435f2fa6
03-06 17:14:48.046  8232 12595 I AmazonAppstore.AccountSummaryProviderImpl: isAccountPrepared() - using H:e8899180f772a4084e0cec6a435f2fa6, returning true
03-06 17:14:48.053  2458 13270 I F_C.UpNextDeck: App 907462841 is not installed, perhaps it was removed
03-06 17:14:48.071  8232 12595 I AmazonAppstore.AppManagerUpdateDelegate: Insert into app_icons table for asin=964ccc66ac4e91855fecf404d20bc549b34294495fff85609c88083c0af44b75 and imageType=THUMBNAIL
03-06 17:14:48.078  8232 12595 I AmazonAppstore.AccountSummaryProviderImpl: isAccountPrepared(null) - using H:e8899180f772a4084e0cec6a435f2fa6
03-06 17:14:48.078  8232 12595 I AmazonAppstore.AccountSummaryProviderImpl: isAccountPrepared() - using H:e8899180f772a4084e0cec6a435f2fa6, returning true
03-06 17:14:48.107  8232 12595 I AmazonAppstore.AppManagerUpdateDelegate: Sending broadcast with action=com.amazon.mas.client.locker.APP_ICON_AVAILABLE
03-06 17:14:48.115  8232 12595 I AmazonAppstore.AppManagerUpdateDelegate: Insert into app_icons table for asin=cd5344324388c9119a4fb05e7c0c2eb0fa57b84870cfe685222d04f658591fd4 and imageType=PREVIEW
03-06 17:14:48.139 14163 14163 I cr_SlateApplication: Skia renderer not controlled by remote config, using default
03-06 17:14:48.144  8232 12595 I AmazonAppstore.AccountSummaryProviderImpl: isAccountPrepared(null) - using H:e8899180f772a4084e0cec6a435f2fa6
03-06 17:14:48.144  8232 12595 I AmazonAppstore.AccountSummaryProviderImpl: isAccountPrepared() - using H:e8899180f772a4084e0cec6a435f2fa6, returning true
03-06 17:14:48.155 11896 12610 I AmazonDTCP.JobStartLogger: Kicking off network bound task with ID 7
03-06 17:14:48.158  8232 12595 I AmazonAppstore.AppManagerUpdateDelegate: Insert into app_icons table for asin=cd5344324388c9119a4fb05e7c0c2eb0fa57b84870cfe685222d04f658591fd4 and imageType=THUMBNAIL
03-06 17:14:48.162 11896 12610 D AmazonDTCP.PmetMetricsFactory: recordCount - ThirdPartySQLRetrieveErrorRatio:0
03-06 17:14:48.171 11896 12610 I AmazonDtcpMetrics: Retrieving third party events from database: 0
03-06 17:14:48.171 11896 12610 D AmazonDTCP.PmetMetricsFactory: recordCount - ThirdPartySavedEventCountOnNetworkConnection:0
03-06 17:14:48.181  1433  1680 I WifiDiagsUtil: event=RUN_TEST_CONTINUOUSLY
03-06 17:14:48.185 11896 12610 D AmazonDTCP.PmetMetricsFactory: recordCount - ThirdPartyExecutionCompletionSuccessRatio:1
03-06 17:14:48.193  1433  1680 D WifiDiagsUtil: loggingPacketStats
03-06 17:14:48.193  1433  1680 I WifiDiagsUtil: event=logPacketStats, if_name=wlan0, rx_bytes=119227131, rx_packets=95413, tx_bytes=7651203, tx_packets=45768
03-06 17:14:48.194  1433  1680 I WifiDiagsUtil: event=logPacketStats, daily_rx_bytes=119233875, daily_rx_packets=95452, daily_tx_bytes=7654186, daily_tx_packets=45808
03-06 17:14:48.210  8232 12595 I AmazonAppstore.AccountSummaryProviderImpl: isAccountPrepared(null) - using H:e8899180f772a4084e0cec6a435f2fa6
03-06 17:14:48.210  8232 12595 I AmazonAppstore.AccountSummaryProviderImpl: isAccountPrepared() - using H:e8899180f772a4084e0cec6a435f2fa6, returning true
03-06 17:14:48.215  1433  1680 I WifiDiagsUtil: event=pingTest, TARGET_TYPE=LOCALHOST, IP=XXX
03-06 17:14:48.222  8232 12595 I AmazonAppstore.AppManagerUpdateDelegate: Sending broadcast with action=com.amazon.mas.client.locker.APP_ICON_AVAILABLE
03-06 17:14:48.224  1433  1680 I WifiDiagsUtil: event=pingsComplete, TARGET_TYPE=LOCALHOST, IP=XXX, PKTS_TX=5, PKTS_RX=5, PKT_LOSS=0.0%, AVG_TIME=1.20
03-06 17:14:48.225  1433  1680 I WifiDiagsUtil: event=pingTest, TARGET_TYPE=GATEWAY, IP=XXX, isIpv6=false
03-06 17:14:48.228  8232 12595 I AmazonAppstore.AppManagerUpdateDelegate: Insert into app_icons table for asin=ea964878de75839cc9938953b42f3c0861c7a1fa368fdd14c2d5943ee4037619 and imageType=PREVIEW
03-06 17:14:48.240 14163 14163 I m.amazon.cloud: Rejecting re-init on previously-failed class java.lang.Class<com.google.firebase.FirebaseApp$GlobalBackgroundStateListener>: java.lang.NoClassDefFoundError: Failed resolution of: Lcom/google/android/gms/common/api/internal/BackgroundDetector$BackgroundStateChangeListener;
03-06 17:14:48.240 14163 14163 I m.amazon.cloud:   at boolean com.google.firebase.provider.FirebaseInitProvider.onCreate() (FirebaseInitProvider.java:2)
03-06 17:14:48.240 14163 14163 I m.amazon.cloud:   at void android.content.ContentProvider.attachInfo(android.content.Context, android.content.pm.ProviderInfo, boolean) (ContentProvider.java:1919)
03-06 17:14:48.240 14163 14163 I m.amazon.cloud:   at void android.content.ContentProvider.attachInfo(android.content.Context, android.content.pm.ProviderInfo) (ContentProvider.java:1894)
03-06 17:14:48.240 14163 14163 I m.amazon.cloud:   at void com.google.firebase.provider.FirebaseInitProvider.attachInfo(android.content.Context, android.content.pm.ProviderInfo) (FirebaseInitProvider.java:2)
03-06 17:14:48.240 14163 14163 I m.amazon.cloud:   at android.app.ContentProviderHolder android.app.ActivityThread.installProvider(android.content.Context, android.app.ContentProviderHolder, android.content.pm.ProviderInfo, boolean, boolean, boolean) (ActivityThread.java:6462)
03-06 17:14:48.240 14163 14163 I m.amazon.cloud:   at void android.app.ActivityThread.installContentProviders(android.content.Context, java.util.List) (ActivityThread.java:6012)
03-06 17:14:48.240 14163 14163 I m.amazon.cloud:   at void android.app.ActivityThread.handleBindApplication(android.app.ActivityThread$AppBindData) (ActivityThread.java:5922)
03-06 17:14:48.240 14163 14163 I m.amazon.cloud:   at void android.app.ActivityThread.access$1100(android.app.ActivityThread, android.app.ActivityThread$AppBindData) (ActivityThread.java:207)
03-06 17:14:48.240 14163 14163 I m.amazon.cloud:   at void android.app.ActivityThread$H.handleMessage(android.os.Message) (ActivityThread.java:1659)
03-06 17:14:48.240 14163 14163 I m.amazon.cloud:   at void android.os.Handler.dispatchMessage(android.os.Message) (Handler.java:106)
03-06 17:14:48.240 14163 14163 I m.amazon.cloud:   at void android.os.Looper.loop() (Looper.java:193)
03-06 17:14:48.240 14163 14163 I m.amazon.cloud:   at void android.app.ActivityThread.main(java.lang.String[]) (ActivityThread.java:6740)
03-06 17:14:48.240 14163 14163 I m.amazon.cloud:   at java.lang.Object java.lang.reflect.Method.invoke(java.lang.Object, java.lang.Object[]) (Method.java:-2)
03-06 17:14:48.240 14163 14163 I m.amazon.cloud:   at void com.android.internal.os.RuntimeInit$MethodAndArgsCaller.run() (RuntimeInit.java:493)
03-06 17:14:48.240 14163 14163 I m.amazon.cloud:   at void com.android.internal.os.ZygoteInit.main(java.lang.String[]) (ZygoteInit.java:858)
03-06 17:14:48.240 14163 14163 I m.amazon.cloud: Caused by: java.lang.ClassNotFoundException: Didn't find class "com.google.android.gms.common.api.internal.BackgroundDetector$BackgroundStateChangeListener" on path: DexPathList[[zip file "/system/framework/com.amazon.identity.auth.device.jar", zip file "/system/priv-app/MetricsApi/MetricsApi.apk", zip file "/system/priv-app/DeviceClientPlatformContractsFramework/DeviceClientPlatformContractsFramework.apk", zip file "/system/framework/org.apache.http.legacy.boot.jar", zip file "/data/app/com.amazon.cloud9-iJTw6r4hKtmxlo7tVmfoQQ==/base.apk"],nativeLibraryDirectories=[/data/app/com.amazon.cloud9-iJTw6r4hKtmxlo7tVmfoQQ==/lib/arm, /data/app/com.amazon.cloud9-iJTw6r4hKtmxlo7tVmfoQQ==/base.apk!/lib/armeabi-v7a, /system/priv-app/MetricsApi/MetricsApi.apk!/lib/armeabi-v7a, /system/priv-app/DeviceClientPlatformContractsFramework/DeviceClientPlatformContractsFramework.apk!/lib/armeabi-v7a, /system/lib]]
03-06 17:14:48.240 14163 14163 I m.amazon.cloud:   at java.lang.Class dalvik.system.BaseDexClassLoader.findClass(java.lang.String) (BaseDexClassLoader.java:134)
03-06 17:14:48.240 14163 14163 I m.amazon.cloud:   at java.lang.Class java.lang.ClassLoader.loadClass(java.lang.String, boolean) (ClassLoader.java:379)
03-06 17:14:48.240 14163 14163 I m.amazon.cloud:   at java.lang.Class java.lang.ClassLoader.loadClass(java.lang.String) (ClassLoader.java:312)
03-06 17:14:48.240 14163 14163 I m.amazon.cloud:   at boolean com.google.firebase.provider.FirebaseInitProvider.onCreate() (FirebaseInitProvider.java:2)
03-06 17:14:48.240 14163 14163 I m.amazon.cloud:   at void android.content.ContentProvider.attachInfo(android.content.Context, android.content.pm.ProviderInfo, boolean) (ContentProvider.java:1919)
03-06 17:14:48.240 14163 14163 I m.amazon.cloud:   at void android.content.ContentProvider.attachInfo(android.content.Context, android.content.pm.ProviderInfo) (ContentProvider.java:1894)
03-06 17:14:48.240 14163 14163 I m.amazon.cloud:   at void com.google.firebase.provider.FirebaseInitProvider.attachInfo(android.content.Context, android.content.pm.ProviderInfo) (FirebaseInitProvider.java:2)
03-06 17:14:48.240 14163 14163 I m.amazon.cloud:   at android.app.ContentProviderHolder android.app.ActivityThread.installProvider(android.content.Context, android.app.ContentProviderHolder, android.content.pm.ProviderInfo, boolean, boolean, boolean) (ActivityThread.java:6462)
03-06 17:14:48.240 14163 14163 I m.amazon.cloud:   at void android.app.ActivityThread.installContentProviders(android.content.Context, java.util.List) (ActivityThread.java:6012)
03-06 17:14:48.240 14163 14163 I m.amazon.cloud:   at void android.app.ActivityThread.handleBindApplication(android.app.ActivityThread$AppBindData) (ActivityThread.java:5922)
03-06 17:14:48.240 14163 14163 I m.amazon.cloud:   at void android.app.ActivityThread.access$1100(android.app.ActivityThread, android.app.ActivityThread$AppBindData) (ActivityThread.java:207)
03-06 17:14:48.240 14163 14163 I m.amazon.cloud:   at void android.app.ActivityThread$H.handleMessage(android.os.Message) (ActivityThread.java:1659)
03-06 17:14:48.240 14163 14163 I m.amazon.cloud:   at void android.os.Handler.dispatchMessage(android.os.Message) (Handler.java:106)
03-06 17:14:48.240 14163 14163 I m.amazon.cloud:   at void android.os.Looper.loop() (Looper.java:193)
03-06 17:14:48.240 14163 14163 I m.amazon.cloud:   at void android.app.ActivityThread.main(java.lang.String[]) (ActivityThread.java:6740)
03-06 17:14:48.240 14163 14163 I m.amazon.cloud:   at java.lang.Object java.lang.reflect.Method.invoke(java.lang.Object, java.lang.Object[]) (Method.java:-2)
03-06 17:14:48.240 14163 14163 I m.amazon.cloud:   at void com.android.internal.os.RuntimeInit$MethodAndArgsCaller.run() (RuntimeInit.java:493)
03-06 17:14:48.240 14163 14163 I m.amazon.cloud:   at void com.android.internal.os.ZygoteInit.main(java.lang.String[]) (ZygoteInit.java:858)
03-06 17:14:48.241 14163 14163 I m.amazon.cloud: 
03-06 17:14:48.242 14163 14163 I m.amazon.cloud: Rejecting re-init on previously-failed class java.lang.Class<com.google.firebase.FirebaseApp$GlobalBackgroundStateListener>: java.lang.NoClassDefFoundError: Failed resolution of: Lcom/google/android/gms/common/api/internal/BackgroundDetector$BackgroundStateChangeListener;
03-06 17:14:48.242 14163 14163 I m.amazon.cloud:   at boolean com.google.firebase.provider.FirebaseInitProvider.onCreate() (FirebaseInitProvider.java:2)
03-06 17:14:48.242 14163 14163 I m.amazon.cloud:   at void android.content.ContentProvider.attachInfo(android.content.Context, android.content.pm.ProviderInfo, boolean) (ContentProvider.java:1919)
03-06 17:14:48.242 14163 14163 I m.amazon.cloud:   at void android.content.ContentProvider.attachInfo(android.content.Context, android.content.pm.ProviderInfo) (ContentProvider.java:1894)
03-06 17:14:48.242 14163 14163 I m.amazon.cloud:   at void com.google.firebase.provider.FirebaseInitProvider.attachInfo(android.content.Context, android.content.pm.ProviderInfo) (FirebaseInitProvider.java:2)
03-06 17:14:48.242 14163 14163 I m.amazon.cloud:   at android.app.ContentProviderHolder android.app.ActivityThread.installProvider(android.content.Context, android.app.ContentProviderHolder, android.content.pm.ProviderInfo, boolean, boolean, boolean) (ActivityThread.java:6462)
03-06 17:14:48.242 14163 14163 I m.amazon.cloud:   at void android.app.ActivityThread.installContentProviders(android.content.Context, java.util.List) (ActivityThread.java:6012)
03-06 17:14:48.242 14163 14163 I m.amazon.cloud:   at void android.app.ActivityThread.handleBindApplication(android.app.ActivityThread$AppBindData) (ActivityThread.java:5922)
03-06 17:14:48.242 14163 14163 I m.amazon.cloud:   at void android.app.ActivityThread.access$1100(android.app.ActivityThread, android.app.ActivityThread$AppBindData) (ActivityThread.java:207)
03-06 17:14:48.242 14163 14163 I m.amazon.cloud:   at void android.app.ActivityThread$H.handleMessage(android.os.Message) (ActivityThread.java:1659)
03-06 17:14:48.242 14163 14163 I m.amazon.cloud:   at void android.os.Handler.dispatchMessage(android.os.Message) (Handler.java:106)
03-06 17:14:48.242 14163 14163 I m.amazon.cloud:   at void android.os.Looper.loop() (Looper.java:193)
03-06 17:14:48.242 14163 14163 I m.amazon.cloud:   at void android.app.ActivityThread.main(java.lang.String[]) (ActivityThread.java:6740)
03-06 17:14:48.242 14163 14163 I m.amazon.cloud:   at java.lang.Object java.lang.reflect.Method.invoke(java.lang.Object, java.lang.Object[]) (Method.java:-2)
03-06 17:14:48.242 14163 14163 I m.amazon.cloud:   at void com.android.internal.os.RuntimeInit$MethodAndArgsCaller.run() (RuntimeInit.java:493)
03-06 17:14:48.242 14163 14163 I m.amazon.cloud:   at void com.android.internal.os.ZygoteInit.main(java.lang.String[]) (ZygoteInit.java:858)
03-06 17:14:48.242 14163 14163 I m.amazon.cloud: Caused by: java.lang.ClassNotFoundException: Didn't find class "com.google.android.gms.common.api.internal.BackgroundDetector$BackgroundStateChangeListener" on path: DexPathList[[zip file "/system/framework/com.amazon.identity.auth.device.jar", zip file "/system/priv-app/MetricsApi/MetricsApi.apk", zip file "/system/priv-app/DeviceClientPlatformContractsFramework/DeviceClientPlatformContractsFramework.apk", zip file "/system/framework/org.apache.http.legacy.boot.jar", zip file "/data/app/com.amazon.cloud9-iJTw6r4hKtmxlo7tVmfoQQ==/base.apk"],nativeLibraryDirectories=[/data/app/com.amazon.cloud9-iJTw6r4hKtmxlo7tVmfoQQ==/lib/arm, /data/app/com.amazon.cloud9-iJTw6r4hKtmxlo7tVmfoQQ==/base.apk!/lib/armeabi-v7a, /system/priv-app/MetricsApi/MetricsApi.apk!/lib/armeabi-v7a, /system/priv-app/DeviceClientPlatformContractsFramework/DeviceClientPlatformContractsFramework.apk!/lib/armeabi-v7a, /system/lib]]
03-06 17:14:48.242 14163 14163 I m.amazon.cloud:   at java.lang.Class dalvik.system.BaseDexClassLoader.findClass(java.lang.String) (BaseDexClassLoader.java:134)
03-06 17:14:48.242 14163 14163 I m.amazon.cloud:   at java.lang.Class java.lang.ClassLoader.loadClass(java.lang.String, boolean) (ClassLoader.java:379)
03-06 17:14:48.242 14163 14163 I m.amazon.cloud:   at java.lang.Class java.lang.ClassLoader.loadClass(java.lang.String) (ClassLoader.java:312)
03-06 17:14:48.242 14163 14163 I m.amazon.cloud:   at boolean com.google.firebase.provider.FirebaseInitProvider.onCreate() (FirebaseInitProvider.java:2)
03-06 17:14:48.242 14163 14163 I m.amazon.cloud:   at void android.content.ContentProvider.attachInfo(android.content.Context, android.content.pm.ProviderInfo, boolean) (ContentProvider.java:1919)
03-06 17:14:48.242 14163 14163 I m.amazon.cloud:   at void android.content.ContentProvider.attachInfo(android.content.Context, android.content.pm.ProviderInfo) (ContentProvider.java:1894)
03-06 17:14:48.242 14163 14163 I m.amazon.cloud:   at void com.google.firebase.provider.FirebaseInitProvider.attachInfo(android.content.Context, android.content.pm.ProviderInfo) (FirebaseInitProvider.java:2)
03-06 17:14:48.242 14163 14163 I m.amazon.cloud:   at android.app.ContentProviderHolder android.app.ActivityThread.installProvider(android.content.Context, android.app.ContentProviderHolder, android.content.pm.ProviderInfo, boolean, boolean, boolean) (ActivityThread.java:6462)
03-06 17:14:48.242 14163 14163 I m.amazon.cloud:   at void android.app.ActivityThread.installContentProviders(android.content.Context, java.util.List) (ActivityThread.java:6012)
03-06 17:14:48.242 14163 14163 I m.amazon.cloud:   at void android.app.ActivityThread.handleBindApplication(android.app.ActivityThread$AppBindData) (ActivityThread.java:5922)
03-06 17:14:48.242 14163 14163 I m.amazon.cloud:   at void android.app.ActivityThread.access$1100(android.app.ActivityThread, android.app.ActivityThread$AppBindData) (ActivityThread.java:207)
03-06 17:14:48.242 14163 14163 I m.amazon.cloud:   at void android.app.ActivityThread$H.handleMessage(android.os.Message) (ActivityThread.java:1659)
03-06 17:14:48.242 14163 14163 I m.amazon.cloud:   at void android.os.Handler.dispatchMessage(android.os.Message) (Handler.java:106)
03-06 17:14:48.242 14163 14163 I m.amazon.cloud:   at void android.os.Looper.loop() (Looper.java:193)
03-06 17:14:48.242 14163 14163 I m.amazon.cloud:   at void android.app.ActivityThread.main(java.lang.String[]) (ActivityThread.java:6740)
03-06 17:14:48.242 14163 14163 I m.amazon.cloud:   at java.lang.Object java.lang.reflect.Method.invoke(java.lang.Object, java.lang.Object[]) (Method.java:-2)
03-06 17:14:48.243 14163 14163 I m.amazon.cloud:   at void com.android.internal.os.RuntimeInit$MethodAndArgsCaller.run() (RuntimeInit.java:493)
03-06 17:14:48.243 14163 14163 I m.amazon.cloud:   at void com.android.internal.os.ZygoteInit.main(java.lang.String[]) (ZygoteInit.java:858)
03-06 17:14:48.243 14163 14163 I m.amazon.cloud: 
03-06 17:14:48.253  1433  1680 I WifiDiagsUtil: event=pingsComplete, TARGET_TYPE=GATEWAY, IP=XXX, PKTS_TX=5, PKTS_RX=5, PKT_LOSS=0.0%, AVG_TIME=5.54
03-06 17:14:48.253  1433  1680 D WifiDiagsUtil: event=lumaNotEnabled
03-06 17:14:48.253  1433  1680 I WifiDiagsUtil: event=pingTest, TARGET_TYPE=NAMESERVER1, IP=XXX, isIpv6=true
03-06 17:14:48.255  8232 12595 I AmazonAppstore.AccountSummaryProviderImpl: isAccountPrepared(null) - using H:e8899180f772a4084e0cec6a435f2fa6
03-06 17:14:48.255  8232 12595 I AmazonAppstore.AccountSummaryProviderImpl: isAccountPrepared() - using H:e8899180f772a4084e0cec6a435f2fa6, returning true
03-06 17:14:48.282 14163 14163 W FirebaseApp: Default FirebaseApp failed to initialize because no default options were found. This usually means that com.google.gms:google-services was not applied to your gradle project.
03-06 17:14:48.282 14163 14163 I FirebaseInitProvider: FirebaseApp initialization unsuccessful
03-06 17:14:48.302  1433  1869 I PackageRecency: Queuing notification(s) to package for ActivityInfo{8532ac1 com.test.myapplication.MainActivity}
03-06 17:14:48.327  1433  1865 W ActivityManager: Slow operation: 64ms so far, now at attachApplicationLocked: after mServices.attachApplicationLocked
03-06 17:14:48.329 14163 14163 I cr_SlateApplication: Skia renderer not controlled by remote config, using default
03-06 17:14:48.361  2458 13270 I F_C.BaseCardProducerSer: Pushing 2 cards for deck GamesAppsLibraryDeck. Triggered by com.amazon.firelauncher.appmanager.APPS_ADDED
03-06 17:14:48.361  8232 12595 I AmazonAppstore.AppManagerUpdateDelegate: Insert into app_icons table for asin=ea964878de75839cc9938953b42f3c0861c7a1fa368fdd14c2d5943ee4037619 and imageType=THUMBNAIL
03-06 17:14:48.361  2458 13270 I F_C.BaseCardProducerSer: Deleting 0 cards for deck GamesAppsLibraryDeck. Triggered by com.amazon.firelauncher.appmanager.APPS_ADDED
03-06 17:14:48.361  2458 13270 I F_C.BaseCardProducerSer: Pushing 0 cards for deck LibrarySectionDeck. Triggered by com.amazon.firelauncher.appmanager.APPS_ADDED
03-06 17:14:48.361  2458 13270 I F_C.BaseCardProducerSer: Deleting 1 cards for deck LibrarySectionDeck. Triggered by com.amazon.firelauncher.appmanager.APPS_ADDED
03-06 17:14:48.361  2458 13270 I F_C.BaseCardProducerSer: Pushing 1 cards for deck LibrarySectionDeck. Triggered by com.amazon.firelauncher.appmanager.APPS_ADDED
03-06 17:14:48.361  2458 13270 I F_C.BaseCardProducerSer: Deleting 0 cards for deck LibrarySectionDeck. Triggered by com.amazon.firelauncher.appmanager.APPS_ADDED
03-06 17:14:48.362  2458 13270 I F_C.BaseCardProducerSer: Pushing 6 cards for deck UpNextDeck. Triggered by com.amazon.firelauncher.appmanager.APPS_ADDED
03-06 17:14:48.362  2458 13270 I F_C.BaseCardProducerSer: Deleting 0 cards for deck UpNextDeck. Triggered by com.amazon.firelauncher.appmanager.APPS_ADDED
03-06 17:14:48.378   296   296 D AudioALSAHardware: +setParameters(): continuous_audio_mode=0
03-06 17:14:48.380  1433  1507 D AmazonWindowMetrics: On window event - Package com.test.myapplication, isDreaming false, state 1, alexaMode 0
03-06 17:14:48.382   296   296 W AudioALSAHardware: setParameters(), still have param.size() = 1, remain param = "continuous_audio_mode=0"
03-06 17:14:48.382   296   296 D AudioALSAHardware: -setParameters(): continuous_audio_mode=0 
03-06 17:14:48.403  1433  1458 E AmazonProfileService: Active profile has not been set
03-06 17:14:48.405  8232 12595 I AmazonAppstore.AccountSummaryProviderImpl: isAccountPrepared(null) - using H:e8899180f772a4084e0cec6a435f2fa6
03-06 17:14:48.405  8232 12595 I AmazonAppstore.AccountSummaryProviderImpl: isAccountPrepared() - using H:e8899180f772a4084e0cec6a435f2fa6, returning true
03-06 17:14:48.417  1433  1680 I WifiDiagsUtil: event=pingsComplete, TARGET_TYPE=NAMESERVER1, IP=XXX, PKTS_TX=5, PKTS_RX=5, PKT_LOSS=0.0%, AVG_TIME=32.67
03-06 17:14:48.417  1433  1680 D WifiDiagsUtil: event=lumaNotEnabled
03-06 17:14:48.418  1433  1680 I WifiDiagsUtil: event=pingTest, TARGET_TYPE=NAMESERVER2, IP=XXX, isIpv6=true
03-06 17:14:48.430  1251  1251 E FrameEvents: updateAcquireFence: Did not find frame.
03-06 17:14:48.436  1251  1251 E FrameEvents: updateAcquireFence: Did not find frame.
03-06 17:14:48.442  2458 13270 I F_C.ProducerClientCompa: Producer com.amazon.firelauncher.fireappscardproducer at API version BrazilVersion(1.7.1697.0).
03-06 17:14:48.451  1251  1251 E FrameEvents: updateAcquireFence: Did not find frame.
03-06 17:14:48.488  1433  1563 W AmazonProfileService: Active profile for the package xxx not present for customer Id xxx
03-06 17:14:48.468  1251  1251 I chatty  : uid=1000(system) /system/bin/surfaceflinger identical 1 line
03-06 17:14:48.485  1251  1251 E FrameEvents: updateAcquireFence: Did not find frame.
03-06 17:14:48.500  1433  1680 I WifiDiagsUtil: event=pingsComplete, TARGET_TYPE=NAMESERVER2, IP=XXX, PKTS_TX=5, PKTS_RX=5, PKT_LOSS=0.0%, AVG_TIME=16.06
03-06 17:14:48.500  1433  1680 D WifiDiagsUtil: event=lumaNotEnabled
03-06 17:14:48.500  1433  1680 I WifiDiagsUtil: event=pingTest, TARGET_TYPE=NAMESERVER3, IP=XXX, isIpv6=false
03-06 17:14:48.501  1251  1251 E FrameEvents: updateAcquireFence: Did not find frame.
03-06 17:14:48.506  8232 12595 I AmazonAppstore.AppManagerUpdateDelegate: Sending broadcast with action=com.amazon.mas.client.locker.APP_ICON_AVAILABLE
03-06 17:14:48.518  1251  1251 E FrameEvents: updateAcquireFence: Did not find frame.
03-06 17:14:48.522  8232 12595 I AmazonAppstore.AppManagerUpdateDelegate: Insert into app_icons table for asin=f2de82dade945a9faac3063dec6c0019a6ded453d238d8e006983a3da5a22af1 and imageType=PREVIEW
03-06 17:14:48.535  1251  1251 E FrameEvents: updateAcquireFence: Did not find frame.
03-06 17:14:48.551  1251  1251 E FrameEvents: updateAcquireFence: Did not find frame.
03-06 17:14:48.553  8232 13806 I AmazonAppstore.BasicDeviceInspector: getDeviceType() called, isChildDeviceTypeUsed = false
03-06 17:14:48.553  8232 13806 I AmazonAppstore.BasicDeviceInspector: child device type special cases did not apply
03-06 17:14:48.563  8232 13806 W Settings: Setting android_id has moved from android.provider.Settings.System to android.provider.Settings.Secure, returning read-only value.
03-06 17:14:48.565   296  3667 W AudioALSACaptureDataClient: -read(),(Not enough data) ReadDataBytes 256!!
03-06 17:14:48.566  8232 13806 I AmazonAppstore.AccountSummaryProviderImpl: isAccountPrepared(null) - using H:e8899180f772a4084e0cec6a435f2fa6
03-06 17:14:48.566  8232 13806 I AmazonAppstore.AccountSummaryProviderImpl: isAccountPrepared() - using H:e8899180f772a4084e0cec6a435f2fa6, returning true
03-06 17:14:48.568  1251  1251 E FrameEvents: updateAcquireFence: Did not find frame.
03-06 17:14:48.577  2310  3640 I WakeWordService: DecoderID=WakeWordService_input_decoder: recognition_id=WakeWordService_input_decoder-0: Audio backlog size 537 msec exceeds warning threshold of 500 msec.
03-06 17:14:48.609  1433  1680 I WifiDiagsUtil: event=pingsComplete, TARGET_TYPE=NAMESERVER3, IP=XXX, PKTS_TX=5, PKTS_RX=5, PKT_LOSS=0.0%, AVG_TIME=21.52
03-06 17:14:48.609  1433  1680 D WifiDiagsUtil: event=lumaNotEnabled
03-06 17:14:48.609  1433  1680 I WifiDiagsUtil: event=runHttpConnectionTestStarted, host=http://tabletcaptiveportal.com/generate_204
03-06 17:14:48.623  8232 12595 I AmazonAppstore.AccountSummaryProviderImpl: isAccountPrepared(null) - using H:e8899180f772a4084e0cec6a435f2fa6
03-06 17:14:48.623  8232 12595 I AmazonAppstore.AccountSummaryProviderImpl: isAccountPrepared() - using H:e8899180f772a4084e0cec6a435f2fa6, returning true
03-06 17:14:48.641  1251  1545 E BufferQueueProducer: [com.amazon.firelauncher/com.amazon.firelauncher.Launcher#0] disconnect: not connected (req=1)
03-06 17:14:48.643  2458  2822 W libEGL  : EGLNativeWindowType 0x93d2f808 disconnect failed
03-06 17:14:48.650  8232 12595 I AmazonAppstore.AppManagerUpdateDelegate: Insert into app_icons table for asin=f2de82dade945a9faac3063dec6c0019a6ded453d238d8e006983a3da5a22af1 and imageType=THUMBNAIL
03-06 17:14:48.646  8232 14214 I AmazonAppstore.ForYouSyncAdapter: Foryou: android.intent.action.PACKAGE_REMOVED
03-06 17:14:48.655 14163 14202 W m.amazon.cloud: Verification of void org.chromium.chrome.browser.app.ChromeActivity.initializeCompositorContent(org.chromium.chrome.browser.compositor.layouts.LayoutManagerImpl, android.view.View, android.view.ViewGroup, org.chromium.chrome.browser.toolbar.ControlContainer) took 172.642ms
03-06 17:14:48.663  8232 12595 I AmazonAppstore.AccountSummaryProviderImpl: isAccountPrepared(null) - using H:e8899180f772a4084e0cec6a435f2fa6
03-06 17:14:48.663  8232 12595 I AmazonAppstore.AccountSummaryProviderImpl: isAccountPrepared() - using H:e8899180f772a4084e0cec6a435f2fa6, returning true
03-06 17:14:48.671  8232 12595 I AmazonAppstore.AppManagerUpdateDelegate: Sending broadcast with action=com.amazon.mas.client.locker.APP_ICON_AVAILABLE
03-06 17:14:48.673  8232 12595 I AmazonAppstore.AppManagerUpdateDelegate: Insert into app_icons table for asin=b611984b849af8398f3d95b6e9677b6df8636d63360acd0539e22ff51d8628b1 and imageType=PREVIEW
03-06 17:14:48.675  8232 12595 I AmazonAppstore.AccountSummaryProviderImpl: isAccountPrepared(null) - using H:e8899180f772a4084e0cec6a435f2fa6
03-06 17:14:48.675  8232 12595 I AmazonAppstore.AccountSummaryProviderImpl: isAccountPrepared() - using H:e8899180f772a4084e0cec6a435f2fa6, returning true
03-06 17:14:48.690  8232 12595 I AmazonAppstore.AppManagerUpdateDelegate: Insert into app_icons table for asin=b611984b849af8398f3d95b6e9677b6df8636d63360acd0539e22ff51d8628b1 and imageType=THUMBNAIL
03-06 17:14:48.698  8232 12595 I AmazonAppstore.AccountSummaryProviderImpl: isAccountPrepared(null) - using H:e8899180f772a4084e0cec6a435f2fa6
03-06 17:14:48.698  8232 12595 I AmazonAppstore.AccountSummaryProviderImpl: isAccountPrepared() - using H:e8899180f772a4084e0cec6a435f2fa6, returning true
03-06 17:14:48.731 14163 14163 I ...h.device.api.MAPInit: Initializing MAP (130050002 / MAPAndroidLib-1.3.169.0) for app com.amazon.cloud9. MAP release version: 20210930P
03-06 17:14:48.749 14163 14163 W ...cloud9/MetricsHelper: ThirdParty DCP metrics not supported
03-06 17:14:48.756  1433  3591 I ActivityManager: Process com.amazon.sync.service (pid 13190) has died: cch+3CEM 
03-06 17:14:48.756  2458 13270 I F_C.ProducerClientCompa: Connected to ServerInfo(CDA Version: BrazilVersion(1.4.1356.0), Min. Producer: BrazilVersion(1.0), Delete All: true)
03-06 17:14:48.757  1433  1453 W libprocessgroup: kill(-13190, 9) failed: No such process
03-06 17:14:48.759  1255  1255 I Zygote  : Process 13190 exited due to signal (9)
03-06 17:14:48.770 14163 14163 I ...ures.FeatureSetCache: Caching feature IsolateApplication as false
03-06 17:14:48.771 14163 14163 I ...cloud9/MetricsHelper: FireOS DCP metrics is supported
03-06 17:14:48.772 14163 14163 I ...cloud9/MetricsHelper: Using the FireOSPlatformDCPMetricsCollector
03-06 17:14:48.775  2470  3256 I MinervaServiceManager: com.amazon.minerva.service.IonMetricEvent@c112422
03-06 17:14:48.787 14163 14163 V MetricsServiceConnection: getService : Sent explicit intent to bind to metrics service. Service will be bound asynchronously.
03-06 17:14:48.788 14163 14163 D AndroidMetricsFactoryImpl: shouldRecordMetrics : First time check recordMetricsSetting
03-06 17:14:48.788 14163 14163 D MetricsServiceWrapper: getRecordMetricsSetting : metrics service is not yet registed with the ServiceManager, use default record Metrics setting: true.
03-06 17:14:48.788 14163 14163 D AndroidMetricsFactoryImpl: shouldRecordMetrics : lastRecordSettingReadTime after IPC call getRecordMetricsSetting : 1646615688788
03-06 17:14:48.800 14163 14163 W MetricsServiceWrapper: record : MetricsService not yet bound. Buffering MetricRecord. Program=com.amazon.cloud9 Source=MAPInit:initialize
03-06 17:14:48.801  1433  1453 W libprocessgroup: kill(-13190, 9) failed: No such process
03-06 17:14:48.801  1433  1453 I libprocessgroup: Successfully killed process cgroup uid 10027 pid 13190 in 44ms
